Component: ARM Compiler 5.06 update 1 (build 61) Tool: armlink [4d35a8]

==============================================================================

Section Cross References

    main.o(i.BEEP_Init) refers to main.o(i.nrf_gpio_cfg_output) for nrf_gpio_cfg_output
    main.o(i.assert_nrf_callback) refers to app_error_handler_keil.o(.emb_text) for app_error_handler
    main.o(i.ble_evt_handler) refers to nrf_log_frontend.o(i.nrf_log_frontend_std_0) for nrf_log_frontend_std_0
    main.o(i.ble_evt_handler) refers to bsp.o(i.bsp_indication_set) for bsp_indication_set
    main.o(i.ble_evt_handler) refers to app_error.o(i.app_error_handler_bare) for app_error_handler_bare
    main.o(i.ble_evt_handler) refers to nrf_ble_qwr.o(i.nrf_ble_qwr_conn_handle_assign) for nrf_ble_qwr_conn_handle_assign
    main.o(i.ble_evt_handler) refers to main.o(.data) for .data
    main.o(i.ble_evt_handler) refers to nrf_log_frontend.o(log_dynamic_data) for m_nrf_log_app_logs_data_dynamic
    main.o(i.ble_evt_handler) refers to main.o(.bss) for .bss
    main.o(i.ble_send) refers to ble_nus.o(i.ble_nus_data_send) for ble_nus_data_send
    main.o(i.ble_send) refers to app_error.o(i.app_error_handler_bare) for app_error_handler_bare
    main.o(i.ble_send) refers to main.o(.data) for .data
    main.o(i.bsp_event_handler) refers to main.o(i.sleep_mode_enter) for sleep_mode_enter
    main.o(i.bsp_event_handler) refers to app_error.o(i.app_error_handler_bare) for app_error_handler_bare
    main.o(i.bsp_event_handler) refers to ble_advertising.o(i.ble_advertising_restart_without_whitelist) for ble_advertising_restart_without_whitelist
    main.o(i.bsp_event_handler) refers to main.o(i.nrf_gpio_pin_toggle) for nrf_gpio_pin_toggle
    main.o(i.bsp_event_handler) refers to main.o(i.flash_write) for flash_write
    main.o(i.bsp_event_handler) refers to main.o(i.flash_read) for flash_read
    main.o(i.bsp_event_handler) refers to main.o(.data) for .data
    main.o(i.bsp_event_handler) refers to main.o(.bss) for .bss
    main.o(i.conn_params_error_handler) refers to app_error.o(i.app_error_handler_bare) for app_error_handler_bare
    main.o(i.flash_read) refers to w25q16.o(i.SpiFlash_Read) for SpiFlash_Read
    main.o(i.flash_read) refers to nrf_log_frontend.o(i.nrf_log_frontend_std_0) for nrf_log_frontend_std_0
    main.o(i.flash_read) refers to nrf_log_frontend.o(i.nrf_log_frontend_std_1) for nrf_log_frontend_std_1
    main.o(i.flash_read) refers to main.o(.data) for .data
    main.o(i.flash_read) refers to nrf_log_frontend.o(log_dynamic_data) for m_nrf_log_app_logs_data_dynamic
    main.o(i.flash_write) refers to w25q16.o(i.SPIFlash_Erase_Sector) for SPIFlash_Erase_Sector
    main.o(i.flash_write) refers to w25q16.o(i.SpiFlash_Write_Page) for SpiFlash_Write_Page
    main.o(i.flash_write) refers to nrf_log_frontend.o(i.nrf_log_frontend_std_0) for nrf_log_frontend_std_0
    main.o(i.flash_write) refers to nrf_log_frontend.o(i.nrf_log_frontend_std_1) for nrf_log_frontend_std_1
    main.o(i.flash_write) refers to main.o(.data) for .data
    main.o(i.flash_write) refers to nrf_log_frontend.o(log_dynamic_data) for m_nrf_log_app_logs_data_dynamic
    main.o(i.gatt_evt_handler) refers to nrf_log_frontend.o(i.nrf_log_frontend_std_2) for nrf_log_frontend_std_2
    main.o(i.gatt_evt_handler) refers to main.o(.data) for .data
    main.o(i.gatt_evt_handler) refers to nrf_log_frontend.o(log_dynamic_data) for m_nrf_log_app_logs_data_dynamic
    main.o(i.gatt_init) refers to nrf_ble_gatt.o(i.nrf_ble_gatt_init) for nrf_ble_gatt_init
    main.o(i.gatt_init) refers to app_error.o(i.app_error_handler_bare) for app_error_handler_bare
    main.o(i.gatt_init) refers to nrf_ble_gatt.o(i.nrf_ble_gatt_att_mtu_periph_set) for nrf_ble_gatt_att_mtu_periph_set
    main.o(i.gatt_init) refers to main.o(i.gatt_evt_handler) for gatt_evt_handler
    main.o(i.gatt_init) refers to main.o(.bss) for .bss
    main.o(i.main) refers to main.o(i.oled_init) for oled_init
    main.o(i.main) refers to memcpya.o(.text) for __aeabi_memcpy4
    main.o(i.main) refers to app_uart_fifo.o(i.app_uart_init) for app_uart_init
    main.o(i.main) refers to app_error.o(i.app_error_handler_bare) for app_error_handler_bare
    main.o(i.main) refers to main.o(i.nrf_gpio_cfg_output) for nrf_gpio_cfg_output
    main.o(i.main) refers to nrf_log_frontend.o(i.nrf_log_init) for nrf_log_init
    main.o(i.main) refers to nrf_log_default_backends.o(i.nrf_log_default_backends_init) for nrf_log_default_backends_init
    main.o(i.main) refers to app_timer.o(i.app_timer_init) for app_timer_init
    main.o(i.main) refers to bsp.o(i.bsp_init) for bsp_init
    main.o(i.main) refers to bsp_btn_ble.o(i.bsp_btn_ble_init) for bsp_btn_ble_init
    main.o(i.main) refers to w25q16.o(i.hal_spi_init) for hal_spi_init
    main.o(i.main) refers to nrf_pwr_mgmt.o(i.nrf_pwr_mgmt_init) for nrf_pwr_mgmt_init
    main.o(i.main) refers to nrf_sdh.o(i.nrf_sdh_enable_request) for nrf_sdh_enable_request
[...]
    sdh_req_observers1$$Base                  - Undefined Reference
    sdh_req_observers1$$Limit                 - Undefined Reference
    sdh_stack_observers1$$Base                - Undefined Reference
    sdh_stack_observers1$$Limit               - Undefined Reference
    sdh_state_observers1$$Base                - Undefined Reference
    sdh_state_observers1$$Limit               - Undefined Reference
    __Vectors_Size                           0x00000400   Number         0  arm_startup_nrf52.o ABSOLUTE
    __Vectors                                0x00026000   Data           4  arm_startup_nrf52.o(RESET)
    __Vectors_End                            0x00026400   Data           0  arm_startup_nrf52.o(RESET)
    __main                                   0x00026401   Thumb Code     0  entry.o(.ARM.Collect$$$$00000000)
    _main_stk                                0x00026401   Thumb Code     0  entry2.o(.ARM.Collect$$$$00000001)
    _main_scatterload                        0x00026405   Thumb Code     0  entry5.o(.ARM.Collect$$$$00000004)
    __main_after_scatterload                 0x00026409   Thumb Code     0  entry5.o(.ARM.Collect$$$$00000004)
    _main_clock                              0x00026409   Thumb Code     0  entry7b.o(.ARM.Collect$$$$00000008)
    _main_cpp_init                           0x00026409   Thumb Code     0  entry8b.o(.ARM.Collect$$$$0000000A)
    _main_init                               0x00026409   Thumb Code     0  entry9a.o(.ARM.Collect$$$$0000000B)
    __rt_final_cpp                           0x00026411   Thumb Code     0  entry10a.o(.ARM.Collect$$$$0000000D)
    __rt_final_exit                          0x00026411   Thumb Code     0  entry11a.o(.ARM.Collect$$$$0000000F)
    __asm___12_nrf_atfifo_c_51f461e1__nrf_atfifo_wspace_req 0x00026415   Thumb Code    56  nrf_atfifo.o(.emb_text)
    __asm___12_nrf_atfifo_c_51f461e1__nrf_atfifo_wspace_close 0x0002644d   Thumb Code    18  nrf_atfifo.o(.emb_text)
    __asm___12_nrf_atfifo_c_51f461e1__nrf_atfifo_rspace_req 0x0002645f   Thumb Code    58  nrf_atfifo.o(.emb_text)
    __asm___12_nrf_atfifo_c_51f461e1__nrf_atfifo_rspace_close 0x00026499   Thumb Code    18  nrf_atfifo.o(.emb_text)
    __asm___12_nrf_atfifo_c_51f461e1__nrf_atfifo_space_clear 0x000264ab   Thumb Code    50  nrf_atfifo.o(.emb_text)
    __asm___12_nrf_atomic_c_85ca2469__nrf_atomic_internal_mov 0x000264dd   Thumb Code    24  nrf_atomic.o(.emb_text)
    __asm___12_nrf_atomic_c_85ca2469__nrf_atomic_internal_orr 0x000264f5   Thumb Code    26  nrf_atomic.o(.emb_text)
    __asm___12_nrf_atomic_c_85ca2469__nrf_atomic_internal_and 0x0002650f   Thumb Code    26  nrf_atomic.o(.emb_text)
    __asm___12_nrf_atomic_c_85ca2469__nrf_atomic_internal_eor 0x00026529   Thumb Code    26  nrf_atomic.o(.emb_text)
    __asm___12_nrf_atomic_c_85ca2469__nrf_atomic_internal_add 0x00026543   Thumb Code    26  nrf_atomic.o(.emb_text)
    __asm___12_nrf_atomic_c_85ca2469__nrf_atomic_internal_sub 0x0002655d   Thumb Code    26  nrf_atomic.o(.emb_text)
    __asm___12_nrf_atomic_c_85ca2469__nrf_atomic_internal_cmp_exch 0x00026577   Thumb Code    42  nrf_atomic.o(.emb_text)
    __asm___12_nrf_atomic_c_85ca2469__nrf_atomic_internal_sub_hs 0x000265a1   Thumb Code    30  nrf_atomic.o(.emb_text)
    Reset_Handler                            0x000265c1   Thumb Code     8  arm_startup_nrf52.o(.text)
    NMI_Handler                              0x000265c9   Thumb Code     2  arm_startup_nrf52.o(.text)
    HardFault_Handler                        0x000265cb   Thumb Code     2  arm_startup_nrf52.o(.text)
    MemoryManagement_Handler                 0x000265cd   Thumb Code     2  arm_startup_nrf52.o(.text)
    BusFault_Handler                         0x000265cf   Thumb Code     2  arm_startup_nrf52.o(.text)
    UsageFault_Handler                       0x000265d1   Thumb Code     2  arm_startup_nrf52.o(.text)
    SVC_Handler                              0x000265d3   Thumb Code     2  arm_startup_nrf52.o(.text)
    DebugMonitor_Handler                     0x000265d5   Thumb Code     2  arm_startup_nrf52.o(.text)
    PendSV_Handler                           0x000265d7   Thumb Code     2  arm_startup_nrf52.o(.text)
    SysTick_Handler                          0x000265d9   Thumb Code     2  arm_startup_nrf52.o(.text)
    CCM_AAR_IRQHandler                       0x000265db   Thumb Code     0  arm_startup_nrf52.o(.text)
    COMP_LPCOMP_IRQHandler                   0x000265db   Thumb Code     0  arm_startup_nrf52.o(.text)
    ECB_IRQHandler                           0x000265db   Thumb Code     0  arm_startup_nrf52.o(.text)
    FPU_IRQHandler                           0x000265db   Thumb Code     0  arm_startup_nrf52.o(.text)
    I2S_IRQHandler                           0x000265db   Thumb Code     0  arm_startup_nrf52.o(.text)
    MWU_IRQHandler                           0x000265db   Thumb Code     0  arm_startup_nrf52.o(.text)
    NFCT_IRQHandler                          0x000265db   Thumb Code     0  arm_startup_nrf52.o(.text)
    PDM_IRQHandler                           0x000265db   Thumb Code     0  arm_startup_nrf52.o(.text)
    PWM0_IRQHandler                          0x000265db   Thumb Code     0  arm_startup_nrf52.o(.text)
    PWM1_IRQHandler                          0x000265db   Thumb Code     0  arm_startup_nrf52.o(.text)
    PWM2_IRQHandler                          0x000265db   Thumb Code     0  arm_startup_nrf52.o(.text)
    QDEC_IRQHandler                          0x000265db   Thumb Code     0  arm_startup_nrf52.o(.text)
    RADIO_IRQHandler                         0x000265db   Thumb Code     0  arm_startup_nrf52.o(.text)
    RNG_IRQHandler                           0x000265db   Thumb Code     0  arm_startup_nrf52.o(.text)
    RTC0_IRQHandler                          0x000265db   Thumb Code     0  arm_startup_nrf52.o(.text)
    RTC2_IRQHandler                          0x000265db   Thumb Code     0  arm_startup_nrf52.o(.text)
    SAADC_IRQHandler                         0x000265db   Thumb Code     0  arm_startup_nrf52.o(.text)
    SPIM1_SPIS1_TWIM1_TWIS1_SPI1_TWI1_IRQHandler 0x000265db   Thumb Code     0  arm_startup_nrf52.o(.text)
    SPIM2_SPIS2_SPI2_IRQHandler              0x000265db   Thumb Code     0  arm_startup_nrf52.o(.text)
    SWI1_EGU1_IRQHandler                     0x000265db   Thumb Code     0  arm_startup_nrf52.o(.text)
    SWI3_EGU3_IRQHandler                     0x000265db   Thumb Code     0  arm_startup_nrf52.o(.text)
    SWI4_EGU4_IRQHandler                     0x000265db   Thumb Code     0  arm_startup_nrf52.o(.text)
    SWI5_EGU5_IRQHandler                     0x000265db   Thumb Code     0  arm_startup_nrf52.o(.text)
    TEMP_IRQHandler                          0x000265db   Thumb Code     0  arm_startup_nrf52.o(.text)
    TIMER0_IRQHandler                        0x000265db   Thumb Code     0  arm_startup_nrf52.o(.text)
    TIMER1_IRQHandler                        0x000265db   Thumb Code     0  arm_startup_nrf52.o(.text)
    TIMER2_IRQHandler                        0x000265db   Thumb Code     0  arm_startup_nrf52.o(.text)
    TIMER3_IRQHandler                        0x000265db   Thumb Code     0  arm_startup_nrf52.o(.text)
    TIMER4_IRQHandler                        0x000265db   Thumb Code     0  arm_startup_nrf52.o(.text)
    WDT_IRQHandler                           0x000265db   Thumb Code     0  arm_startup_nrf52.o(.text)
    __aeabi_uldivmod                         0x000265e5   Thumb Code    98  uldiv.o(.text)
    __aeabi_llsl                             0x00026647   Thumb Code    30  llshl.o(.text)
    _ll_shift_l                              0x00026647   Thumb Code     0  llshl.o(.text)
    __rt_ctype_table                         0x00026665   Thumb Code     4  ctype_o.o(.text)
    __aeabi_memcpy                           0x0002666d   Thumb Code    36  memcpya.o(.text)
    __aeabi_memcpy4                          0x0002666d   Thumb Code     0  memcpya.o(.text)
    __aeabi_memcpy8                          0x0002666d   Thumb Code     0  memcpya.o(.text)
    __aeabi_memset                           0x00026691   Thumb Code    14  memseta.o(.text)
    __aeabi_memset4                          0x00026691   Thumb Code     0  memseta.o(.text)
    __aeabi_memset8                          0x00026691   Thumb Code     0  memseta.o(.text)
    __aeabi_memclr                           0x0002669f   Thumb Code     4  memseta.o(.text)
    __aeabi_memclr4                          0x0002669f   Thumb Code     0  memseta.o(.text)
    __aeabi_memclr8                          0x0002669f   Thumb Code     0  memseta.o(.text)
    _memset$wrapper                          0x000266a3   Thumb Code    18  memseta.o(.text)
    strlen                                   0x000266b5   Thumb Code    14  strlen.o(.text)
    strcpy                                   0x000266c3   Thumb Code    18  strcpy.o(.text)
    __aeabi_llsr                             0x000266d5   Thumb Code    32  llushr.o(.text)
    _ll_ushift_r                             0x000266d5   Thumb Code     0  llushr.o(.text)
    __scatterload                            0x000266f5   Thumb Code    28  init.o(.text)
    __scatterload_rt2                        0x000266f5   Thumb Code     0  init.o(.text)
    __decompress                             0x00026719   Thumb Code     0  __dczerorl2.o(.text)
    __decompress1                            0x00026719   Thumb Code    86  __dczerorl2.o(.text)
    GPIOTE_IRQHandler                        0x00026771   Thumb Code   346  nrfx_gpiote.o(i.GPIOTE_IRQHandler)
    LCD_DLY_ms                               0x000268d5   Thumb Code    28  oled.o(i.LCD_DLY_ms)
    LCD_Fill                                 0x000268f5   Thumb Code    56  oled.o(i.LCD_Fill)
    LCD_Init                                 0x0002692d   Thumb Code   212  oled.o(i.LCD_Init)
    LCD_P8x16Str                             0x00026a01   Thumb Code   124  oled.o(i.LCD_P8x16Str)
    LCD_Set_Pos                              0x00026a81   Thumb Code    38  oled.o(i.LCD_Set_Pos)
    LCD_WrCmd                                0x00026aa7   Thumb Code    56  oled.o(i.LCD_WrCmd)
    LCD_WrDat                                0x00026adf   Thumb Code    56  oled.o(i.LCD_WrDat)
    POWER_CLOCK_IRQHandler                   0x00026b79   Thumb Code    82  nrfx_clock.o(i.POWER_CLOCK_IRQHandler)
    RTC1_IRQHandler                          0x00026bd1   Thumb Code    32  app_timer.o(i.RTC1_IRQHandler)
    SEGGER_RTT_Init                          0x00026bf5   Thumb Code     4  segger_rtt.o(i.SEGGER_RTT_Init)
    SEGGER_RTT_WriteNoLock                   0x00026bf9   Thumb Code    86  segger_rtt.o(i.SEGGER_RTT_WriteNoLock)
    SPIFlash_Erase_Sector                    0x00026c55   Thumb Code    82  w25q16.o(i.SPIFlash_Erase_Sector)
    SPIM0_SPIS0_TWIM0_TWIS0_SPI0_TWI0_IRQHandler 0x00026cb5   Thumb Code    76  nrfx_spim.o(i.SPIM0_SPIS0_TWIM0_TWIS0_SPI0_TWI0_IRQHandler)
    SWI0_EGU0_IRQHandler                     0x00026d09   Thumb Code     4  app_timer.o(i.SWI0_EGU0_IRQHandler)
    SWI2_EGU2_IRQHandler                     0x00026d0d   Thumb Code     4  nrf_sdh.o(i.SWI2_EGU2_IRQHandler)
    SpiFlash_Read                            0x00026d11   Thumb Code    72  w25q16.o(i.SpiFlash_Read)
    SpiFlash_WriteOneByte                    0x00026d69   Thumb Code    40  w25q16.o(i.SpiFlash_WriteOneByte)
    SpiFlash_Write_Enable                    0x00026d9d   Thumb Code    22  w25q16.o(i.SpiFlash_Write_Enable)
    SpiFlash_Write_Page                      0x00026db9   Thumb Code    82  w25q16.o(i.SpiFlash_Write_Page)
    SystemInit                               0x00026e1d   Thumb Code   566  system_nrf52.o(i.SystemInit)
    UARTE0_UART0_IRQHandler                  0x00027089   Thumb Code     6  nrfx_prs.o(i.UARTE0_UART0_IRQHandler)
    __0printf$bare                           0x000271b1   Thumb Code     8  printfb.o(i.__0printf$bare)
    __1printf$bare                           0x000271b1   Thumb Code     0  printfb.o(i.__0printf$bare)
    __2printf                                0x000271b1   Thumb Code     0  printfb.o(i.__0printf$bare)
    __scatterload_copy                       0x000271c1   Thumb Code    14  handlers.o(i.__scatterload_copy)
    __scatterload_null                       0x000271cf   Thumb Code     2  handlers.o(i.__scatterload_null)
    __scatterload_zeroinit                   0x000271d1   Thumb Code    14  handlers.o(i.__scatterload_zeroinit)
    app_button_enable                        0x000272c9   Thumb Code    32  app_button.o(i.app_button_enable)
    app_button_init                          0x000272ed   Thumb Code   102  app_button.o(i.app_button_init)
    app_error_fault_handler                  0x00027365   Thumb Code    84  app_error_weak.o(i.app_error_fault_handler)
    app_error_handler_bare                   0x000273e1   Thumb Code    22  app_error.o(i.app_error_handler_bare)
    app_fifo_get                             0x000273f7   Thumb Code    22  app_fifo.o(i.app_fifo_get)
    app_fifo_init                            0x0002740d   Thumb Code    32  app_fifo.o(i.app_fifo_init)
    app_fifo_put                             0x0002742d   Thumb Code    26  app_fifo.o(i.app_fifo_put)
    app_timer_create                         0x00027449   Thumb Code    32  app_timer.o(i.app_timer_create)
    app_timer_init                           0x0002746d   Thumb Code    70  app_timer.o(i.app_timer_init)
    app_timer_start                          0x000274c1   Thumb Code   128  app_timer.o(i.app_timer_start)
    app_timer_stop                           0x00027549   Thumb Code    26  app_timer.o(i.app_timer_stop)
    app_uart_get                             0x00027569   Thumb Code    42  app_uart_fifo.o(i.app_uart_get)
    app_uart_init                            0x0002759d   Thumb Code   148  app_uart_fifo.o(i.app_uart_init)
    app_uart_put                             0x00027641   Thumb Code    70  app_uart_fifo.o(i.app_uart_put)
    app_util_critical_region_enter           0x00027695   Thumb Code    64  app_util_platform.o(i.app_util_critical_region_enter)
    app_util_critical_region_exit            0x000276dd   Thumb Code    46  app_util_platform.o(i.app_util_critical_region_exit)
    blcm_link_ctx_get                        0x00027821   Thumb Code    72  ble_link_ctx_manager.o(i.blcm_link_ctx_get)
    ble_advdata_encode                       0x00027869   Thumb Code   386  ble_advdata.o(i.ble_advdata_encode)
    ble_advdata_parse                        0x000279eb   Thumb Code    32  ble_advdata.o(i.ble_advdata_parse)
    ble_advdata_search                       0x00027a0b   Thumb Code    56  ble_advdata.o(i.ble_advdata_search)
    ble_advertising_conn_cfg_tag_set         0x00027a43   Thumb Code     6  ble_advertising.o(i.ble_advertising_conn_cfg_tag_set)
    ble_advertising_init                     0x00027a49   Thumb Code   250  ble_advertising.o(i.ble_advertising_init)
    ble_advertising_on_ble_evt               0x00027b43   Thumb Code   106  ble_advertising.o(i.ble_advertising_on_ble_evt)
    ble_advertising_on_sys_evt               0x00027bad   Thumb Code    48  ble_advertising.o(i.ble_advertising_on_sys_evt)
    ble_advertising_restart_without_whitelist 0x00027bdd   Thumb Code    58  ble_advertising.o(i.ble_advertising_restart_without_whitelist)
    ble_advertising_start                    0x00027c17   Thumb Code   566  ble_advertising.o(i.ble_advertising_start)
    ble_conn_params_init                     0x00027e4d   Thumb Code    90  ble_conn_params.o(i.ble_conn_params_init)
    ble_conn_state_conn_idx                  0x00027eb5   Thumb Code    18  ble_conn_state.o(i.ble_conn_state_conn_idx)
    ble_conn_state_valid                     0x00027ec9   Thumb Code    16  ble_conn_state.o(i.ble_conn_state_valid)
    ble_nus_data_send                        0x0002827d   Thumb Code   102  ble_nus.o(i.ble_nus_data_send)
    ble_nus_init                             0x000282e5   Thumb Code    84  ble_nus.o(i.ble_nus_init)
    ble_nus_on_ble_evt                       0x0002833d   Thumb Code   112  ble_nus.o(i.ble_nus_on_ble_evt)
    ble_srv_is_notification_enabled          0x000283ad   Thumb Code     8  ble_srv_common.o(i.ble_srv_is_notification_enabled)
    bsp_board_button_idx_to_pin              0x000283b5   Thumb Code     6  boards.o(i.bsp_board_button_idx_to_pin)
    bsp_board_button_state_get               0x000283c1   Thumb Code    28  boards.o(i.bsp_board_button_state_get)
    bsp_board_init                           0x000283e1   Thumb Code    80  boards.o(i.bsp_board_init)
    bsp_board_led_invert                     0x00028435   Thumb Code    32  boards.o(i.bsp_board_led_invert)
    bsp_board_led_off                        0x00028459   Thumb Code    10  boards.o(i.bsp_board_led_off)
    bsp_board_led_on                         0x00028469   Thumb Code    10  boards.o(i.bsp_board_led_on)
    bsp_board_led_state_get                  0x00028479   Thumb Code    28  boards.o(i.bsp_board_led_state_get)
    bsp_board_leds_off                       0x00028499   Thumb Code    18  boards.o(i.bsp_board_leds_off)
    bsp_board_leds_on                        0x000284ab   Thumb Code    18  boards.o(i.bsp_board_leds_on)
    bsp_board_pin_to_button_idx              0x000284bd   Thumb Code    30  boards.o(i.bsp_board_pin_to_button_idx)
    bsp_btn_ble_init                         0x000284e1   Thumb Code    40  bsp_btn_ble.o(i.bsp_btn_ble_init)
    bsp_btn_ble_sleep_mode_prepare           0x0002850d   Thumb Code    30  bsp_btn_ble.o(i.bsp_btn_ble_sleep_mode_prepare)
    bsp_button_is_pressed                    0x000285bd   Thumb Code    12  bsp.o(i.bsp_button_is_pressed)
    bsp_event_handler                        0x000285c9   Thumb Code   124  main.o(i.bsp_event_handler)
    bsp_event_to_button_action_assign        0x0002864d   Thumb Code    64  bsp.o(i.bsp_event_to_button_action_assign)
    bsp_indication_set                       0x00028691   Thumb Code    20  bsp.o(i.bsp_indication_set)
    bsp_init                                 0x000286a9   Thumb Code   128  bsp.o(i.bsp_init)
    bsp_wakeup_button_enable                 0x000288f5   Thumb Code     6  bsp.o(i.bsp_wakeup_button_enable)
    buffer_is_empty                          0x000289ad   Thumb Code    16  nrf_log_frontend.o(i.buffer_is_empty)
    conn_handle_list_get                     0x00028b2d   Thumb Code    62  ble_conn_state.o(i.conn_handle_list_get)
    flash_read                               0x00028e8d   Thumb Code    52  main.o(i.flash_read)
    flash_write                              0x00028ed9   Thumb Code    56  main.o(i.flash_write)
    fputc                                    0x00028f2d   Thumb Code    14  retarget.o(i.fputc)
    gatt_evt_handler                         0x00028f3d   Thumb Code    48  main.o(i.gatt_evt_handler)
    gatt_init                                0x00028f91   Thumb Code    38  main.o(i.gatt_init)
    hal_spi_init                             0x00029045   Thumb Code    58  w25q16.o(i.hal_spi_init)
    main                                     0x00029445   Thumb Code   482  main.o(i.main)
    nrf_atfifo_item_free                     0x00029851   Thumb Code    22  nrf_atfifo.o(i.nrf_atfifo_item_free)
    nrf_atfifo_item_get                      0x00029867   Thumb Code    22  nrf_atfifo.o(i.nrf_atfifo_item_get)
    nrf_atflags_clear                        0x0002987d   Thumb Code    22  nrf_atflags.o(i.nrf_atflags_clear)
    nrf_atflags_get                          0x00029893   Thumb Code    22  nrf_atflags.o(i.nrf_atflags_get)
    nrf_atflags_set                          0x000298a9   Thumb Code    20  nrf_atflags.o(i.nrf_atflags_set)
    nrf_atomic_flag_clear_fetch              0x000298bd   Thumb Code     6  nrf_atomic.o(i.nrf_atomic_flag_clear_fetch)
    nrf_atomic_flag_set                      0x000298c3   Thumb Code     6  nrf_atomic.o(i.nrf_atomic_flag_set)
    nrf_atomic_u32_add                       0x000298c9   Thumb Code    12  nrf_atomic.o(i.nrf_atomic_u32_add)
    nrf_atomic_u32_and                       0x000298d5   Thumb Code    12  nrf_atomic.o(i.nrf_atomic_u32_and)
    nrf_atomic_u32_fetch_and                 0x000298e1   Thumb Code    10  nrf_atomic.o(i.nrf_atomic_u32_fetch_and)
    nrf_atomic_u32_fetch_store               0x000298eb   Thumb Code    10  nrf_atomic.o(i.nrf_atomic_u32_fetch_store)
    nrf_atomic_u32_or                        0x000298f5   Thumb Code    12  nrf_atomic.o(i.nrf_atomic_u32_or)
    nrf_atomic_u32_sub                       0x00029901   Thumb Code    12  nrf_atomic.o(i.nrf_atomic_u32_sub)
    nrf_balloc_alloc                         0x0002990d   Thumb Code    68  nrf_balloc.o(i.nrf_balloc_alloc)
    nrf_balloc_free                          0x00029951   Thumb Code    48  nrf_balloc.o(i.nrf_balloc_free)
    nrf_balloc_init                          0x00029981   Thumb Code    48  nrf_balloc.o(i.nrf_balloc_init)
    nrf_ble_gatt_att_mtu_periph_set          0x000299d5   Thumb Code    24  nrf_ble_gatt.o(i.nrf_ble_gatt_att_mtu_periph_set)
    nrf_ble_gatt_init                        0x000299ed   Thumb Code    34  nrf_ble_gatt.o(i.nrf_ble_gatt_init)
    nrf_ble_gatt_on_ble_evt                  0x00029a11   Thumb Code   266  nrf_ble_gatt.o(i.nrf_ble_gatt_on_ble_evt)
    nrf_ble_qwr_conn_handle_assign           0x00029b59   Thumb Code    22  nrf_ble_qwr.o(i.nrf_ble_qwr_conn_handle_assign)
    nrf_ble_qwr_init                         0x00029b6f   Thumb Code    36  nrf_ble_qwr.o(i.nrf_ble_qwr_init)
    nrf_ble_qwr_on_ble_evt                   0x00029b93   Thumb Code   182  nrf_ble_qwr.o(i.nrf_ble_qwr_on_ble_evt)
    nrf_drv_clock_init                       0x00029c69   Thumb Code    48  nrf_drv_clock.o(i.nrf_drv_clock_init)
    nrf_drv_clock_lfclk_release              0x00029ca1   Thumb Code    42  nrf_drv_clock.o(i.nrf_drv_clock_lfclk_release)
    nrf_drv_spi_init                         0x00029cd1   Thumb Code    98  nrf_drv_spi.o(i.nrf_drv_spi_init)
    nrf_drv_uart_init                        0x00029d59   Thumb Code    90  nrf_drv_uart.o(i.nrf_drv_uart_init)
    nrf_fprintf                              0x00029e01   Thumb Code    26  nrf_fprintf.o(i.nrf_fprintf)
    nrf_fprintf_buffer_flush                 0x00029e1b   Thumb Code    24  nrf_fprintf.o(i.nrf_fprintf_buffer_flush)
    nrf_fprintf_fmt                          0x00029e33   Thumb Code   474  nrf_fprintf_format.o(i.nrf_fprintf_fmt)
    nrf_fstorage_is_busy                     0x0002a00d   Thumb Code    70  nrf_fstorage.o(i.nrf_fstorage_is_busy)
    nrf_fstorage_sdh_req_handler             0x0002a05d   Thumb Code    18  nrf_fstorage_sd.o(i.nrf_fstorage_sdh_req_handler)
    nrf_fstorage_sdh_state_handler           0x0002a075   Thumb Code    28  nrf_fstorage_sd.o(i.nrf_fstorage_sdh_state_handler)
    nrf_fstorage_sys_evt_handler             0x0002a095   Thumb Code   154  nrf_fstorage_sd.o(i.nrf_fstorage_sys_evt_handler)
    nrf_log_backend_add                      0x0002a335   Thumb Code    74  nrf_log_frontend.o(i.nrf_log_backend_add)
    nrf_log_backend_rtt_init                 0x0002a387   Thumb Code     4  nrf_log_backend_rtt.o(i.nrf_log_backend_rtt_init)
    nrf_log_backend_serial_put               0x0002a3a5   Thumb Code   200  nrf_log_backend_serial.o(i.nrf_log_backend_serial_put)
    nrf_log_color_id_get                     0x0002a46d   Thumb Code    42  nrf_log_frontend.o(i.nrf_log_color_id_get)
    nrf_log_default_backends_init            0x0002a49d   Thumb Code    22  nrf_log_default_backends.o(i.nrf_log_default_backends_init)
    nrf_log_frontend_dequeue                 0x0002a4b9   Thumb Code   510  nrf_log_frontend.o(i.nrf_log_frontend_dequeue)
    nrf_log_frontend_std_0                   0x0002a6d9   Thumb Code     8  nrf_log_frontend.o(i.nrf_log_frontend_std_0)
    nrf_log_frontend_std_1                   0x0002a6e1   Thumb Code    14  nrf_log_frontend.o(i.nrf_log_frontend_std_1)
    nrf_log_frontend_std_2                   0x0002a6ef   Thumb Code    16  nrf_log_frontend.o(i.nrf_log_frontend_std_2)
    nrf_log_hexdump_entry_process            0x0002a701   Thumb Code   146  nrf_log_str_formatter.o(i.nrf_log_hexdump_entry_process)
    nrf_log_init                             0x0002a7ad   Thumb Code    66  nrf_log_frontend.o(i.nrf_log_init)
    nrf_log_module_cnt_get                   0x0002a805   Thumb Code    10  nrf_log_frontend.o(i.nrf_log_module_cnt_get)
    nrf_log_module_name_get                  0x0002a819   Thumb Code    24  nrf_log_frontend.o(i.nrf_log_module_name_get)
    nrf_log_panic                            0x0002a835   Thumb Code    34  nrf_log_frontend.o(i.nrf_log_panic)
    nrf_log_std_entry_process                0x0002a85d   Thumb Code   182  nrf_log_str_formatter.o(i.nrf_log_std_entry_process)
    nrf_memobj_alloc                         0x0002a913   Thumb Code    96  nrf_memobj.o(i.nrf_memobj_alloc)
    nrf_memobj_free                          0x0002a973   Thumb Code    50  nrf_memobj.o(i.nrf_memobj_free)
    nrf_memobj_get                           0x0002a9a5   Thumb Code     8  nrf_memobj.o(i.nrf_memobj_get)
    nrf_memobj_pool_init                     0x0002a9ad   Thumb Code     4  nrf_memobj.o(i.nrf_memobj_pool_init)
    nrf_memobj_put                           0x0002a9b1   Thumb Code    30  nrf_memobj.o(i.nrf_memobj_put)
    nrf_memobj_read                          0x0002a9cf   Thumb Code    12  nrf_memobj.o(i.nrf_memobj_read)
    nrf_memobj_write                         0x0002a9db   Thumb Code    12  nrf_memobj.o(i.nrf_memobj_write)
    nrf_pwr_mgmt_init                        0x0002a9e9   Thumb Code    28  nrf_pwr_mgmt.o(i.nrf_pwr_mgmt_init)
    nrf_pwr_mgmt_run                         0x0002aa11   Thumb Code    64  nrf_pwr_mgmt.o(i.nrf_pwr_mgmt_run)
    nrf_sdh_ble_app_ram_start_get            0x0002aa59   Thumb Code    16  nrf_sdh_ble.o(i.nrf_sdh_ble_app_ram_start_get)
    nrf_sdh_ble_default_cfg_set              0x0002aa6d   Thumb Code   312  nrf_sdh_ble.o(i.nrf_sdh_ble_default_cfg_set)
    nrf_sdh_ble_enable                       0x0002abc1   Thumb Code   116  nrf_sdh_ble.o(i.nrf_sdh_ble_enable)
    nrf_sdh_disable_request                  0x0002ad4d   Thumb Code    80  nrf_sdh.o(i.nrf_sdh_disable_request)
    nrf_sdh_enable_request                   0x0002ada1   Thumb Code   130  nrf_sdh.o(i.nrf_sdh_enable_request)
    nrf_sdh_evts_poll                        0x0002ae31   Thumb Code    32  nrf_sdh.o(i.nrf_sdh_evts_poll)
    nrf_sdh_is_enabled                       0x0002ae55   Thumb Code     6  nrf_sdh.o(i.nrf_sdh_is_enabled)
    nrf_sdh_request_continue                 0x0002ae61   Thumb Code    22  nrf_sdh.o(i.nrf_sdh_request_continue)
    nrf_section_iter_init                    0x0002aeb9   Thumb Code    10  nrf_section_iter.o(i.nrf_section_iter_init)
    nrf_section_iter_next                    0x0002aee7   Thumb Code    32  nrf_section_iter.o(i.nrf_section_iter_next)
    nrf_strerror_find                        0x0002af11   Thumb Code    52  nrf_strerror.o(i.nrf_strerror_find)
    nrf_strerror_get                         0x0002af49   Thumb Code    14  nrf_strerror.o(i.nrf_strerror_get)
    nrfx_clock_enable                        0x0002af95   Thumb Code    36  nrfx_clock.o(i.nrfx_clock_enable)
    nrfx_clock_init                          0x0002afc1   Thumb Code    26  nrfx_clock.o(i.nrfx_clock_init)
    nrfx_clock_lfclk_stop                    0x0002afe1   Thumb Code    20  nrfx_clock.o(i.nrfx_clock_lfclk_stop)
    nrfx_gpiote_in_event_enable              0x0002b00d   Thumb Code   156  nrfx_gpiote.o(i.nrfx_gpiote_in_event_enable)
    nrfx_gpiote_in_init                      0x0002b0b1   Thumb Code   194  nrfx_gpiote.o(i.nrfx_gpiote_in_init)
    nrfx_gpiote_in_is_set                    0x0002b181   Thumb Code    20  nrfx_gpiote.o(i.nrfx_gpiote_in_is_set)
    nrfx_gpiote_init                         0x0002b195   Thumb Code    98  nrfx_gpiote.o(i.nrfx_gpiote_init)
    nrfx_gpiote_is_init                      0x0002b205   Thumb Code    14  nrfx_gpiote.o(i.nrfx_gpiote_is_init)
    nrfx_prs_acquire                         0x0002b239   Thumb Code    58  nrfx_prs.o(i.nrfx_prs_acquire)
    nrfx_spim_init                           0x0002b275   Thumb Code   392  nrfx_spim.o(i.nrfx_spim_init)
    nrfx_spim_xfer                           0x0002b405   Thumb Code    94  nrfx_spim.o(i.nrfx_spim_xfer)
    nrfx_uart_0_irq_handler                  0x0002b469   Thumb Code     8  nrfx_uart.o(i.nrfx_uart_0_irq_handler)
    nrfx_uart_init                           0x0002b479   Thumb Code   200  nrfx_uart.o(i.nrfx_uart_init)
    nrfx_uart_rx                             0x0002b54d   Thumb Code   230  nrfx_uart.o(i.nrfx_uart_rx)
    nrfx_uart_tx                             0x0002b639   Thumb Code   160  nrfx_uart.o(i.nrfx_uart_tx)
    nrfx_uart_tx_in_progress                 0x0002b6dd   Thumb Code    26  nrfx_uart.o(i.nrfx_uart_tx_in_progress)
    nrfx_uarte_0_irq_handler                 0x0002b6fd   Thumb Code     8  nrfx_uarte.o(i.nrfx_uarte_0_irq_handler)
    nrfx_uarte_init                          0x0002b70d   Thumb Code   100  nrfx_uarte.o(i.nrfx_uarte_init)
    nrfx_uarte_rx                            0x0002b779   Thumb Code   256  nrfx_uarte.o(i.nrfx_uarte_rx)
    nrfx_uarte_tx                            0x0002b87d   Thumb Code   138  nrfx_uarte.o(i.nrfx_uarte_tx)
    nrfx_uarte_tx_in_progress                0x0002b90d   Thumb Code    22  nrfx_uarte.o(i.nrfx_uarte_tx_in_progress)
    oled_init                                0x0002ba15   Thumb Code    64  main.o(i.oled_init)
    spi_event_handler                        0x0002c2a9   Thumb Code     8  w25q16.o(i.spi_event_handler)
    uart_event_handle                        0x0002c721   Thumb Code   104  main.o(i.uart_event_handle)
    F6x8                                     0x0002cd76   Data         552  oled.o(.constdata)
    F8X16                                    0x0002cf9e   Data        1520  oled.o(.constdata)
    nrf_log_backend_rtt_api                  0x0002d7e8   Data          12  nrf_log_backend_rtt.o(.constdata)
    m_ram_start                              0x0002d880   Data           4  nrf_sdh_ble.o(.constdata)
    __ctype_table                            0x0002d8ac   Data         129  ctype_o.o(.constdata)
    Region$$Table$$Base                      0x0002e0ac   Number         0  anon$$obj.o(Region$$Table)
    Region$$Table$$Limit                     0x0002e0cc   Number         0  anon$$obj.o(Region$$Table)
    log_const_data$$Base                     0x0002e0cc   Number         0  nrf_ble_gatt.o(log_const_data)
    m_nrf_log_nrf_ble_gatt_logs_data_const   0x0002e0cc   Data           8  nrf_ble_gatt.o(log_const_data)
    m_nrf_log_ble_nus_logs_data_const        0x0002e0d4   Data           8  ble_nus.o(log_const_data)
    m_nrf_log_clock_logs_data_const          0x0002e0dc   Data           8  nrf_drv_clock.o(log_const_data)
    m_nrf_log_CLOCK_logs_data_const          0x0002e0e4   Data           8  nrfx_clock.o(log_const_data)
    m_nrf_log_GPIOTE_logs_data_const         0x0002e0ec   Data           8  nrfx_gpiote.o(log_const_data)
    m_nrf_log_PRS_logs_data_const            0x0002e0f4   Data           8  nrfx_prs.o(log_const_data)
    m_nrf_log_UART_logs_data_const           0x0002e0fc   Data           8  nrfx_uart.o(log_const_data)
    m_nrf_log_UARTE_logs_data_const          0x0002e104   Data           8  nrfx_uarte.o(log_const_data)
    m_nrf_log_SPIM_logs_data_const           0x0002e10c   Data           8  nrfx_spim.o(log_const_data)
    m_nrf_log_nrf_fstorage_logs_data_const   0x0002e114   Data           8  nrf_fstorage.o(log_const_data)
    m_nrf_log_atfifo_m_fifo_logs_data_const  0x0002e11c   Data           8  nrf_fstorage_sd.o(log_const_data)
    m_nrf_log_pwr_mgmt_logs_data_const       0x0002e124   Data           8  nrf_pwr_mgmt.o(log_const_data)
    m_nrf_log_balloc_log_mempool_logs_data_const 0x0002e12c   Data           8  nrf_log_frontend.o(log_const_data)
    m_nrf_log_app_logs_data_const            0x0002e134   Data           8  nrf_log_frontend.o(log_const_data)
    m_nrf_log_nrf_sdh_logs_data_const        0x0002e13c   Data           8  nrf_sdh.o(log_const_data)
    m_nrf_log_nrf_sdh_ble_logs_data_const    0x0002e144   Data           8  nrf_sdh_ble.o(log_const_data)
    m_nrf_log_nrf_sdh_soc_logs_data_const    0x0002e14c   Data           8  nrf_sdh_soc.o(log_const_data)
    log_const_data$$Limit                    0x0002e154   Number         0  nrf_sdh_soc.o(log_const_data)
    log_mempool                              0x0002e154   Data          24  nrf_log_frontend.o(nrf_balloc)
    sdh_ble_observers0$$Base                 0x0002e16c   Number         0  ble_conn_state.o(sdh_ble_observers0)
    sdh_ble_observers0$$Limit                0x0002e174   Number         0  ble_conn_state.o(sdh_ble_observers0)
    sdh_ble_observers1$$Base                 0x0002e174   Number         0  main.o(sdh_ble_observers1)
    sdh_ble_observers1$$Limit                0x0002e194   Number         0  ble_conn_params.o(sdh_ble_observers1)
    sdh_ble_observers2$$Base                 0x0002e194   Number         0  main.o(sdh_ble_observers2)
    sdh_ble_observers2$$Limit                0x0002e1a4   Number         0  main.o(sdh_ble_observers2)
    sdh_ble_observers3$$Base                 0x0002e1a4   Number         0  main.o(sdh_ble_observers3)
    m_req_obs                                0x0002e1ac   Data           8  nrf_fstorage_sd.o(sdh_req_observers0)
    sdh_ble_observers3$$Limit                0x0002e1ac   Number         0  main.o(sdh_ble_observers3)
    sdh_req_observers0$$Base                 0x0002e1ac   Number         0  nrf_fstorage_sd.o(sdh_req_observers0)
    sdh_req_observers0$$Limit                0x0002e1b4   Number         0  nrf_fstorage_sd.o(sdh_req_observers0)
    sdh_soc_observers0$$Base                 0x0002e1b4   Number         0  nrf_drv_clock.o(sdh_soc_observers0)
    sdh_soc_observers0$$Limit                0x0002e1c4   Number         0  nrf_fstorage_sd.o(sdh_soc_observers0)
    sdh_soc_observers1$$Base                 0x0002e1c4   Number         0  main.o(sdh_soc_observers1)
    sdh_soc_observers1$$Limit                0x0002e1cc   Number         0  main.o(sdh_soc_observers1)
    sdh_stack_observers0$$Base               0x0002e1cc   Number         0  nrf_sdh_ble.o(sdh_stack_observers0)
    sdh_stack_observers0$$Limit              0x0002e1dc   Number         0  nrf_sdh_soc.o(sdh_stack_observers0)
    sdh_state_observers0$$Base               0x0002e1dc   Number         0  nrf_drv_clock.o(sdh_state_observers0)
    sdh_state_observers0$$Limit              0x0002e1ec   Number         0  nrf_fstorage_sd.o(sdh_state_observers0)
    Image$$RW_IRAM1$$Base                    0x20002a98   Number         0  anon$$obj.o ABSOLUTE
    Tx_Buffer                                0x20002aa0   Data           1  main.o(.data)
    Rx_Buffer                                0x20002aa2   Data           1  main.o(.data)
    nrf_drv_uart_use_easy_dma                0x20002af0   Data           1  nrf_drv_uart.o(.data)
    __stdout                                 0x20002b84   Data           4  retarget.o(.data)
    SystemCoreClock                          0x20002bec   Data           4  system_nrf52.o(.data)
    log_dynamic_data$$Base                   0x20002bf0   Number         0  nrf_ble_gatt.o(log_dynamic_data)
    m_nrf_log_nrf_ble_gatt_logs_data_dynamic 0x20002bf0   Data           4  nrf_ble_gatt.o(log_dynamic_data)
    m_nrf_log_ble_nus_logs_data_dynamic      0x20002bf4   Data           4  ble_nus.o(log_dynamic_data)
    m_nrf_log_clock_logs_data_dynamic        0x20002bf8   Data           4  nrf_drv_clock.o(log_dynamic_data)
    m_nrf_log_CLOCK_logs_data_dynamic        0x20002bfc   Data           4  nrfx_clock.o(log_dynamic_data)
    m_nrf_log_GPIOTE_logs_data_dynamic       0x20002c00   Data           4  nrfx_gpiote.o(log_dynamic_data)
    m_nrf_log_PRS_logs_data_dynamic          0x20002c04   Data           4  nrfx_prs.o(log_dynamic_data)
    m_nrf_log_UART_logs_data_dynamic         0x20002c08   Data           4  nrfx_uart.o(log_dynamic_data)
    m_nrf_log_UARTE_logs_data_dynamic        0x20002c0c   Data           4  nrfx_uarte.o(log_dynamic_data)
    m_nrf_log_SPIM_logs_data_dynamic         0x20002c10   Data           4  nrfx_spim.o(log_dynamic_data)
    m_nrf_log_nrf_fstorage_logs_data_dynamic 0x20002c14   Data           4  nrf_fstorage.o(log_dynamic_data)
    m_nrf_log_atfifo_m_fifo_logs_data_dynamic 0x20002c18   Data           4  nrf_fstorage_sd.o(log_dynamic_data)
    m_nrf_log_pwr_mgmt_logs_data_dynamic     0x20002c1c   Data           4  nrf_pwr_mgmt.o(log_dynamic_data)
    m_nrf_log_balloc_log_mempool_logs_data_dynamic 0x20002c20   Data           4  nrf_log_frontend.o(log_dynamic_data)
    m_nrf_log_app_logs_data_dynamic          0x20002c24   Data           4  nrf_log_frontend.o(log_dynamic_data)
    m_nrf_log_nrf_sdh_logs_data_dynamic      0x20002c28   Data           4  nrf_sdh.o(log_dynamic_data)
    m_nrf_log_nrf_sdh_ble_logs_data_dynamic  0x20002c2c   Data           4  nrf_sdh_ble.o(log_dynamic_data)
    m_nrf_log_nrf_sdh_soc_logs_data_dynamic  0x20002c30   Data           4  nrf_sdh_soc.o(log_dynamic_data)
    nrf_nvic_state                           0x2000357c   Data          12  app_util_platform.o(.bss)
    _SEGGER_RTT                              0x20003b58   Data         120  segger_rtt.o(.bss)
    __initial_sp                             0x20005de0   Data           0  arm_startup_nrf52.o(STACK)



==============================================================================

Memory Map of the image

  Image Entry point : 0x00026401

  Load Region LR_IROM1 (Base: 0x00026000, Size: 0x00008388, Max: 0x0005a000, ABSOLUTE, COMPRESSED[0x00008248])

    Execution Region ER_IROM1 (Base: 0x00026000, Size: 0x000081ec, Max: 0x0005a000, ABSOLUTE)

    Base Addr    Size         Type   Attr      Idx    E Section Name        Object

    0x00026000   0x00000400   Data   RO         5226    RESET               arm_startup_nrf52.o
    0x00026400   0x00000000   Code   RO         5267  * .ARM.Collect$$$$00000000  mc_w.l(entry.o)
    0x00026400   0x00000004   Code   RO         5574    .ARM.Collect$$$$00000001  mc_w.l(entry2.o)
    0x00026404   0x00000004   Code   RO         5577    .ARM.Collect$$$$00000004  mc_w.l(entry5.o)
    0x00026408   0x00000000   Code   RO         5579    .ARM.Collect$$$$00000008  mc_w.l(entry7b.o)
    0x00026408   0x00000000   Code   RO         5581    .ARM.Collect$$$$0000000A  mc_w.l(entry8b.o)
    0x00026408   0x00000008   Code   RO         5582    .ARM.Collect$$$$0000000B  mc_w.l(entry9a.o)
    0x00026410   0x00000000   Code   RO         5584    .ARM.Collect$$$$0000000D  mc_w.l(entry10a.o)
    0x00026410   0x00000000   Code   RO         5586    .ARM.Collect$$$$0000000F  mc_w.l(entry11a.o)
    0x00026410   0x00000004   Code   RO         5575    .ARM.Collect$$$$00002712  mc_w.l(entry2.o)
    0x00026414   0x000000c8   Code   RO         3539    .emb_text           nrf_atfifo.o
    0x000264dc   0x000000e2   Code   RO         3678    .emb_text           nrf_atomic.o
    0x000265be   0x00000002   PAD
    0x000265c0   0x00000024   Code   RO         5227    .text               arm_startup_nrf52.o
    0x000265e4   0x00000062   Code   RO         5270    .text               mc_w.l(uldiv.o)
    0x00026646   0x0000001e   Code   RO         5272    .text               mc_w.l(llshl.o)
    0x00026664   0x00000008   Code   RO         5274    .text               mc_w.l(ctype_o.o)
    0x0002666c   0x00000024   Code   RO         5302    .text               mc_w.l(memcpya.o)
    0x00026690   0x00000024   Code   RO         5304    .text               mc_w.l(memseta.o)
    0x000266b4   0x0000000e   Code   RO         5306    .text               mc_w.l(strlen.o)
    0x000266c2   0x00000012   Code   RO         5310    .text               mc_w.l(strcpy.o)
    0x000266d4   0x00000020   Code   RO         5590    .text               mc_w.l(llushr.o)
    0x000266f4   0x00000024   Code   RO         5603    .text               mc_w.l(init.o)
    0x00026718   0x00000056   Code   RO         5617    .text               mc_w.l(__dczerorl2.o)
    0x0002676e   0x00000002   PAD
    0x00026770   0x00000164   Code   RO         2012    i.GPIOTE_IRQHandler  nrfx_gpiote.o
    0x000268d4   0x00000020   Code   RO          446    i.LCD_DLY_ms        oled.o
    0x000268f4   0x00000038   Code   RO          447    i.LCD_Fill          oled.o
    0x0002692c   0x000000d4   Code   RO          448    i.LCD_Init          oled.o
    0x00026a00   0x00000080   Code   RO          451    i.LCD_P8x16Str      oled.o
    0x00026a80   0x00000026   Code   RO          452    i.LCD_Set_Pos       oled.o
    0x00026aa6   0x00000038   Code   RO          453    i.LCD_WrCmd         oled.o
    0x00026ade   0x00000038   Code   RO          454    i.LCD_WrDat         oled.o
    0x00026b16   0x00000016   Code   RO         3170    i.NVIC_ClearPendingIRQ  app_timer.o
    0x00026b2c   0x00000016   Code   RO         3171    i.NVIC_EnableIRQ    app_timer.o
    0x00026b42   0x00000016   Code   RO         3172    i.NVIC_SetPendingIRQ  app_timer.o
    0x00026b58   0x00000020   Code   RO         3173    i.NVIC_SetPriority  app_timer.o
    0x00026b78   0x00000058   Code   RO         1880    i.POWER_CLOCK_IRQHandler  nrfx_clock.o
    0x00026bd0   0x00000024   Code   RO         3174    i.RTC1_IRQHandler   app_timer.o
    0x00026bf4   0x00000004   Code   RO         4762    i.SEGGER_RTT_Init   segger_rtt.o
    0x00026bf8   0x0000005c   Code   RO         4776    i.SEGGER_RTT_WriteNoLock  segger_rtt.o
    0x00026c54   0x00000060   Code   RO          555    i.SPIFlash_Erase_Sector  w25q16.o
    0x00026cb4   0x00000054   Code   RO         2720    i.SPIM0_SPIS0_TWIM0_TWIS0_SPI0_TWI0_IRQHandler  nrfx_spim.o
    0x00026d08   0x00000004   Code   RO         3175    i.SWI0_EGU0_IRQHandler  app_timer.o
    0x00026d0c   0x00000004   Code   RO         5013    i.SWI2_EGU2_IRQHandler  nrf_sdh.o
    0x00026d10   0x00000058   Code   RO          556    i.SpiFlash_Read     w25q16.o
    0x00026d68   0x00000034   Code   RO          558    i.SpiFlash_WriteOneByte  w25q16.o
    0x00026d9c   0x0000001c   Code   RO          560    i.SpiFlash_Write_Enable  w25q16.o
    0x00026db8   0x00000064   Code   RO          561    i.SpiFlash_Write_Page  w25q16.o
    0x00026e1c   0x0000026c   Code   RO         5235    i.SystemInit        system_nrf52.o
    0x00027088   0x0000000c   Code   RO         2311    i.UARTE0_UART0_IRQHandler  nrfx_prs.o
    0x00027094   0x00000068   Code   RO         4780    i._DoInit           segger_rtt.o
    0x000270fc   0x00000016   Code   RO         4781    i._GetAvailWriteSpace  segger_rtt.o
    0x00027112   0x0000005a   Code   RO         4783    i._WriteBlocking    segger_rtt.o
    0x0002716c   0x00000042   Code   RO         4784    i._WriteNoCheck     segger_rtt.o
    0x000271ae   0x00000002   PAD
    0x000271b0   0x00000010   Code   RO         5315    i.__0printf$bare    mc_w.l(printfb.o)
    0x000271c0   0x0000000e   Code   RO         5611    i.__scatterload_copy  mc_w.l(handlers.o)
    0x000271ce   0x00000002   Code   RO         5612    i.__scatterload_null  mc_w.l(handlers.o)
    0x000271d0   0x0000000e   Code   RO         5613    i.__scatterload_zeroinit  mc_w.l(handlers.o)
    0x000271de   0x00000002   PAD
    0x000271e0   0x00000024   Code   RO         5014    i.__sd_nvic_app_accessible_irq  nrf_sdh.o
    0x00027204   0x00000016   Code   RO         5015    i.__sd_nvic_is_app_accessible_priority  nrf_sdh.o
    0x0002721a   0x00000022   Code   RO         5322    i._printf_core      mc_w.l(printfb.o)
    0x0002723c   0x00000086   Code   RO          906    i.advertising_buttons_configure  bsp_btn_ble.o
    0x000272c2   0x00000006   Code   RO          789    i.alert_timer_handler  bsp.o
    0x000272c8   0x00000024   Code   RO         2879    i.app_button_enable  app_button.o
    0x000272ec   0x00000078   Code   RO         2880    i.app_button_init   app_button.o
    0x00027364   0x0000007c   Code   RO         3003    i.app_error_fault_handler  app_error_weak.o
    0x000273e0   0x00000016   Code   RO         2943    i.app_error_handler_bare  app_error.o
    0x000273f6   0x00000016   Code   RO         3047    i.app_fifo_get      app_fifo.o
    0x0002740c   0x00000020   Code   RO         3048    i.app_fifo_init     app_fifo.o
    0x0002742c   0x0000001a   Code   RO         3050    i.app_fifo_put      app_fifo.o
    0x00027446   0x00000002   PAD
    0x00027448   0x00000024   Code   RO         3178    i.app_timer_create  app_timer.o
    0x0002746c   0x00000054   Code   RO         3179    i.app_timer_init    app_timer.o
    0x000274c0   0x00000088   Code   RO         3182    i.app_timer_start   app_timer.o
    0x00027548   0x00000020   Code   RO         3183    i.app_timer_stop    app_timer.o
    0x00027568   0x00000034   Code   RO         3345    i.app_uart_get      app_uart_fifo.o
    0x0002759c   0x000000a4   Code   RO         3346    i.app_uart_init     app_uart_fifo.o
    0x00027640   0x00000054   Code   RO         3347    i.app_uart_put      app_uart_fifo.o
    0x00027694   0x00000048   Code   RO         3426    i.app_util_critical_region_enter  app_util_platform.o
    0x000276dc   0x00000034   Code   RO         3427    i.app_util_critical_region_exit  app_util_platform.o
    0x00027710   0x00000088   Code   RO         2362    i.apply_config      nrfx_uart.o
    0x00027798   0x00000088   Code   RO         2550    i.apply_config      nrfx_uarte.o
    0x00027820   0x00000048   Code   RO         1391    i.blcm_link_ctx_get  ble_link_ctx_manager.o
    0x00027868   0x00000182   Code   RO          959    i.ble_advdata_encode  ble_advdata.o
    0x000279ea   0x00000020   Code   RO          961    i.ble_advdata_parse  ble_advdata.o
    0x00027a0a   0x00000038   Code   RO          962    i.ble_advdata_search  ble_advdata.o
    0x00027a42   0x00000006   Code   RO         1065    i.ble_advertising_conn_cfg_tag_set  ble_advertising.o
    0x00027a48   0x000000fa   Code   RO         1066    i.ble_advertising_init  ble_advertising.o
    0x00027b42   0x0000006a   Code   RO         1068    i.ble_advertising_on_ble_evt  ble_advertising.o
    0x00027bac   0x00000030   Code   RO         1069    i.ble_advertising_on_sys_evt  ble_advertising.o
    0x00027bdc   0x0000003a   Code   RO         1071    i.ble_advertising_restart_without_whitelist  ble_advertising.o
    0x00027c16   0x00000236   Code   RO         1072    i.ble_advertising_start  ble_advertising.o
    0x00027e4c   0x00000068   Code   RO         1159    i.ble_conn_params_init  ble_conn_params.o
    0x00027eb4   0x00000012   Code   RO         1234    i.ble_conn_state_conn_idx  ble_conn_state.o
    0x00027ec6   0x00000002   PAD
    0x00027ec8   0x00000014   Code   RO         1247    i.ble_conn_state_valid  ble_conn_state.o
    0x00027edc   0x00000060   Code   RO          965    i.ble_device_addr_encode  ble_advdata.o
    0x00027f3c   0x000000d0   Code   RO            6    i.ble_evt_handler   main.o
    0x0002800c   0x00000070   Code   RO          907    i.ble_evt_handler   bsp_btn_ble.o
    0x0002807c   0x000000fc   Code   RO         1161    i.ble_evt_handler   ble_conn_params.o
    0x00028178   0x00000104   Code   RO         1248    i.ble_evt_handler   ble_conn_state.o
    0x0002827c   0x00000066   Code   RO         1620    i.ble_nus_data_send  ble_nus.o
    0x000282e2   0x00000002   PAD
    0x000282e4   0x00000058   Code   RO         1621    i.ble_nus_init      ble_nus.o
    0x0002833c   0x00000070   Code   RO         1622    i.ble_nus_on_ble_evt  ble_nus.o
    0x000283ac   0x00000008   Code   RO         1417    i.ble_srv_is_notification_enabled  ble_srv_common.o
    0x000283b4   0x0000000c   Code   RO          683    i.bsp_board_button_idx_to_pin  boards.o
    0x000283c0   0x00000020   Code   RO          684    i.bsp_board_button_state_get  boards.o
    0x000283e0   0x00000054   Code   RO          685    i.bsp_board_init    boards.o
    0x00028434   0x00000024   Code   RO          687    i.bsp_board_led_invert  boards.o
    0x00028458   0x00000010   Code   RO          688    i.bsp_board_led_off  boards.o
    0x00028468   0x00000010   Code   RO          689    i.bsp_board_led_on  boards.o
    0x00028478   0x00000020   Code   RO          690    i.bsp_board_led_state_get  boards.o
    0x00028498   0x00000012   Code   RO          691    i.bsp_board_leds_off  boards.o
    0x000284aa   0x00000012   Code   RO          692    i.bsp_board_leds_on  boards.o
    0x000284bc   0x00000024   Code   RO          693    i.bsp_board_pin_to_button_idx  boards.o
    0x000284e0   0x0000002c   Code   RO          908    i.bsp_btn_ble_init  bsp_btn_ble.o
    0x0002850c   0x0000001e   Code   RO          909    i.bsp_btn_ble_sleep_mode_prepare  bsp_btn_ble.o
    0x0002852a   0x00000002   PAD
    0x0002852c   0x00000090   Code   RO          790    i.bsp_button_event_handler  bsp.o
    0x000285bc   0x0000000c   Code   RO          791    i.bsp_button_is_pressed  bsp.o
    0x000285c8   0x00000084   Code   RO            8    i.bsp_event_handler  main.o
    0x0002864c   0x00000044   Code   RO          794    i.bsp_event_to_button_action_assign  bsp.o
    0x00028690   0x00000018   Code   RO          795    i.bsp_indication_set  bsp.o
    0x000286a8   0x00000094   Code   RO          796    i.bsp_init          bsp.o
    0x0002873c   0x000001b8   Code   RO          797    i.bsp_led_indication  bsp.o
    0x000288f4   0x00000006   Code   RO          799    i.bsp_wakeup_button_enable  bsp.o
    0x000288fa   0x00000002   PAD
    0x000288fc   0x00000090   Code   RO         4516    i.buf_prealloc      nrf_log_frontend.o
    0x0002898c   0x0000001e   Code   RO         3890    i.buffer_add        nrf_fprintf_format.o
    0x000289aa   0x00000002   PAD
    0x000289ac   0x00000014   Code   RO         4517    i.buffer_is_empty   nrf_log_frontend.o
    0x000289c0   0x00000008   Code   RO          800    i.button_timer_handler  bsp.o
    0x000289c8   0x0000001c   Code   RO         2013    i.channel_free      nrfx_gpiote.o
    0x000289e4   0x00000048   Code   RO         2014    i.channel_port_alloc  nrfx_gpiote.o
    0x00028a2c   0x00000010   Code   RO         2015    i.channel_port_get  nrfx_gpiote.o
    0x00028a3c   0x00000028   Code   RO         1685    i.clock_clk_started_notify  nrf_drv_clock.o
    0x00028a64   0x0000001c   Code   RO         1686    i.clock_irq_handler  nrf_drv_clock.o
    0x00028a80   0x000000ac   Code   RO         3185    i.compare_reg_update  app_timer.o
    0x00028b2c   0x0000003e   Code   RO         1249    i.conn_handle_list_get  ble_conn_state.o
    0x00028b6a   0x00000088   Code   RO          966    i.conn_int_encode   ble_advdata.o
    0x00028bf2   0x00000004   Code   RO            9    i.conn_params_error_handler  main.o
    0x00028bf6   0x00000002   PAD
    0x00028bf8   0x00000048   Code   RO         1162    i.conn_params_negotiation  ble_conn_params.o
    0x00028c40   0x000000bc   Code   RO         1477    i.data_length_update  nrf_ble_gatt.o
    0x00028cfc   0x00000098   Code   RO         2882    i.detection_delay_timeout_handler  app_button.o
    0x00028d94   0x00000014   Code   RO         4519    i.dropped_sat16_get  nrf_log_frontend.o
    0x00028da8   0x00000040   Code   RO         3186    i.elapsed_ticks_acquire  app_timer.o
    0x00028de8   0x00000054   Code   RO         4015    i.event_send        nrf_fstorage_sd.o
    0x00028e3c   0x00000014   Code   RO         3053    i.fifo_get          app_fifo.o
    0x00028e50   0x00000012   Code   RO         3054    i.fifo_put          app_fifo.o
    0x00028e62   0x00000028   Code   RO         1074    i.flags_set         ble_advertising.o
    0x00028e8a   0x00000002   PAD
    0x00028e8c   0x0000004c   Code   RO           10    i.flash_read        main.o
    0x00028ed8   0x00000054   Code   RO           11    i.flash_write       main.o
    0x00028f2c   0x0000000e   Code   RO         4346    i.fputc             retarget.o
    0x00028f3a   0x00000002   PAD
    0x00028f3c   0x00000054   Code   RO           12    i.gatt_evt_handler  main.o
    0x00028f90   0x00000030   Code   RO           13    i.gatt_init         main.o
    0x00028fc0   0x00000084   Code   RO         2883    i.gpiote_event_handler  app_button.o
    0x00029044   0x00000044   Code   RO          562    i.hal_spi_init      w25q16.o
    0x00029088   0x00000014   Code   RO         1163    i.instance_get      ble_conn_params.o
    0x0002909c   0x000000a6   Code   RO         3891    i.int_print         nrf_fprintf_format.o
    0x00029142   0x00000002   PAD
    0x00029144   0x00000080   Code   RO         2551    i.interrupts_enable  nrfx_uarte.o
    0x000291c4   0x0000004c   Code   RO         4520    i.invalid_packets_pushed_str_omit  nrf_log_frontend.o
    0x00029210   0x00000044   Code   RO         1164    i.is_conn_params_ok  ble_conn_params.o
    0x00029254   0x00000030   Code   RO          801    i.leds_off          bsp.o
    0x00029284   0x00000014   Code   RO          802    i.leds_timer_handler  bsp.o
    0x00029298   0x00000018   Code   RO         1478    i.link_init         nrf_ble_gatt.o
    0x000292b0   0x000000f8   Code   RO         3187    i.list_insertions_handler  app_timer.o
    0x000293a8   0x0000009c   Code   RO         4521    i.log_skip          nrf_log_frontend.o
    0x00029444   0x00000264   Code   RO           14    i.main              main.o
    0x000296a8   0x00000064   Code   RO          967    i.manuf_specific_data_encode  ble_advdata.o
    0x0002970c   0x00000076   Code   RO         4129    i.memobj_op         nrf_memobj.o
    0x00029782   0x00000002   PAD
    0x00029784   0x00000030   Code   RO         4522    i.module_idx_get    nrf_log_frontend.o
    0x000297b4   0x0000009c   Code   RO          968    i.name_encode       ble_advdata.o
    0x00029850   0x00000016   Code   RO         3545    i.nrf_atfifo_item_free  nrf_atfifo.o
    0x00029866   0x00000016   Code   RO         3546    i.nrf_atfifo_item_get  nrf_atfifo.o
    0x0002987c   0x00000016   Code   RO         3612    i.nrf_atflags_clear  nrf_atflags.o
    0x00029892   0x00000016   Code   RO         3617    i.nrf_atflags_get   nrf_atflags.o
    0x000298a8   0x00000014   Code   RO         3619    i.nrf_atflags_set   nrf_atflags.o
    0x000298bc   0x00000006   Code   RO         3680    i.nrf_atomic_flag_clear_fetch  nrf_atomic.o
    0x000298c2   0x00000006   Code   RO         3681    i.nrf_atomic_flag_set  nrf_atomic.o
    0x000298c8   0x0000000c   Code   RO         3683    i.nrf_atomic_u32_add  nrf_atomic.o
    0x000298d4   0x0000000c   Code   RO         3684    i.nrf_atomic_u32_and  nrf_atomic.o
    0x000298e0   0x0000000a   Code   RO         3687    i.nrf_atomic_u32_fetch_and  nrf_atomic.o
    0x000298ea   0x0000000a   Code   RO         3689    i.nrf_atomic_u32_fetch_store  nrf_atomic.o
    0x000298f4   0x0000000c   Code   RO         3693    i.nrf_atomic_u32_or  nrf_atomic.o
    0x00029900   0x0000000c   Code   RO         3695    i.nrf_atomic_u32_sub  nrf_atomic.o
    0x0002990c   0x00000044   Code   RO         3814    i.nrf_balloc_alloc  nrf_balloc.o
    0x00029950   0x00000030   Code   RO         3815    i.nrf_balloc_free   nrf_balloc.o
    0x00029980   0x00000030   Code   RO         3816    i.nrf_balloc_init   nrf_balloc.o
    0x000299b0   0x00000010   Code   RO         2016    i.nrf_bitmask_bit_is_set  nrfx_gpiote.o
    0x000299c0   0x00000014   Code   RO         2017    i.nrf_bitmask_bit_set  nrfx_gpiote.o
    0x000299d4   0x00000018   Code   RO         1480    i.nrf_ble_gatt_att_mtu_periph_set  nrf_ble_gatt.o
    0x000299ec   0x00000022   Code   RO         1484    i.nrf_ble_gatt_init  nrf_ble_gatt.o
    0x00029a0e   0x00000002   PAD
    0x00029a10   0x00000148   Code   RO         1485    i.nrf_ble_gatt_on_ble_evt  nrf_ble_gatt.o
    0x00029b58   0x00000016   Code   RO         1579    i.nrf_ble_qwr_conn_handle_assign  nrf_ble_qwr.o
    0x00029b6e   0x00000024   Code   RO         1580    i.nrf_ble_qwr_init  nrf_ble_qwr.o
    0x00029b92   0x000000b6   Code   RO         1581    i.nrf_ble_qwr_on_ble_evt  nrf_ble_qwr.o
    0x00029c48   0x0000000e   Code   RO         1881    i.nrf_clock_event_check  nrfx_clock.o
    0x00029c56   0x00000010   Code   RO         1882    i.nrf_clock_event_clear  nrfx_clock.o
    0x00029c66   0x00000002   PAD
    0x00029c68   0x00000038   Code   RO         1693    i.nrf_drv_clock_init  nrf_drv_clock.o
    0x00029ca0   0x00000030   Code   RO         1697    i.nrf_drv_clock_lfclk_release  nrf_drv_clock.o
    0x00029cd0   0x00000070   Code   RO         2834    i.nrf_drv_spi_init  nrf_drv_spi.o
    0x00029d40   0x00000016   Code   RO          563    i.nrf_drv_spi_transfer  w25q16.o
    0x00029d56   0x00000002   PAD
    0x00029d58   0x00000068   Code   RO         1828    i.nrf_drv_uart_init  nrf_drv_uart.o
    0x00029dc0   0x00000020   Code   RO         3348    i.nrf_drv_uart_rx   app_uart_fifo.o
    0x00029de0   0x00000020   Code   RO         3349    i.nrf_drv_uart_tx   app_uart_fifo.o
    0x00029e00   0x0000001a   Code   RO         3851    i.nrf_fprintf       nrf_fprintf.o
    0x00029e1a   0x00000018   Code   RO         3852    i.nrf_fprintf_buffer_flush  nrf_fprintf.o
    0x00029e32   0x000001da   Code   RO         3892    i.nrf_fprintf_fmt   nrf_fprintf_format.o
    0x0002a00c   0x00000050   Code   RO         3934    i.nrf_fstorage_is_busy  nrf_fstorage.o
    0x0002a05c   0x00000018   Code   RO         4018    i.nrf_fstorage_sdh_req_handler  nrf_fstorage_sd.o
    0x0002a074   0x00000020   Code   RO         4019    i.nrf_fstorage_sdh_state_handler  nrf_fstorage_sd.o
    0x0002a094   0x000000a4   Code   RO         4020    i.nrf_fstorage_sys_evt_handler  nrf_fstorage_sd.o
    0x0002a138   0x00000024   Code   RO          695    i.nrf_gpio_cfg      boards.o
    0x0002a15c   0x00000024   Code   RO         2018    i.nrf_gpio_cfg      nrfx_gpiote.o
    0x0002a180   0x00000024   Code   RO         2363    i.nrf_gpio_cfg      nrfx_uart.o
    0x0002a1a4   0x00000024   Code   RO         2552    i.nrf_gpio_cfg      nrfx_uarte.o
    0x0002a1c8   0x00000024   Code   RO         2721    i.nrf_gpio_cfg      nrfx_spim.o
    0x0002a1ec   0x00000012   Code   RO         2365    i.nrf_gpio_cfg_input  nrfx_uart.o
    0x0002a1fe   0x00000012   Code   RO         2554    i.nrf_gpio_cfg_input  nrfx_uarte.o
    0x0002a210   0x00000010   Code   RO           15    i.nrf_gpio_cfg_output  main.o
    0x0002a220   0x00000014   Code   RO         2366    i.nrf_gpio_cfg_output  nrfx_uart.o
    0x0002a234   0x00000014   Code   RO         2555    i.nrf_gpio_cfg_output  nrfx_uarte.o
    0x0002a248   0x00000014   Code   RO         2722    i.nrf_gpio_cfg_output  nrfx_spim.o
    0x0002a25c   0x00000022   Code   RO         2020    i.nrf_gpio_cfg_sense_set  nrfx_gpiote.o
    0x0002a27e   0x0000000e   Code   RO          455    i.nrf_gpio_pin_clear  oled.o
    0x0002a28c   0x0000000e   Code   RO         2723    i.nrf_gpio_pin_clear  nrfx_spim.o
    0x0002a29a   0x0000000e   Code   RO          456    i.nrf_gpio_pin_set  oled.o
    0x0002a2a8   0x0000000e   Code   RO         2724    i.nrf_gpio_pin_set  nrfx_spim.o
    0x0002a2b6   0x0000001c   Code   RO           16    i.nrf_gpio_pin_toggle  main.o
    0x0002a2d2   0x00000016   Code   RO          696    i.nrf_gpio_pin_write  boards.o
    0x0002a2e8   0x00000028   Code   RO         2021    i.nrf_gpio_ports_read  nrfx_gpiote.o
    0x0002a310   0x00000014   Code   RO         2022    i.nrf_gpiote_event_clear  nrfx_gpiote.o
    0x0002a324   0x00000010   Code   RO         2023    i.nrf_gpiote_event_is_set  nrfx_gpiote.o
    0x0002a334   0x00000050   Code   RO         4523    i.nrf_log_backend_add  nrf_log_frontend.o
    0x0002a384   0x00000002   Code   RO         4383    i.nrf_log_backend_rtt_flush  nrf_log_backend_rtt.o
    0x0002a386   0x00000004   Code   RO         4384    i.nrf_log_backend_rtt_init  nrf_log_backend_rtt.o
    0x0002a38a   0x00000002   Code   RO         4385    i.nrf_log_backend_rtt_panic_set  nrf_log_backend_rtt.o
    0x0002a38c   0x00000018   Code   RO         4386    i.nrf_log_backend_rtt_put  nrf_log_backend_rtt.o
    0x0002a3a4   0x000000c8   Code   RO         4449    i.nrf_log_backend_serial_put  nrf_log_backend_serial.o
    0x0002a46c   0x00000030   Code   RO         4525    i.nrf_log_color_id_get  nrf_log_frontend.o
    0x0002a49c   0x0000001c   Code   RO         4483    i.nrf_log_default_backends_init  nrf_log_default_backends.o
    0x0002a4b8   0x00000220   Code   RO         4526    i.nrf_log_frontend_dequeue  nrf_log_frontend.o
    0x0002a6d8   0x00000008   Code   RO         4528    i.nrf_log_frontend_std_0  nrf_log_frontend.o
    0x0002a6e0   0x0000000e   Code   RO         4529    i.nrf_log_frontend_std_1  nrf_log_frontend.o
    0x0002a6ee   0x00000010   Code   RO         4530    i.nrf_log_frontend_std_2  nrf_log_frontend.o
    0x0002a6fe   0x00000002   PAD
    0x0002a700   0x000000ac   Code   RO         4703    i.nrf_log_hexdump_entry_process  nrf_log_str_formatter.o
    0x0002a7ac   0x00000058   Code   RO         4535    i.nrf_log_init      nrf_log_frontend.o
    0x0002a804   0x00000014   Code   RO         4536    i.nrf_log_module_cnt_get  nrf_log_frontend.o
    0x0002a818   0x0000001c   Code   RO         4539    i.nrf_log_module_name_get  nrf_log_frontend.o
    0x0002a834   0x00000028   Code   RO         4540    i.nrf_log_panic     nrf_log_frontend.o
    0x0002a85c   0x000000b6   Code   RO         4704    i.nrf_log_std_entry_process  nrf_log_str_formatter.o
    0x0002a912   0x00000060   Code   RO         4130    i.nrf_memobj_alloc  nrf_memobj.o
    0x0002a972   0x00000032   Code   RO         4131    i.nrf_memobj_free   nrf_memobj.o
    0x0002a9a4   0x00000008   Code   RO         4132    i.nrf_memobj_get    nrf_memobj.o
    0x0002a9ac   0x00000004   Code   RO         4133    i.nrf_memobj_pool_init  nrf_memobj.o
    0x0002a9b0   0x0000001e   Code   RO         4134    i.nrf_memobj_put    nrf_memobj.o
    0x0002a9ce   0x0000000c   Code   RO         4135    i.nrf_memobj_read   nrf_memobj.o
    0x0002a9da   0x0000000c   Code   RO         4136    i.nrf_memobj_write  nrf_memobj.o
    0x0002a9e6   0x00000002   PAD
    0x0002a9e8   0x00000028   Code   RO         4208    i.nrf_pwr_mgmt_init  nrf_pwr_mgmt.o
    0x0002aa10   0x00000044   Code   RO         4209    i.nrf_pwr_mgmt_run  nrf_pwr_mgmt.o
    0x0002aa54   0x00000004   Code   RO           17    i.nrf_qwr_error_handler  main.o
    0x0002aa58   0x00000014   Code   RO         5144    i.nrf_sdh_ble_app_ram_start_get  nrf_sdh_ble.o
    0x0002aa6c   0x00000154   Code   RO         5145    i.nrf_sdh_ble_default_cfg_set  nrf_sdh_ble.o
    0x0002abc0   0x0000012c   Code   RO         5146    i.nrf_sdh_ble_enable  nrf_sdh_ble.o
    0x0002acec   0x00000060   Code   RO         5147    i.nrf_sdh_ble_evts_poll  nrf_sdh_ble.o
    0x0002ad4c   0x00000054   Code   RO         5016    i.nrf_sdh_disable_request  nrf_sdh.o
    0x0002ada0   0x00000090   Code   RO         5017    i.nrf_sdh_enable_request  nrf_sdh.o
    0x0002ae30   0x00000024   Code   RO         5018    i.nrf_sdh_evts_poll  nrf_sdh.o
    0x0002ae54   0x0000000c   Code   RO         5019    i.nrf_sdh_is_enabled  nrf_sdh.o
    0x0002ae60   0x0000001c   Code   RO         5021    i.nrf_sdh_request_continue  nrf_sdh.o
    0x0002ae7c   0x0000003c   Code   RO         5195    i.nrf_sdh_soc_evts_poll  nrf_sdh_soc.o
    0x0002aeb8   0x0000000a   Code   RO         4277    i.nrf_section_iter_init  nrf_section_iter.o
    0x0002aec2   0x00000024   Code   RO         4278    i.nrf_section_iter_item_set  nrf_section_iter.o
    0x0002aee6   0x00000020   Code   RO         4279    i.nrf_section_iter_next  nrf_section_iter.o
    0x0002af06   0x0000000a   Code   RO         2725    i.nrf_spim_event_check  nrfx_spim.o
    0x0002af10   0x00000038   Code   RO         4312    i.nrf_strerror_find  nrf_strerror.o
    0x0002af48   0x00000014   Code   RO         4313    i.nrf_strerror_get  nrf_strerror.o
    0x0002af5c   0x0000000a   Code   RO         2367    i.nrf_uart_event_check  nrfx_uart.o
    0x0002af66   0x0000000c   Code   RO         2368    i.nrf_uart_event_clear  nrfx_uart.o
    0x0002af72   0x0000000c   Code   RO         2369    i.nrf_uart_int_enable_check  nrfx_uart.o
    0x0002af7e   0x0000000a   Code   RO         2556    i.nrf_uarte_event_check  nrfx_uarte.o
    0x0002af88   0x0000000c   Code   RO         2557    i.nrf_uarte_event_clear  nrfx_uarte.o
    0x0002af94   0x0000002c   Code   RO         1887    i.nrfx_clock_enable  nrfx_clock.o
    0x0002afc0   0x00000020   Code   RO         1890    i.nrfx_clock_init   nrfx_clock.o
    0x0002afe0   0x0000001c   Code   RO         1893    i.nrfx_clock_lfclk_stop  nrfx_clock.o
    0x0002affc   0x00000010   Code   RO         3188    i.nrfx_coredep_delay_us  app_timer.o
    0x0002b00c   0x000000a4   Code   RO         2028    i.nrfx_gpiote_in_event_enable  nrfx_gpiote.o
    0x0002b0b0   0x000000d0   Code   RO         2029    i.nrfx_gpiote_in_init  nrfx_gpiote.o
    0x0002b180   0x00000014   Code   RO         2030    i.nrfx_gpiote_in_is_set  nrfx_gpiote.o
    0x0002b194   0x00000070   Code   RO         2032    i.nrfx_gpiote_init  nrfx_gpiote.o
    0x0002b204   0x00000014   Code   RO         2033    i.nrfx_gpiote_is_init  nrfx_gpiote.o
    0x0002b218   0x00000010   Code   RO         2558    i.nrfx_is_in_ram    nrfx_uarte.o
    0x0002b228   0x00000010   Code   RO         2726    i.nrfx_is_in_ram    nrfx_spim.o
    0x0002b238   0x0000003a   Code   RO         2312    i.nrfx_prs_acquire  nrfx_prs.o
    0x0002b272   0x00000002   PAD
    0x0002b274   0x00000190   Code   RO         2729    i.nrfx_spim_init    nrfx_spim.o
    0x0002b404   0x00000064   Code   RO         2732    i.nrfx_spim_xfer    nrfx_spim.o
    0x0002b468   0x00000010   Code   RO         2370    i.nrfx_uart_0_irq_handler  nrfx_uart.o
    0x0002b478   0x000000d4   Code   RO         2372    i.nrfx_uart_init    nrfx_uart.o
    0x0002b54c   0x000000ec   Code   RO         2373    i.nrfx_uart_rx      nrfx_uart.o
    0x0002b638   0x000000a4   Code   RO         2378    i.nrfx_uart_tx      nrfx_uart.o
    0x0002b6dc   0x00000020   Code   RO         2380    i.nrfx_uart_tx_in_progress  nrfx_uart.o
    0x0002b6fc   0x00000010   Code   RO         2559    i.nrfx_uarte_0_irq_handler  nrfx_uarte.o
    0x0002b70c   0x0000006c   Code   RO         2561    i.nrfx_uarte_init   nrfx_uarte.o
    0x0002b778   0x00000104   Code   RO         2562    i.nrfx_uarte_rx     nrfx_uarte.o
    0x0002b87c   0x00000090   Code   RO         2565    i.nrfx_uarte_tx     nrfx_uarte.o
    0x0002b90c   0x0000001c   Code   RO         2567    i.nrfx_uarte_tx_in_progress  nrfx_uarte.o
    0x0002b928   0x000000ec   Code   RO           18    i.nus_data_handler  main.o
    0x0002ba14   0x00000040   Code   RO           19    i.oled_init         main.o
    0x0002ba54   0x00000024   Code   RO           20    i.on_adv_evt        main.o
    0x0002ba78   0x0000001c   Code   RO           21    i.on_conn_params_evt  main.o
    0x0002ba94   0x0000006a   Code   RO         1623    i.on_connect        ble_nus.o
    0x0002bafe   0x00000002   PAD
    0x0002bb00   0x000000a0   Code   RO         1486    i.on_connected_evt  nrf_ble_gatt.o
    0x0002bba0   0x000000a4   Code   RO         1487    i.on_exchange_mtu_request_evt  nrf_ble_gatt.o
    0x0002bc44   0x00000084   Code   RO         1624    i.on_write          ble_nus.o
    0x0002bcc8   0x00000012   Code   RO         1075    i.phy_is_valid      ble_advertising.o
    0x0002bcda   0x00000002   PAD
    0x0002bcdc   0x00000018   Code   RO         2049    i.pin_in_use_by_port  nrfx_gpiote.o
    0x0002bcf4   0x00000018   Code   RO         2050    i.pin_in_use_by_te  nrfx_gpiote.o
    0x0002bd0c   0x0000003c   Code   RO         4706    i.postfix_process   nrf_log_str_formatter.o
    0x0002bd48   0x00000098   Code   RO         4707    i.prefix_process    nrf_log_str_formatter.o
    0x0002bde0   0x00000018   Code   RO         2314    i.prs_box_get       nrfx_prs.o
    0x0002bdf8   0x00000014   Code   RO         4021    i.queue_free        nrf_fstorage_sd.o
    0x0002be0c   0x000000a0   Code   RO         4022    i.queue_process     nrf_fstorage_sd.o
    0x0002beac   0x0000003c   Code   RO         3189    i.rtc1_stop         app_timer.o
    0x0002bee8   0x00000032   Code   RO         2382    i.rx_byte           nrfx_uart.o
    0x0002bf1a   0x000000a2   Code   RO         1625    i.rx_char_add       ble_nus.o
    0x0002bfbc   0x00000016   Code   RO         2383    i.rx_done_event     nrfx_uart.o
    0x0002bfd2   0x00000018   Code   RO         2569    i.rx_done_event     nrfx_uarte.o
    0x0002bfea   0x00000020   Code   RO         2384    i.rx_enable         nrfx_uart.o
    0x0002c00a   0x00000042   Code   RO         5024    i.sd_nvic_SetPriority  nrf_sdh.o
    0x0002c04c   0x00000050   Code   RO         1700    i.sd_state_evt_handler  nrf_drv_clock.o
    0x0002c09c   0x00000030   Code   RO         5025    i.sdh_request_observer_notify  nrf_sdh.o
    0x0002c0cc   0x0000002c   Code   RO         5026    i.sdh_state_observer_notify  nrf_sdh.o
    0x0002c0f8   0x00000010   Code   RO         1165    i.send_error_evt    ble_conn_params.o
    0x0002c108   0x00000050   Code   RO         4387    i.serial_tx         nrf_log_backend_rtt.o
    0x0002c158   0x00000088   Code   RO          969    i.service_data_encode  ble_advdata.o
    0x0002c1e0   0x00000028   Code   RO           22    i.sleep_mode_enter  main.o
    0x0002c208   0x00000018   Code   RO         1701    i.soc_evt_handler   nrf_drv_clock.o
    0x0002c220   0x00000038   Code   RO         5027    i.softdevice_evt_irq_disable  nrf_sdh.o
    0x0002c258   0x00000050   Code   RO         5028    i.softdevices_evt_irq_enable  nrf_sdh.o
    0x0002c2a8   0x0000000c   Code   RO          564    i.spi_event_handler  w25q16.o
    0x0002c2b4   0x00000038   Code   RO         2835    i.spim_evt_handler  nrf_drv_spi.o
    0x0002c2ec   0x000000bc   Code   RO         2733    i.spim_xfer         nrfx_spim.o
    0x0002c3a8   0x0000008c   Code   RO         4542    i.std_n             nrf_log_frontend.o
    0x0002c434   0x00000080   Code   RO         3190    i.timer_list_handler  app_timer.o
    0x0002c4b4   0x0000003c   Code   RO         3191    i.timer_list_insert  app_timer.o
    0x0002c4f0   0x00000060   Code   RO         3192    i.timer_list_remove  app_timer.o
    0x0002c550   0x00000048   Code   RO         3193    i.timer_stop_op_schedule  app_timer.o
    0x0002c598   0x00000074   Code   RO         3194    i.timer_timeouts_check  app_timer.o
    0x0002c60c   0x00000020   Code   RO         2385    i.tx_byte           nrfx_uart.o
    0x0002c62c   0x000000da   Code   RO         1626    i.tx_char_add       ble_nus.o
    0x0002c706   0x0000001a   Code   RO         2386    i.tx_done_event     nrfx_uart.o
    0x0002c720   0x00000070   Code   RO           23    i.uart_event_handle  main.o
    0x0002c790   0x000000a0   Code   RO         3350    i.uart_event_handler  app_uart_fifo.o
    0x0002c830   0x00000030   Code   RO         1829    i.uart_evt_handler  nrf_drv_uart.o
    0x0002c860   0x00000128   Code   RO         2387    i.uart_irq_handler  nrfx_uart.o
    0x0002c988   0x00000030   Code   RO         1830    i.uarte_evt_handler  nrf_drv_uart.o
    0x0002c9b8   0x000000f4   Code   RO         2570    i.uarte_irq_handler  nrfx_uarte.o
    0x0002caac   0x0000000a   Code   RO          970    i.uint16_encode     ble_advdata.o
    0x0002cab6   0x00000002   PAD
    0x0002cab8   0x000000b4   Code   RO         3893    i.unsigned_print    nrf_fprintf_format.o
    0x0002cb6c   0x00000068   Code   RO         1166    i.update_timeout_handler  ble_conn_params.o
    0x0002cbd4   0x00000018   Code   RO         1076    i.use_whitelist     ble_advertising.o
    0x0002cbec   0x00000024   Code   RO         1582    i.user_mem_reply    nrf_ble_qwr.o
    0x0002cc10   0x00000030   Code   RO         3195    i.user_op_alloc     app_timer.o
    0x0002cc40   0x00000030   Code   RO          971    i.uuid_list_encode  ble_advdata.o
    0x0002cc70   0x0000009e   Code   RO          972    i.uuid_list_sized_encode  ble_advdata.o
    0x0002cd0e   0x0000003a   Code   RO          803    i.wakeup_button_cfg  bsp.o
    0x0002cd48   0x00000008   PAD
    0x0002cd50   0x00000020   Data   RO           25    .constdata          main.o
    0x0002cd70   0x0000081e   Data   RO          457    .constdata          oled.o
    0x0002d58e   0x00000002   PAD
    0x0002d590   0x00000028   Data   RO          566    .constdata          w25q16.o
    0x0002d5b8   0x00000008   Data   RO          697    .constdata          boards.o
    0x0002d5c0   0x0000002c   Data   RO          808    .constdata          bsp.o
    0x0002d5ec   0x00000016   Data   RO         1488    .constdata          nrf_ble_gatt.o
    0x0002d602   0x00000002   PAD
    0x0002d604   0x00000010   Data   RO         1627    .constdata          ble_nus.o
    0x0002d614   0x00000004   Data   RO         2052    .constdata          nrfx_gpiote.o
    0x0002d618   0x00000004   Data   RO         2390    .constdata          nrfx_uart.o
    0x0002d61c   0x00000004   Data   RO         2573    .constdata          nrfx_uarte.o
    0x0002d620   0x00000004   Data   RO         2736    .constdata          nrfx_spim.o
    0x0002d624   0x00000010   Data   RO         2837    .constdata          nrf_drv_spi.o
    0x0002d634   0x00000008   Data   RO         2885    .constdata          app_button.o
    0x0002d63c   0x00000004   PAD
    0x0002d640   0x00000006   Data   RO         3197    .constdata          app_timer.o
    0x0002d646   0x00000002   PAD
    0x0002d648   0x00000020   Data   RO         3352    .constdata          app_uart_fifo.o
    0x0002d668   0x00000010   Data   RO         3894    .constdata          nrf_fprintf_format.o
    0x0002d678   0x00000010   Data   RO         4030    .constdata          nrf_fstorage_sd.o
    0x0002d688   0x00000018   Data   RO         4213    .constdata          nrf_pwr_mgmt.o
    0x0002d6a0   0x0000000c   Data   RO         4214    .constdata          nrf_pwr_mgmt.o
    0x0002d6ac   0x0000013c   Data   RO         4314    .constdata          nrf_strerror.o
    0x0002d7e8   0x0000000c   Data   RO         4389    .constdata          nrf_log_backend_rtt.o
    0x0002d7f4   0x0000000c   PAD
    0x0002d800   0x00000006   Data   RO         4390    .constdata          nrf_log_backend_rtt.o
    0x0002d806   0x00000002   PAD
    0x0002d808   0x00000010   Data   RO         5029    .constdata          nrf_sdh.o
    0x0002d818   0x00000028   Data   RO         5030    .constdata          nrf_sdh.o
    0x0002d840   0x00000010   Data   RO         5031    .constdata          nrf_sdh.o
    0x0002d850   0x00000010   Data   RO         5032    .constdata          nrf_sdh.o
    0x0002d860   0x00000020   Data   RO         5148    .constdata          nrf_sdh_ble.o
    0x0002d880   0x00000010   Data   RO         5149    .constdata          nrf_sdh_ble.o
    0x0002d890   0x00000010   Data   RO         5196    .constdata          nrf_sdh_soc.o
    0x0002d8a0   0x0000000c   Data   RO         5197    .constdata          nrf_sdh_soc.o
    0x0002d8ac   0x00000081   Data   RO         5275    .constdata          mc_w.l(ctype_o.o)
    0x0002d92d   0x00000003   PAD
    0x0002d930   0x00000004   Data   RO         5276    .constdata          mc_w.l(ctype_o.o)
    0x0002d934   0x000000a2   Data   RO         1489    .conststring        nrf_ble_gatt.o
    0x0002d9d6   0x00000002   PAD
    0x0002d9d8   0x000003eb   Data   RO         4315    .conststring        nrf_strerror.o
    0x0002ddc3   0x00000001   PAD
    0x0002ddc4   0x00000066   Data   RO         4708    .conststring        nrf_log_str_formatter.o
    0x0002de2a   0x00000002   PAD
    0x0002de2c   0x000001cf   Data   RO         5150    .conststring        nrf_sdh_ble.o
    0x0002dffb   0x00000001   PAD
    0x0002dffc   0x0000000d   Data   RO         1490    .conststrlit        nrf_ble_gatt.o
    0x0002e009   0x00000003   PAD
    0x0002e00c   0x00000008   Data   RO         1628    .conststrlit        ble_nus.o
    0x0002e014   0x00000006   Data   RO         1707    .conststrlit        nrf_drv_clock.o
    0x0002e01a   0x00000002   PAD
    0x0002e01c   0x00000006   Data   RO         1897    .conststrlit        nrfx_clock.o
    0x0002e022   0x00000002   PAD
    0x0002e024   0x00000007   Data   RO         2056    .conststrlit        nrfx_gpiote.o
    0x0002e02b   0x00000001   PAD
    0x0002e02c   0x00000004   Data   RO         2316    .conststrlit        nrfx_prs.o
    0x0002e030   0x00000005   Data   RO         2393    .conststrlit        nrfx_uart.o
    0x0002e035   0x00000003   PAD
    0x0002e038   0x00000006   Data   RO         2576    .conststrlit        nrfx_uarte.o
    0x0002e03e   0x00000002   PAD
    0x0002e040   0x00000005   Data   RO         2739    .conststrlit        nrfx_spim.o
    0x0002e045   0x00000003   PAD
    0x0002e048   0x0000000d   Data   RO         3942    .conststrlit        nrf_fstorage.o
    0x0002e055   0x00000003   PAD
    0x0002e058   0x0000000e   Data   RO         4032    .conststrlit        nrf_fstorage_sd.o
    0x0002e066   0x00000002   PAD
    0x0002e068   0x00000009   Data   RO         4215    .conststrlit        nrf_pwr_mgmt.o
    0x0002e071   0x00000003   PAD
    0x0002e074   0x00000018   Data   RO         4545    .conststrlit        nrf_log_frontend.o
    0x0002e08c   0x00000008   Data   RO         5033    .conststrlit        nrf_sdh.o
    0x0002e094   0x0000000c   Data   RO         5151    .conststrlit        nrf_sdh_ble.o
    0x0002e0a0   0x0000000c   Data   RO         5198    .conststrlit        nrf_sdh_soc.o
    0x0002e0ac   0x00000020   Data   RO         5609    Region$$Table       anon$$obj.o
    0x0002e0cc   0x00000008   Data   RO         1491    log_const_data      nrf_ble_gatt.o
    0x0002e0d4   0x00000008   Data   RO         1629    log_const_data      ble_nus.o
    0x0002e0dc   0x00000008   Data   RO         1708    log_const_data      nrf_drv_clock.o
    0x0002e0e4   0x00000008   Data   RO         1899    log_const_data      nrfx_clock.o
    0x0002e0ec   0x00000008   Data   RO         2057    log_const_data      nrfx_gpiote.o
    0x0002e0f4   0x00000008   Data   RO         2318    log_const_data      nrfx_prs.o
    0x0002e0fc   0x00000008   Data   RO         2394    log_const_data      nrfx_uart.o
    0x0002e104   0x00000008   Data   RO         2577    log_const_data      nrfx_uarte.o
    0x0002e10c   0x00000008   Data   RO         2740    log_const_data      nrfx_spim.o
    0x0002e114   0x00000008   Data   RO         3943    log_const_data      nrf_fstorage.o
    0x0002e11c   0x00000008   Data   RO         4035    log_const_data      nrf_fstorage_sd.o
    0x0002e124   0x00000008   Data   RO         4217    log_const_data      nrf_pwr_mgmt.o
    0x0002e12c   0x00000010   Data   RO         4548    log_const_data      nrf_log_frontend.o
    0x0002e13c   0x00000008   Data   RO         5035    log_const_data      nrf_sdh.o
    0x0002e144   0x00000008   Data   RO         5153    log_const_data      nrf_sdh_ble.o
    0x0002e14c   0x00000008   Data   RO         5199    log_const_data      nrf_sdh_soc.o
    0x0002e154   0x00000018   Data   RO         4550    nrf_balloc          nrf_log_frontend.o
    0x0002e16c   0x00000008   Data   RO         1253    sdh_ble_observers0  ble_conn_state.o
    0x0002e174   0x00000010   Data   RO           29    sdh_ble_observers1  main.o
    0x0002e184   0x00000008   Data   RO          911    sdh_ble_observers1  bsp_btn_ble.o
    0x0002e18c   0x00000008   Data   RO         1169    sdh_ble_observers1  ble_conn_params.o
    0x0002e194   0x00000010   Data   RO           30    sdh_ble_observers2  main.o
    0x0002e1a4   0x00000008   Data   RO           31    sdh_ble_observers3  main.o
    0x0002e1ac   0x00000008   Data   RO         4037    sdh_req_observers0  nrf_fstorage_sd.o
    0x0002e1b4   0x00000008   Data   RO         1710    sdh_soc_observers0  nrf_drv_clock.o
    0x0002e1bc   0x00000008   Data   RO         4038    sdh_soc_observers0  nrf_fstorage_sd.o
    0x0002e1c4   0x00000008   Data   RO           32    sdh_soc_observers1  main.o
    0x0002e1cc   0x00000008   Data   RO         5155    sdh_stack_observers0  nrf_sdh_ble.o
    0x0002e1d4   0x00000008   Data   RO         5201    sdh_stack_observers0  nrf_sdh_soc.o
    0x0002e1dc   0x00000008   Data   RO         1711    sdh_state_observers0  nrf_drv_clock.o
    0x0002e1e4   0x00000008   Data   RO         4039    sdh_state_observers0  nrf_fstorage_sd.o


    Execution Region RW_IRAM1 (Base: 0x20002a98, Size: 0x00003348, Max: 0x0000d568, ABSOLUTE, COMPRESSED[0x0000005c])

    Base Addr    Size         Type   Attr      Idx    E Section Name        Object

    0x20002a98   0x00000008   Data   RW           26    .data               main.o
    0x20002aa0   0x00000028   Data   RW           27    .data               main.o
    0x20002ac8   0x00000004   Data   RW           28    .data               main.o
    0x20002acc   0x00000001   Data   RW          567    .data               w25q16.o
    0x20002acd   0x00000003   PAD
    0x20002ad0   0x00000010   Data   RW          809    .data               bsp.o
    0x20002ae0   0x00000008   Data   RW          910    .data               bsp_btn_ble.o
    0x20002ae8   0x00000008   Data   RW         1168    .data               ble_conn_params.o
    0x20002af0   0x0000000c   Data   RW         1831    .data               nrf_drv_uart.o
    0x20002afc   0x00000008   Data   RW         1898    .data               nrfx_clock.o
    0x20002b04   0x00000008   Data   RW         2317    .data               nrfx_prs.o
    0x20002b0c   0x00000004   PAD
    0x20002b10   0x00000020   Data   RW         2886    .data               app_button.o
    0x20002b30   0x00000014   Data   RW         3198    .data               app_timer.o
    0x20002b44   0x0000001c   Data   RW         3353    .data               app_uart_fifo.o
    0x20002b60   0x00000014   Data   RW         4033    .data               nrf_fstorage_sd.o
    0x20002b74   0x00000008   Data   RW         4034    .data               nrf_fstorage_sd.o
    0x20002b7c   0x00000008   Data   RW         4216    .data               nrf_pwr_mgmt.o
    0x20002b84   0x00000004   Data   RW         4347    .data               retarget.o
    0x20002b88   0x00000001   Data   RW         4391    .data               nrf_log_backend_rtt.o
    0x20002b89   0x00000003   PAD
    0x20002b8c   0x0000000c   Data   RW         4484    .data               nrf_log_default_backends.o
    0x20002b98   0x00000008   Data   RW         4546    .data               nrf_log_frontend.o
    0x20002ba0   0x00000008   Data   RW         4547    .data               nrf_log_frontend.o
    0x20002ba8   0x00000040   Data   RW         4709    .data               nrf_log_str_formatter.o
    0x20002be8   0x00000003   Data   RW         5034    .data               nrf_sdh.o
    0x20002beb   0x00000001   Data   RW         5152    .data               nrf_sdh_ble.o
    0x20002bec   0x00000004   Data   RW         5236    .data               system_nrf52.o
    0x20002bf0   0x00000004   Data   RW         1492    log_dynamic_data    nrf_ble_gatt.o
    0x20002bf4   0x00000004   Data   RW         1630    log_dynamic_data    ble_nus.o
    0x20002bf8   0x00000004   Data   RW         1709    log_dynamic_data    nrf_drv_clock.o
    0x20002bfc   0x00000004   Data   RW         1900    log_dynamic_data    nrfx_clock.o
    0x20002c00   0x00000004   Data   RW         2058    log_dynamic_data    nrfx_gpiote.o
    0x20002c04   0x00000004   Data   RW         2319    log_dynamic_data    nrfx_prs.o
    0x20002c08   0x00000004   Data   RW         2395    log_dynamic_data    nrfx_uart.o
    0x20002c0c   0x00000004   Data   RW         2578    log_dynamic_data    nrfx_uarte.o
    0x20002c10   0x00000004   Data   RW         2741    log_dynamic_data    nrfx_spim.o
    0x20002c14   0x00000004   Data   RW         3944    log_dynamic_data    nrf_fstorage.o
    0x20002c18   0x00000004   Data   RW         4036    log_dynamic_data    nrf_fstorage_sd.o
    0x20002c1c   0x00000004   Data   RW         4218    log_dynamic_data    nrf_pwr_mgmt.o
    0x20002c20   0x00000008   Data   RW         4549    log_dynamic_data    nrf_log_frontend.o
    0x20002c28   0x00000004   Data   RW         5036    log_dynamic_data    nrf_sdh.o
    0x20002c2c   0x00000004   Data   RW         5154    log_dynamic_data    nrf_sdh_ble.o
    0x20002c30   0x00000004   Data   RW         5200    log_dynamic_data    nrf_sdh_soc.o
    0x20002c34   0x000003cc   Zero   RW           24    .bss                main.o
    0x20003000   0x00000200   Zero   RW          565    .bss                w25q16.o
    0x20003200   0x00000020   Zero   RW          804    .bss                bsp.o
    0x20003220   0x00000020   Zero   RW          805    .bss                bsp.o
    0x20003240   0x0000000c   Zero   RW          806    .bss                bsp.o
    0x2000324c   0x00000020   Zero   RW          807    .bss                bsp.o
    0x2000326c   0x00000050   Zero   RW         1167    .bss                ble_conn_params.o
    0x200032bc   0x00000078   Zero   RW         1252    .bss                ble_conn_state.o
    0x20003334   0x00000014   Zero   RW         1702    .bss                nrf_drv_clock.o
    0x20003348   0x0000005c   Zero   RW         2051    .bss                nrfx_gpiote.o
    0x200033a4   0x0000002c   Zero   RW         2388    .bss                nrfx_uart.o
    0x200033d0   0x00000024   Zero   RW         2571    .bss                nrfx_uarte.o
    0x200033f4   0x00000024   Zero   RW         2734    .bss                nrfx_spim.o
    0x20003418   0x00000018   Zero   RW         2836    .bss                nrf_drv_spi.o
    0x20003430   0x00000020   Zero   RW         2884    .bss                app_button.o
    0x20003450   0x0000010c   Zero   RW         3196    .bss                app_timer.o
    0x2000355c   0x00000020   Zero   RW         3351    .bss                app_uart_fifo.o
    0x2000357c   0x0000000c   Zero   RW         3432    .bss                app_util_platform.o
    0x20003588   0x000000a0   Zero   RW         4029    .bss                nrf_fstorage_sd.o
    0x20003628   0x0000000c   Zero   RW         4212    .bss                nrf_pwr_mgmt.o
    0x20003634   0x00000040   Zero   RW         4388    .bss                nrf_log_backend_rtt.o
    0x20003674   0x000000c0   Zero   RW         4543    .bss                nrf_log_frontend.o
    0x20003734   0x00000424   Zero   RW         4544    .bss                nrf_log_frontend.o
    0x20003b58   0x00000288   Zero   RW         4785    .bss                segger_rtt.o
    0x20003de0   0x00002000   Zero   RW         5224    STACK               arm_startup_nrf52.o


==============================================================================

Image component sizes


      Code (inc. data)   RO Data    RW Data    ZI Data      Debug   Object Name

       440         36          8         32         32      13198   app_button.o
        22          0          0          0          0       2485   app_error.o
       124         40          0          0          0      30565   app_error_weak.o
       118          0          0          0          0       5118   app_fifo.o
      1506        118          6         20        268      48843   app_timer.o
       524         60         32         28         32      21270   app_uart_fifo.o
       124         14          0          0         12       9530   app_util_platform.o
        36          8       1024          0       8192        928   arm_startup_nrf52.o
      1314          0          0          0          0      38364   ble_advdata.o
      1116          6          0          0          0      13320   ble_advertising.o
       636         44          8          8         80       9391   ble_conn_params.o
       360         10          8          0        120       6939   ble_conn_state.o
        72          0          0          0          0       1684   ble_link_ctx_manager.o
       920          4         32          4          0       9000   ble_nus.o
         8          0          0          0          0       1486   ble_srv_common.o
       358         40          8          0          0      13663   boards.o
       982         82         44         16        108      15631   bsp.o
       320         10          8          8          0       9200   bsp_btn_ble.o
      1812        378         80         52        972     171185   main.o
       244          0          0          0          0       5725   nrf_atfifo.o
        64          0          0          0          0       3028   nrf_atflags.o
       306          0          0          0          0       8171   nrf_atomic.o
       164          0          0          0          0       3708   nrf_balloc.o
       922        254        205          4          0      37214   nrf_ble_gatt.o
       276          0          0          0          0       4773   nrf_ble_qwr.o
       276         34         30          4         20      37870   nrf_drv_clock.o
       168         18         16          0         24      14079   nrf_drv_spi.o
       200         26          0         12          0      17848   nrf_drv_uart.o
        50          0          0          0          0       3593   nrf_fprintf.o
       850          4         16          0          0       5558   nrf_fprintf_format.o
        80         10         21          4          0       2704   nrf_fstorage.o
       484         42         62         32        160       9841   nrf_fstorage_sd.o
       112         18         18          1         64       5965   nrf_log_backend_rtt.o
       200          0          0          0          0      10863   nrf_log_backend_serial.o
        28          6          0         12          0       3254   nrf_log_default_backends.o
      1490        118         64         24       1252      30293   nrf_log_frontend.o
       566        108        102         64          0       5892   nrf_log_str_formatter.o
       330          0          0          0          0       9763   nrf_memobj.o
       108         16         53         12         12      36531   nrf_pwr_mgmt.o
       660         60        104          7          0      43688   nrf_sdh.o
       756        224        539          5          0       6117   nrf_sdh_ble.o
        60          4         56          4          0       2628   nrf_sdh_soc.o
        78          0          0          0          0       2848   nrf_section_iter.o
        76         10       1319          0          0       2807   nrf_strerror.o
       222         28         14         12          0      41528   nrfx_clock.o
      1226         92         19          4         92      59054   nrfx_gpiote.o
        94         16         12         12          0       3921   nrfx_prs.o
       882         22         17          4         36      21403   nrfx_spim.o
      1362         36         17          4         44      31694   nrfx_uart.o
      1200         38         18          4         36      24185   nrfx_uarte.o
       606          8       2078          0          0      12042   oled.o
        14          0          0          4          0       2922   retarget.o
       378         34          0          0        648       9137   segger_rtt.o
       620         54          0          4          0       2571   system_nrf52.o
       466         80         40          1        512      55025   w25q16.o

    ----------------------------------------------------------------------
     26462       2210       6164        412      12716    1000043   Object Totals
         0          0         32          0          0          0   (incl. Generated)
        52          0         54         10          0          0   (incl. Padding)

    ----------------------------------------------------------------------

      Code (inc. data)   RO Data    RW Data    ZI Data      Debug   Library Member Name

        86          0          0          0          0          0   __dczerorl2.o
         8          4        133          0          0         68   ctype_o.o
         0          0          0          0          0          0   entry.o
         0          0          0          0          0          0   entry10a.o
         0          0          0          0          0          0   entry11a.o
         8          4          0          0          0          0   entry2.o
         4          0          0          0          0          0   entry5.o
         0          0          0          0          0          0   entry7b.o
         0          0          0          0          0          0   entry8b.o
         8          4          0          0          0          0   entry9a.o
        30          0          0          0          0          0   handlers.o
        36          8          0          0          0         68   init.o
        30          0          0          0          0         68   llshl.o
        32          0          0          0          0         68   llushr.o
        36          0          0          0          0         68   memcpya.o
        36          0          0          0          0        108   memseta.o
        50          8          0          0          0        152   printfb.o
        18          0          0          0          0         68   strcpy.o
        14          0          0          0          0         68   strlen.o
        98          0          0          0          0         92   uldiv.o

    ----------------------------------------------------------------------
       498         28        136          0          0        828   Library Totals
         4          0          3          0          0          0   (incl. Padding)

    ----------------------------------------------------------------------

      Code (inc. data)   RO Data    RW Data    ZI Data      Debug   Library Name

       494         28        133          0          0        828   mc_w.l

    ----------------------------------------------------------------------
       498         28        136          0          0        828   Library Totals

    ----------------------------------------------------------------------

==============================================================================


      Code (inc. data)   RO Data    RW Data    ZI Data      Debug   

     26960       2238       6300        412      12716     968043   Grand Totals
     26960       2238       6300         92      12716     968043   ELF Image Totals (compressed)
     26960       2238       6300         92          0          0   ROM Totals

==============================================================================

    Total RO  Size (Code + RO Data)                33260 (  32.48kB)
    Total RW  Size (RW Data + ZI Data)             13128 (  12.82kB)
    Total ROM Size (Code + RO Data + RW Data)      33352 (  32.57kB)

==============================================================================

