Component: ARM Compiler 5.06 update 1 (build 61) Tool: armlink [4d35a8]

==============================================================================

Section Cross References

    arm_startup_nrf52.o(RESET) refers to arm_startup_nrf52.o(STACK) for __initial_sp
    arm_startup_nrf52.o(RESET) refers to arm_startup_nrf52.o(.text) for Reset_Handler
    arm_startup_nrf52.o(RESET) refers to nrfx_clock.o(i.POWER_CLOCK_IRQHandler) for POWER_CLOCK_IRQHandler
    arm_startup_nrf52.o(RESET) refers to nrfx_prs.o(i.UARTE0_UART0_IRQHandler) for UARTE0_UART0_IRQHandler
    arm_startup_nrf52.o(RESET) refers to nrfx_gpiote.o(i.GPIOTE_IRQHandler) for GPIOTE_IRQHandler
    arm_startup_nrf52.o(RESET) refers to app_timer.o(i.RTC1_IRQHandler) for RTC1_IRQHandler
    arm_startup_nrf52.o(RESET) refers to app_timer.o(i.SWI0_EGU0_IRQHandler) for SWI0_EGU0_IRQHandler
    arm_startup_nrf52.o(RESET) refers to nrf_sdh.o(i.SWI2_EGU2_IRQHandler) for SWI2_EGU2_IRQHandler
    arm_startup_nrf52.o(.text) refers to system_nrf52.o(i.SystemInit) for SystemInit
    arm_startup_nrf52.o(.text) refers to entry.o(.ARM.Collect$$$$00000000) for __main
    system_nrf52.o(i.SystemCoreClockUpdate) refers to system_nrf52.o(.data) for .data
    system_nrf52.o(i.SystemInit) refers to system_nrf52.o(.data) for .data
    main.o(i.assert_nrf_callback) refers to app_error_handler_keil.o(.emb_text) for app_error_handler
    main.o(i.ble_evt_handler) refers to nrf_log_frontend.o(i.nrf_log_frontend_std_0) for nrf_log_frontend_std_0
    main.o(i.ble_evt_handler) refers to bsp.o(i.bsp_indication_set) for bsp_indication_set
    main.o(i.ble_evt_handler) refers to app_error.o(i.app_error_handler_bare) for app_error_handler_bare
    main.o(i.ble_evt_handler) refers to nrf_ble_qwr.o(i.nrf_ble_qwr_conn_handle_assign) for nrf_ble_qwr_conn_handle_assign
    main.o(i.ble_evt_handler) refers to main.o(.data) for .data
    main.o(i.ble_evt_handler) refers to nrf_log_frontend.o(log_dynamic_data) for m_nrf_log_app_logs_data_dynamic
    main.o(i.ble_evt_handler) refers to main.o(.bss) for .bss
    main.o(i.bsp_event_handler) refers to main.o(i.sleep_mode_enter) for sleep_mode_enter
    main.o(i.bsp_event_handler) refers to app_error.o(i.app_error_handler_bare) for app_error_handler_bare
    main.o(i.bsp_event_handler) refers to ble_advertising.o(i.ble_advertising_restart_without_whitelist) for ble_advertising_restart_without_whitelist
    main.o(i.bsp_event_handler) refers to main.o(.data) for .data
    main.o(i.bsp_event_handler) refers to main.o(.bss) for .bss
    main.o(i.conn_params_error_handler) refers to app_error.o(i.app_error_handler_bare) for app_error_handler_bare
    main.o(i.gatt_evt_handler) refers to nrf_log_frontend.o(i.nrf_log_frontend_std_2) for nrf_log_frontend_std_2
    main.o(i.gatt_evt_handler) refers to main.o(.data) for .data
    main.o(i.gatt_evt_handler) refers to nrf_log_frontend.o(log_dynamic_data) for m_nrf_log_app_logs_data_dynamic
    main.o(i.gatt_init) refers to nrf_ble_gatt.o(i.nrf_ble_gatt_init) for nrf_ble_gatt_init
    main.o(i.gatt_init) refers to app_error.o(i.app_error_handler_bare) for app_error_handler_bare
    main.o(i.gatt_init) refers to nrf_ble_gatt.o(i.nrf_ble_gatt_att_mtu_periph_set) for nrf_ble_gatt_att_mtu_periph_set
    main.o(i.gatt_init) refers to main.o(i.gatt_evt_handler) for gatt_evt_handler
    main.o(i.gatt_init) refers to main.o(.bss) for .bss
    main.o(i.main) refers to memcpya.o(.text) for __aeabi_memcpy4
    main.o(i.main) refers to app_uart_fifo.o(i.app_uart_init) for app_uart_init
    main.o(i.main) refers to app_error.o(i.app_error_handler_bare) for app_error_handler_bare
    main.o(i.main) refers to nrf_log_frontend.o(i.nrf_log_init) for nrf_log_init
    main.o(i.main) refers to nrf_log_default_backends.o(i.nrf_log_default_backends_init) for nrf_log_default_backends_init
    main.o(i.main) refers to app_timer.o(i.app_timer_init) for app_timer_init
    main.o(i.main) refers to bsp.o(i.bsp_init) for bsp_init
    main.o(i.main) refers to bsp_btn_ble.o(i.bsp_btn_ble_init) for bsp_btn_ble_init
    main.o(i.main) refers to nrf_pwr_mgmt.o(i.nrf_pwr_mgmt_init) for nrf_pwr_mgmt_init
    main.o(i.main) refers to nrf_sdh.o(i.nrf_sdh_enable_request) for nrf_sdh_enable_request
    main.o(i.main) refers to nrf_sdh_ble.o(i.nrf_sdh_ble_default_cfg_set) for nrf_sdh_ble_default_cfg_set
    main.o(i.main) refers to nrf_sdh_ble.o(i.nrf_sdh_ble_enable) for nrf_sdh_ble_enable
    main.o(i.main) refers to main.o(i.gatt_init) for gatt_init
    main.o(i.main) refers to nrf_ble_qwr.o(i.nrf_ble_qwr_init) for nrf_ble_qwr_init
    main.o(i.main) refers to ble_nus.o(i.ble_nus_init) for ble_nus_init
    main.o(i.main) refers to memseta.o(.text) for __aeabi_memclr4
    main.o(i.main) refers to ble_advertising.o(i.ble_advertising_init) for ble_advertising_init
    main.o(i.main) refers to ble_advertising.o(i.ble_advertising_conn_cfg_tag_set) for ble_advertising_conn_cfg_tag_set
[...]
    __tagsym$$used                           0x20002c1c   Number         0  nrf_log_frontend.o(log_dynamic_data)
    log_dynamic_data                         0x20002c20   Section        4  nrf_sdh.o(log_dynamic_data)
    __tagsym$$used                           0x20002c20   Number         0  nrf_sdh.o(log_dynamic_data)
    log_dynamic_data                         0x20002c24   Section        4  nrf_sdh_ble.o(log_dynamic_data)
    __tagsym$$used                           0x20002c24   Number         0  nrf_sdh_ble.o(log_dynamic_data)
    log_dynamic_data                         0x20002c28   Section        4  nrf_sdh_soc.o(log_dynamic_data)
    __tagsym$$used                           0x20002c28   Number         0  nrf_sdh_soc.o(log_dynamic_data)
    .bss                                     0x20002c2c   Section      972  main.o(.bss)
    data_array                               0x20002c2c   Data         244  main.o(.bss)
    rx_buf                                   0x20002d20   Data         256  main.o(.bss)
    tx_buf                                   0x20002e20   Data         256  main.o(.bss)
    m_gatt                                   0x20002f20   Data          20  main.o(.bss)
    m_qwr                                    0x20002f34   Data          12  main.o(.bss)
    m_advertising                            0x20002f40   Data         184  main.o(.bss)
    .bss                                     0x20002ff8   Section       32  bsp.o(.bss)
    m_bsp_leds_tmr_data                      0x20002ff8   Data          32  bsp.o(.bss)
    .bss                                     0x20003018   Section       32  bsp.o(.bss)
    m_bsp_alert_tmr_data                     0x20003018   Data          32  bsp.o(.bss)
    .bss                                     0x20003038   Section       12  bsp.o(.bss)
    m_events_list                            0x20003038   Data          12  bsp.o(.bss)
    .bss                                     0x20003044   Section       32  bsp.o(.bss)
    m_bsp_button_tmr_data                    0x20003044   Data          32  bsp.o(.bss)
    .bss                                     0x20003064   Section       80  ble_conn_params.o(.bss)
    m_timer_data                             0x20003064   Data          32  ble_conn_params.o(.bss)
    m_conn_params_instances                  0x20003084   Data          20  ble_conn_params.o(.bss)
    m_conn_params_config                     0x20003098   Data          28  ble_conn_params.o(.bss)
    .bss                                     0x200030b4   Section      120  ble_conn_state.o(.bss)
    m_bcs                                    0x200030b4   Data         120  ble_conn_state.o(.bss)
    .bss                                     0x2000312c   Section       20  nrf_drv_clock.o(.bss)
    m_clock_cb                               0x2000312c   Data          20  nrf_drv_clock.o(.bss)
    .bss                                     0x20003140   Section       92  nrfx_gpiote.o(.bss)
    m_cb                                     0x20003140   Data          92  nrfx_gpiote.o(.bss)
    .bss                                     0x2000319c   Section       44  nrfx_uart.o(.bss)
    m_cb                                     0x2000319c   Data          44  nrfx_uart.o(.bss)
    .bss                                     0x200031c8   Section       36  nrfx_uarte.o(.bss)
    m_cb                                     0x200031c8   Data          36  nrfx_uarte.o(.bss)
    .bss                                     0x200031ec   Section       32  app_button.o(.bss)
    m_detection_delay_timer_id_data          0x200031ec   Data          32  app_button.o(.bss)
    .bss                                     0x2000320c   Section      268  app_timer.o(.bss)
    m_op_queue                               0x2000320c   Data         268  app_timer.o(.bss)
    .bss                                     0x20003318   Section       32  app_uart_fifo.o(.bss)
    m_rx_fifo                                0x20003318   Data          16  app_uart_fifo.o(.bss)
    m_tx_fifo                                0x20003328   Data          16  app_uart_fifo.o(.bss)
    .bss                                     0x20003338   Section       12  app_util_platform.o(.bss)
    .bss                                     0x20003344   Section      160  nrf_fstorage_sd.o(.bss)
    m_fifo_data                              0x20003344   Data         140  nrf_fstorage_sd.o(.bss)
    m_flags                                  0x200033d0   Data          20  nrf_fstorage_sd.o(.bss)
    .bss                                     0x200033e4   Section       12  nrf_pwr_mgmt.o(.bss)
    m_handlers_iter                          0x200033e4   Data          12  nrf_pwr_mgmt.o(.bss)
    .bss                                     0x200033f0   Section       64  nrf_log_backend_rtt.o(.bss)
    m_string_buff                            0x200033f0   Data          64  nrf_log_backend_rtt.o(.bss)
    .bss                                     0x20003430   Section      192  nrf_log_frontend.o(.bss)
    log_mempool_nrf_balloc_pool_mem          0x20003430   Data         192  nrf_log_frontend.o(.bss)
    .bss                                     0x200034f0   Section     1060  nrf_log_frontend.o(.bss)
    m_log_data                               0x200034f0   Data        1060  nrf_log_frontend.o(.bss)
    .bss                                     0x20003914   Section      648  segger_rtt.o(.bss)
    _acUpBuffer                              0x2000398c   Data         512  segger_rtt.o(.bss)
    _acDownBuffer                            0x20003b8c   Data          16  segger_rtt.o(.bss)
    STACK                                    0x20003ba0   Section     8192  arm_startup_nrf52.o(STACK)

    Global Symbols

    Symbol Name                              Value     Ov Type        Size  Object(Section)

    BuildAttributes$$THM_ISAv4$E$P$D$K$B$S$7EM$VFPi3$EXTD16$VFPS$VFMA$PE$A:L22UL41UL21$X:L11$S22US41US21$IEEE1$IW$USESV6$~STKCKD$USESV7$~SHL$OSPACE$ROPI$EBA8$MICROLIB$REQ8$EABIv2 0x00000000   Number         0  anon$$obj.o ABSOLUTE
    __ARM_use_no_argv                        0x00000000   Number         0  main.o ABSOLUTE
    __cpp_initialize__aeabi_                  - Undefined Weak Reference
    __cxa_finalize                            - Undefined Weak Reference
    _clock_init                               - Undefined Weak Reference
    _microlib_exit                            - Undefined Weak Reference
    fs_data$$Base                             - Undefined Reference
    fs_data$$Limit                            - Undefined Reference
    pwr_mgmt_data0$$Base                      - Undefined Reference
    pwr_mgmt_data0$$Limit                     - Undefined Reference
    pwr_mgmt_data1$$Base                      - Undefined Reference
    pwr_mgmt_data1$$Limit                     - Undefined Reference
    pwr_mgmt_data2$$Base                      - Undefined Reference
    pwr_mgmt_data2$$Limit                     - Undefined Reference
    sdh_req_observers1$$Base                  - Undefined Reference
    sdh_req_observers1$$Limit                 - Undefined Reference
    sdh_stack_observers1$$Base                - Undefined Reference
    sdh_stack_observers1$$Limit               - Undefined Reference
    sdh_state_observers1$$Base                - Undefined Reference
    sdh_state_observers1$$Limit               - Undefined Reference
    __Vectors_Size                           0x00000200   Number         0  arm_startup_nrf52.o ABSOLUTE
    __Vectors                                0x00026000   Data           4  arm_startup_nrf52.o(RESET)
    __Vectors_End                            0x00026200   Data           0  arm_startup_nrf52.o(RESET)
    __main                                   0x00026201   Thumb Code     0  entry.o(.ARM.Collect$$$$00000000)
    _main_stk                                0x00026201   Thumb Code     0  entry2.o(.ARM.Collect$$$$00000001)
    _main_scatterload                        0x00026205   Thumb Code     0  entry5.o(.ARM.Collect$$$$00000004)
    __main_after_scatterload                 0x00026209   Thumb Code     0  entry5.o(.ARM.Collect$$$$00000004)
    _main_clock                              0x00026209   Thumb Code     0  entry7b.o(.ARM.Collect$$$$00000008)
    _main_cpp_init                           0x00026209   Thumb Code     0  entry8b.o(.ARM.Collect$$$$0000000A)
    _main_init                               0x00026209   Thumb Code     0  entry9a.o(.ARM.Collect$$$$0000000B)
    __rt_final_cpp                           0x00026211   Thumb Code     0  entry10a.o(.ARM.Collect$$$$0000000D)
    __rt_final_exit                          0x00026211   Thumb Code     0  entry11a.o(.ARM.Collect$$$$0000000F)
    __asm___12_nrf_atfifo_c_51f461e1__nrf_atfifo_wspace_req 0x00026215   Thumb Code    56  nrf_atfifo.o(.emb_text)
    __asm___12_nrf_atfifo_c_51f461e1__nrf_atfifo_wspace_close 0x0002624d   Thumb Code    18  nrf_atfifo.o(.emb_text)
    __asm___12_nrf_atfifo_c_51f461e1__nrf_atfifo_rspace_req 0x0002625f   Thumb Code    58  nrf_atfifo.o(.emb_text)
    __asm___12_nrf_atfifo_c_51f461e1__nrf_atfifo_rspace_close 0x00026299   Thumb Code    18  nrf_atfifo.o(.emb_text)
    __asm___12_nrf_atfifo_c_51f461e1__nrf_atfifo_space_clear 0x000262ab   Thumb Code    50  nrf_atfifo.o(.emb_text)
    __asm___12_nrf_atomic_c_85ca2469__nrf_atomic_internal_mov 0x000262dd   Thumb Code    24  nrf_atomic.o(.emb_text)
    __asm___12_nrf_atomic_c_85ca2469__nrf_atomic_internal_orr 0x000262f5   Thumb Code    26  nrf_atomic.o(.emb_text)
    __asm___12_nrf_atomic_c_85ca2469__nrf_atomic_internal_and 0x0002630f   Thumb Code    26  nrf_atomic.o(.emb_text)
    __asm___12_nrf_atomic_c_85ca2469__nrf_atomic_internal_eor 0x00026329   Thumb Code    26  nrf_atomic.o(.emb_text)
    __asm___12_nrf_atomic_c_85ca2469__nrf_atomic_internal_add 0x00026343   Thumb Code    26  nrf_atomic.o(.emb_text)
    __asm___12_nrf_atomic_c_85ca2469__nrf_atomic_internal_sub 0x0002635d   Thumb Code    26  nrf_atomic.o(.emb_text)
    __asm___12_nrf_atomic_c_85ca2469__nrf_atomic_internal_cmp_exch 0x00026377   Thumb Code    42  nrf_atomic.o(.emb_text)
    __asm___12_nrf_atomic_c_85ca2469__nrf_atomic_internal_sub_hs 0x000263a1   Thumb Code    30  nrf_atomic.o(.emb_text)
    Reset_Handler                            0x000263c1   Thumb Code     8  arm_startup_nrf52.o(.text)
    NMI_Handler                              0x000263c9   Thumb Code     2  arm_startup_nrf52.o(.text)
    HardFault_Handler                        0x000263cb   Thumb Code     2  arm_startup_nrf52.o(.text)
    MemoryManagement_Handler                 0x000263cd   Thumb Code     2  arm_startup_nrf52.o(.text)
    BusFault_Handler                         0x000263cf   Thumb Code     2  arm_startup_nrf52.o(.text)
    UsageFault_Handler                       0x000263d1   Thumb Code     2  arm_startup_nrf52.o(.text)
    SVC_Handler                              0x000263d3   Thumb Code     2  arm_startup_nrf52.o(.text)
    DebugMon_Handler                         0x000263d5   Thumb Code     2  arm_startup_nrf52.o(.text)
    PendSV_Handler                           0x000263d7   Thumb Code     2  arm_startup_nrf52.o(.text)
    SysTick_Handler                          0x000263d9   Thumb Code     2  arm_startup_nrf52.o(.text)
    CCM_AAR_IRQHandler                       0x000263db   Thumb Code     0  arm_startup_nrf52.o(.text)
    COMP_LPCOMP_IRQHandler                   0x000263db   Thumb Code     0  arm_startup_nrf52.o(.text)
    ECB_IRQHandler                           0x000263db   Thumb Code     0  arm_startup_nrf52.o(.text)
    FPU_IRQHandler                           0x000263db   Thumb Code     0  arm_startup_nrf52.o(.text)
    I2S_IRQHandler                           0x000263db   Thumb Code     0  arm_startup_nrf52.o(.text)
    MWU_IRQHandler                           0x000263db   Thumb Code     0  arm_startup_nrf52.o(.text)
    NFCT_IRQHandler                          0x000263db   Thumb Code     0  arm_startup_nrf52.o(.text)
    PDM_IRQHandler                           0x000263db   Thumb Code     0  arm_startup_nrf52.o(.text)
    PWM0_IRQHandler                          0x000263db   Thumb Code     0  arm_startup_nrf52.o(.text)
    PWM1_IRQHandler                          0x000263db   Thumb Code     0  arm_startup_nrf52.o(.text)
    PWM2_IRQHandler                          0x000263db   Thumb Code     0  arm_startup_nrf52.o(.text)
    QDEC_IRQHandler                          0x000263db   Thumb Code     0  arm_startup_nrf52.o(.text)
    RADIO_IRQHandler                         0x000263db   Thumb Code     0  arm_startup_nrf52.o(.text)
    RNG_IRQHandler                           0x000263db   Thumb Code     0  arm_startup_nrf52.o(.text)
    RTC0_IRQHandler                          0x000263db   Thumb Code     0  arm_startup_nrf52.o(.text)
    RTC2_IRQHandler                          0x000263db   Thumb Code     0  arm_startup_nrf52.o(.text)
    SAADC_IRQHandler                         0x000263db   Thumb Code     0  arm_startup_nrf52.o(.text)
    SPIM0_SPIS0_TWIM0_TWIS0_SPI0_TWI0_IRQHandler 0x000263db   Thumb Code     0  arm_startup_nrf52.o(.text)
    SPIM1_SPIS1_TWIM1_TWIS1_SPI1_TWI1_IRQHandler 0x000263db   Thumb Code     0  arm_startup_nrf52.o(.text)
    SPIM2_SPIS2_SPI2_IRQHandler              0x000263db   Thumb Code     0  arm_startup_nrf52.o(.text)
    SWI1_EGU1_IRQHandler                     0x000263db   Thumb Code     0  arm_startup_nrf52.o(.text)
    SWI3_EGU3_IRQHandler                     0x000263db   Thumb Code     0  arm_startup_nrf52.o(.text)
    SWI4_EGU4_IRQHandler                     0x000263db   Thumb Code     0  arm_startup_nrf52.o(.text)
    SWI5_EGU5_IRQHandler                     0x000263db   Thumb Code     0  arm_startup_nrf52.o(.text)
    TEMP_IRQHandler                          0x000263db   Thumb Code     0  arm_startup_nrf52.o(.text)
    TIMER0_IRQHandler                        0x000263db   Thumb Code     0  arm_startup_nrf52.o(.text)
    TIMER1_IRQHandler                        0x000263db   Thumb Code     0  arm_startup_nrf52.o(.text)
    TIMER2_IRQHandler                        0x000263db   Thumb Code     0  arm_startup_nrf52.o(.text)
    TIMER3_IRQHandler                        0x000263db   Thumb Code     0  arm_startup_nrf52.o(.text)
    TIMER4_IRQHandler                        0x000263db   Thumb Code     0  arm_startup_nrf52.o(.text)
    WDT_IRQHandler                           0x000263db   Thumb Code     0  arm_startup_nrf52.o(.text)
    __aeabi_uldivmod                         0x000263e5   Thumb Code    98  uldiv.o(.text)
    __aeabi_llsl                             0x00026447   Thumb Code    30  llshl.o(.text)
    _ll_shift_l                              0x00026447   Thumb Code     0  llshl.o(.text)
    __rt_ctype_table                         0x00026465   Thumb Code     4  ctype_o.o(.text)
    __aeabi_memcpy                           0x0002646d   Thumb Code    36  memcpya.o(.text)
    __aeabi_memcpy4                          0x0002646d   Thumb Code     0  memcpya.o(.text)
    __aeabi_memcpy8                          0x0002646d   Thumb Code     0  memcpya.o(.text)
    __aeabi_memset                           0x00026491   Thumb Code    14  memseta.o(.text)
    __aeabi_memset4                          0x00026491   Thumb Code     0  memseta.o(.text)
    __aeabi_memset8                          0x00026491   Thumb Code     0  memseta.o(.text)
    __aeabi_memclr                           0x0002649f   Thumb Code     4  memseta.o(.text)
    __aeabi_memclr4                          0x0002649f   Thumb Code     0  memseta.o(.text)
    __aeabi_memclr8                          0x0002649f   Thumb Code     0  memseta.o(.text)
    _memset$wrapper                          0x000264a3   Thumb Code    18  memseta.o(.text)
    strlen                                   0x000264b5   Thumb Code    14  strlen.o(.text)
    strcpy                                   0x000264c3   Thumb Code    18  strcpy.o(.text)
    __aeabi_llsr                             0x000264d5   Thumb Code    32  llushr.o(.text)
    _ll_ushift_r                             0x000264d5   Thumb Code     0  llushr.o(.text)
    __scatterload                            0x000264f5   Thumb Code    28  init.o(.text)
    __scatterload_rt2                        0x000264f5   Thumb Code     0  init.o(.text)
    __decompress                             0x00026519   Thumb Code     0  __dczerorl2.o(.text)
    __decompress1                            0x00026519   Thumb Code    86  __dczerorl2.o(.text)
    GPIOTE_IRQHandler                        0x00026571   Thumb Code   346  nrfx_gpiote.o(i.GPIOTE_IRQHandler)
    POWER_CLOCK_IRQHandler                   0x00026739   Thumb Code    82  nrfx_clock.o(i.POWER_CLOCK_IRQHandler)
    RTC1_IRQHandler                          0x00026791   Thumb Code    32  app_timer.o(i.RTC1_IRQHandler)
    SEGGER_RTT_Init                          0x000267b5   Thumb Code     4  segger_rtt.o(i.SEGGER_RTT_Init)
    SEGGER_RTT_WriteNoLock                   0x000267b9   Thumb Code    86  segger_rtt.o(i.SEGGER_RTT_WriteNoLock)
    SWI0_EGU0_IRQHandler                     0x00026815   Thumb Code     4  app_timer.o(i.SWI0_EGU0_IRQHandler)
    SWI2_EGU2_IRQHandler                     0x00026819   Thumb Code     4  nrf_sdh.o(i.SWI2_EGU2_IRQHandler)
    SystemInit                               0x0002681d   Thumb Code   724  system_nrf52.o(i.SystemInit)
    UARTE0_UART0_IRQHandler                  0x00026b35   Thumb Code     6  nrfx_prs.o(i.UARTE0_UART0_IRQHandler)
    __0printf$bare                           0x00026c5d   Thumb Code     8  printfb.o(i.__0printf$bare)
    __1printf$bare                           0x00026c5d   Thumb Code     0  printfb.o(i.__0printf$bare)
    __2printf                                0x00026c5d   Thumb Code     0  printfb.o(i.__0printf$bare)
    __scatterload_copy                       0x00026c6d   Thumb Code    14  handlers.o(i.__scatterload_copy)
    __scatterload_null                       0x00026c7b   Thumb Code     2  handlers.o(i.__scatterload_null)
    __scatterload_zeroinit                   0x00026c7d   Thumb Code    14  handlers.o(i.__scatterload_zeroinit)
    app_button_enable                        0x00026d25   Thumb Code    32  app_button.o(i.app_button_enable)
    app_button_init                          0x00026d49   Thumb Code   102  app_button.o(i.app_button_init)
    app_error_fault_handler                  0x00026dc1   Thumb Code    82  app_error_weak.o(i.app_error_fault_handler)
    app_error_handler_bare                   0x00026e3d   Thumb Code    22  app_error.o(i.app_error_handler_bare)
    app_fifo_get                             0x00026e53   Thumb Code    22  app_fifo.o(i.app_fifo_get)
    app_fifo_init                            0x00026e69   Thumb Code    32  app_fifo.o(i.app_fifo_init)
    app_fifo_put                             0x00026e89   Thumb Code    26  app_fifo.o(i.app_fifo_put)
    app_timer_create                         0x00026ea5   Thumb Code    32  app_timer.o(i.app_timer_create)
    app_timer_init                           0x00026ec9   Thumb Code    70  app_timer.o(i.app_timer_init)
    app_timer_start                          0x00026f1d   Thumb Code   128  app_timer.o(i.app_timer_start)
    app_timer_stop                           0x00026fa5   Thumb Code    26  app_timer.o(i.app_timer_stop)
    app_uart_get                             0x00026fc5   Thumb Code    42  app_uart_fifo.o(i.app_uart_get)
    app_uart_init                            0x00026ff9   Thumb Code   148  app_uart_fifo.o(i.app_uart_init)
    app_uart_put                             0x0002709d   Thumb Code    70  app_uart_fifo.o(i.app_uart_put)
    app_util_critical_region_enter           0x000270f1   Thumb Code    64  app_util_platform.o(i.app_util_critical_region_enter)
    app_util_critical_region_exit            0x00027139   Thumb Code    46  app_util_platform.o(i.app_util_critical_region_exit)
    blcm_link_ctx_get                        0x0002727d   Thumb Code    72  ble_link_ctx_manager.o(i.blcm_link_ctx_get)
    ble_advdata_encode                       0x000272c5   Thumb Code   386  ble_advdata.o(i.ble_advdata_encode)
    ble_advdata_parse                        0x00027447   Thumb Code    32  ble_advdata.o(i.ble_advdata_parse)
    ble_advdata_search                       0x00027467   Thumb Code    56  ble_advdata.o(i.ble_advdata_search)
    ble_advertising_conn_cfg_tag_set         0x0002749f   Thumb Code     6  ble_advertising.o(i.ble_advertising_conn_cfg_tag_set)
    ble_advertising_init                     0x000274a5   Thumb Code   250  ble_advertising.o(i.ble_advertising_init)
    ble_advertising_on_ble_evt               0x0002759f   Thumb Code   106  ble_advertising.o(i.ble_advertising_on_ble_evt)
    ble_advertising_on_sys_evt               0x00027609   Thumb Code    48  ble_advertising.o(i.ble_advertising_on_sys_evt)
    ble_advertising_restart_without_whitelist 0x00027639   Thumb Code    58  ble_advertising.o(i.ble_advertising_restart_without_whitelist)
    ble_advertising_start                    0x00027673   Thumb Code   566  ble_advertising.o(i.ble_advertising_start)
    ble_conn_params_init                     0x000278a9   Thumb Code    90  ble_conn_params.o(i.ble_conn_params_init)
    ble_conn_state_conn_idx                  0x00027911   Thumb Code    18  ble_conn_state.o(i.ble_conn_state_conn_idx)
    ble_conn_state_valid                     0x00027925   Thumb Code    16  ble_conn_state.o(i.ble_conn_state_valid)
    ble_nus_data_send                        0x00027cd9   Thumb Code   102  ble_nus.o(i.ble_nus_data_send)
    ble_nus_init                             0x00027d41   Thumb Code    84  ble_nus.o(i.ble_nus_init)
    ble_nus_on_ble_evt                       0x00027d99   Thumb Code   112  ble_nus.o(i.ble_nus_on_ble_evt)
    ble_srv_is_notification_enabled          0x00027e09   Thumb Code     8  ble_srv_common.o(i.ble_srv_is_notification_enabled)
    bsp_board_button_idx_to_pin              0x00027e11   Thumb Code     6  boards.o(i.bsp_board_button_idx_to_pin)
    bsp_board_button_state_get               0x00027e1d   Thumb Code    28  boards.o(i.bsp_board_button_state_get)
    bsp_board_init                           0x00027e3d   Thumb Code    80  boards.o(i.bsp_board_init)
    bsp_board_led_invert                     0x00027e91   Thumb Code    32  boards.o(i.bsp_board_led_invert)
    bsp_board_led_off                        0x00027eb5   Thumb Code    10  boards.o(i.bsp_board_led_off)
    bsp_board_led_on                         0x00027ec5   Thumb Code    10  boards.o(i.bsp_board_led_on)
    bsp_board_led_state_get                  0x00027ed5   Thumb Code    28  boards.o(i.bsp_board_led_state_get)
    bsp_board_leds_off                       0x00027ef5   Thumb Code    18  boards.o(i.bsp_board_leds_off)
    bsp_board_leds_on                        0x00027f07   Thumb Code    18  boards.o(i.bsp_board_leds_on)
    bsp_board_pin_to_button_idx              0x00027f19   Thumb Code    30  boards.o(i.bsp_board_pin_to_button_idx)
    bsp_btn_ble_init                         0x00027f3d   Thumb Code    52  bsp_btn_ble.o(i.bsp_btn_ble_init)
    bsp_btn_ble_sleep_mode_prepare           0x00027f75   Thumb Code    30  bsp_btn_ble.o(i.bsp_btn_ble_sleep_mode_prepare)
    bsp_button_is_pressed                    0x00028025   Thumb Code    12  bsp.o(i.bsp_button_is_pressed)
    bsp_event_handler                        0x00028031   Thumb Code    66  main.o(i.bsp_event_handler)
    bsp_event_to_button_action_assign        0x0002807d   Thumb Code    64  bsp.o(i.bsp_event_to_button_action_assign)
    bsp_indication_set                       0x000280c1   Thumb Code    20  bsp.o(i.bsp_indication_set)
    bsp_init                                 0x000280d9   Thumb Code   128  bsp.o(i.bsp_init)
    bsp_wakeup_button_enable                 0x00028325   Thumb Code     6  bsp.o(i.bsp_wakeup_button_enable)
    buffer_is_empty                          0x000283dd   Thumb Code    16  nrf_log_frontend.o(i.buffer_is_empty)
    conn_handle_list_get                     0x0002855d   Thumb Code    62  ble_conn_state.o(i.conn_handle_list_get)
    fputc                                    0x000288bb   Thumb Code    14  retarget.o(i.fputc)
    gatt_evt_handler                         0x000288c9   Thumb Code    48  main.o(i.gatt_evt_handler)
    gatt_init                                0x0002891d   Thumb Code    38  main.o(i.gatt_init)
    main                                     0x00028d8d   Thumb Code   448  main.o(i.main)
    nrf_atfifo_item_free                     0x00029175   Thumb Code    22  nrf_atfifo.o(i.nrf_atfifo_item_free)
    nrf_atfifo_item_get                      0x0002918b   Thumb Code    22  nrf_atfifo.o(i.nrf_atfifo_item_get)
    nrf_atflags_clear                        0x000291a1   Thumb Code    22  nrf_atflags.o(i.nrf_atflags_clear)
    nrf_atflags_get                          0x000291b7   Thumb Code    22  nrf_atflags.o(i.nrf_atflags_get)
    nrf_atflags_set                          0x000291cd   Thumb Code    20  nrf_atflags.o(i.nrf_atflags_set)
    nrf_atomic_flag_clear_fetch              0x000291e1   Thumb Code     6  nrf_atomic.o(i.nrf_atomic_flag_clear_fetch)
    nrf_atomic_flag_set                      0x000291e7   Thumb Code     6  nrf_atomic.o(i.nrf_atomic_flag_set)
    nrf_atomic_u32_add                       0x000291ed   Thumb Code    12  nrf_atomic.o(i.nrf_atomic_u32_add)
    nrf_atomic_u32_and                       0x000291f9   Thumb Code    12  nrf_atomic.o(i.nrf_atomic_u32_and)
    nrf_atomic_u32_fetch_and                 0x00029205   Thumb Code    10  nrf_atomic.o(i.nrf_atomic_u32_fetch_and)
    nrf_atomic_u32_fetch_store               0x0002920f   Thumb Code    10  nrf_atomic.o(i.nrf_atomic_u32_fetch_store)
    nrf_atomic_u32_or                        0x00029219   Thumb Code    12  nrf_atomic.o(i.nrf_atomic_u32_or)
    nrf_atomic_u32_sub                       0x00029225   Thumb Code    12  nrf_atomic.o(i.nrf_atomic_u32_sub)
    nrf_balloc_alloc                         0x00029231   Thumb Code    68  nrf_balloc.o(i.nrf_balloc_alloc)
    nrf_balloc_free                          0x00029275   Thumb Code    48  nrf_balloc.o(i.nrf_balloc_free)
    nrf_balloc_init                          0x000292a5   Thumb Code    48  nrf_balloc.o(i.nrf_balloc_init)
    nrf_ble_gatt_att_mtu_periph_set          0x000292f9   Thumb Code    24  nrf_ble_gatt.o(i.nrf_ble_gatt_att_mtu_periph_set)
    nrf_ble_gatt_init                        0x00029311   Thumb Code    34  nrf_ble_gatt.o(i.nrf_ble_gatt_init)
    nrf_ble_gatt_on_ble_evt                  0x00029335   Thumb Code   266  nrf_ble_gatt.o(i.nrf_ble_gatt_on_ble_evt)
    nrf_ble_qwr_conn_handle_assign           0x0002947d   Thumb Code    22  nrf_ble_qwr.o(i.nrf_ble_qwr_conn_handle_assign)
    nrf_ble_qwr_init                         0x00029493   Thumb Code    36  nrf_ble_qwr.o(i.nrf_ble_qwr_init)
    nrf_ble_qwr_on_ble_evt                   0x000294b7   Thumb Code   182  nrf_ble_qwr.o(i.nrf_ble_qwr_on_ble_evt)
    nrf_drv_clock_init                       0x0002958d   Thumb Code    48  nrf_drv_clock.o(i.nrf_drv_clock_init)
    nrf_drv_clock_lfclk_release              0x000295c5   Thumb Code    42  nrf_drv_clock.o(i.nrf_drv_clock_lfclk_release)
    nrf_drv_uart_init                        0x000295f5   Thumb Code    90  nrf_drv_uart.o(i.nrf_drv_uart_init)
    nrf_fprintf                              0x0002969d   Thumb Code    26  nrf_fprintf.o(i.nrf_fprintf)
    nrf_fprintf_buffer_flush                 0x000296b7   Thumb Code    24  nrf_fprintf.o(i.nrf_fprintf_buffer_flush)
    nrf_fprintf_fmt                          0x000296cf   Thumb Code   474  nrf_fprintf_format.o(i.nrf_fprintf_fmt)
    nrf_fstorage_is_busy                     0x000298a9   Thumb Code    70  nrf_fstorage.o(i.nrf_fstorage_is_busy)
    nrf_fstorage_sdh_req_handler             0x000298f9   Thumb Code    18  nrf_fstorage_sd.o(i.nrf_fstorage_sdh_req_handler)
    nrf_fstorage_sdh_state_handler           0x00029911   Thumb Code    28  nrf_fstorage_sd.o(i.nrf_fstorage_sdh_state_handler)
    nrf_fstorage_sys_evt_handler             0x00029931   Thumb Code   154  nrf_fstorage_sd.o(i.nrf_fstorage_sys_evt_handler)
    nrf_log_backend_add                      0x00029b35   Thumb Code    74  nrf_log_frontend.o(i.nrf_log_backend_add)
    nrf_log_backend_rtt_init                 0x00029b87   Thumb Code     4  nrf_log_backend_rtt.o(i.nrf_log_backend_rtt_init)
    nrf_log_backend_serial_put               0x00029ba5   Thumb Code   200  nrf_log_backend_serial.o(i.nrf_log_backend_serial_put)
    nrf_log_color_id_get                     0x00029c6d   Thumb Code    42  nrf_log_frontend.o(i.nrf_log_color_id_get)
    nrf_log_default_backends_init            0x00029c9d   Thumb Code    22  nrf_log_default_backends.o(i.nrf_log_default_backends_init)
    nrf_log_frontend_dequeue                 0x00029cb9   Thumb Code   510  nrf_log_frontend.o(i.nrf_log_frontend_dequeue)
    nrf_log_frontend_std_0                   0x00029ed9   Thumb Code     8  nrf_log_frontend.o(i.nrf_log_frontend_std_0)
    nrf_log_frontend_std_1                   0x00029ee1   Thumb Code    14  nrf_log_frontend.o(i.nrf_log_frontend_std_1)
    nrf_log_frontend_std_2                   0x00029eef   Thumb Code    16  nrf_log_frontend.o(i.nrf_log_frontend_std_2)
    nrf_log_hexdump_entry_process            0x00029f01   Thumb Code   146  nrf_log_str_formatter.o(i.nrf_log_hexdump_entry_process)
    nrf_log_init                             0x00029fad   Thumb Code    66  nrf_log_frontend.o(i.nrf_log_init)
    nrf_log_module_cnt_get                   0x0002a005   Thumb Code    10  nrf_log_frontend.o(i.nrf_log_module_cnt_get)
    nrf_log_module_name_get                  0x0002a019   Thumb Code    24  nrf_log_frontend.o(i.nrf_log_module_name_get)
    nrf_log_panic                            0x0002a035   Thumb Code    34  nrf_log_frontend.o(i.nrf_log_panic)
    nrf_log_std_entry_process                0x0002a05d   Thumb Code   182  nrf_log_str_formatter.o(i.nrf_log_std_entry_process)
    nrf_memobj_alloc                         0x0002a113   Thumb Code    96  nrf_memobj.o(i.nrf_memobj_alloc)
    nrf_memobj_free                          0x0002a173   Thumb Code    50  nrf_memobj.o(i.nrf_memobj_free)
    nrf_memobj_get                           0x0002a1a5   Thumb Code     8  nrf_memobj.o(i.nrf_memobj_get)
    nrf_memobj_pool_init                     0x0002a1ad   Thumb Code     4  nrf_memobj.o(i.nrf_memobj_pool_init)
    nrf_memobj_put                           0x0002a1b1   Thumb Code    30  nrf_memobj.o(i.nrf_memobj_put)
    nrf_memobj_read                          0x0002a1cf   Thumb Code    12  nrf_memobj.o(i.nrf_memobj_read)
    nrf_memobj_write                         0x0002a1db   Thumb Code    12  nrf_memobj.o(i.nrf_memobj_write)
    nrf_pwr_mgmt_init                        0x0002a1e9   Thumb Code    28  nrf_pwr_mgmt.o(i.nrf_pwr_mgmt_init)
    nrf_pwr_mgmt_run                         0x0002a211   Thumb Code    64  nrf_pwr_mgmt.o(i.nrf_pwr_mgmt_run)
    nrf_sdh_ble_app_ram_start_get            0x0002a259   Thumb Code    16  nrf_sdh_ble.o(i.nrf_sdh_ble_app_ram_start_get)
    nrf_sdh_ble_default_cfg_set              0x0002a26d   Thumb Code   312  nrf_sdh_ble.o(i.nrf_sdh_ble_default_cfg_set)
    nrf_sdh_ble_enable                       0x0002a3c1   Thumb Code   116  nrf_sdh_ble.o(i.nrf_sdh_ble_enable)
    nrf_sdh_disable_request                  0x0002a54d   Thumb Code    80  nrf_sdh.o(i.nrf_sdh_disable_request)
    nrf_sdh_enable_request                   0x0002a5a1   Thumb Code   130  nrf_sdh.o(i.nrf_sdh_enable_request)
    nrf_sdh_evts_poll                        0x0002a631   Thumb Code    32  nrf_sdh.o(i.nrf_sdh_evts_poll)
    nrf_sdh_is_enabled                       0x0002a655   Thumb Code     6  nrf_sdh.o(i.nrf_sdh_is_enabled)
    nrf_sdh_request_continue                 0x0002a661   Thumb Code    22  nrf_sdh.o(i.nrf_sdh_request_continue)
    nrf_section_iter_init                    0x0002a6b9   Thumb Code    10  nrf_section_iter.o(i.nrf_section_iter_init)
    nrf_section_iter_next                    0x0002a6e7   Thumb Code    32  nrf_section_iter.o(i.nrf_section_iter_next)
    nrf_strerror_find                        0x0002a709   Thumb Code    52  nrf_strerror.o(i.nrf_strerror_find)
    nrf_strerror_get                         0x0002a741   Thumb Code    14  nrf_strerror.o(i.nrf_strerror_get)
    nrfx_clock_enable                        0x0002a78d   Thumb Code    36  nrfx_clock.o(i.nrfx_clock_enable)
    nrfx_clock_init                          0x0002a7b9   Thumb Code    26  nrfx_clock.o(i.nrfx_clock_init)
    nrfx_clock_lfclk_stop                    0x0002a7d9   Thumb Code    20  nrfx_clock.o(i.nrfx_clock_lfclk_stop)
    nrfx_gpiote_in_event_enable              0x0002a805   Thumb Code   156  nrfx_gpiote.o(i.nrfx_gpiote_in_event_enable)
    nrfx_gpiote_in_init                      0x0002a8a9   Thumb Code   194  nrfx_gpiote.o(i.nrfx_gpiote_in_init)
    nrfx_gpiote_in_is_set                    0x0002a979   Thumb Code    20  nrfx_gpiote.o(i.nrfx_gpiote_in_is_set)
    nrfx_gpiote_init                         0x0002a98d   Thumb Code    98  nrfx_gpiote.o(i.nrfx_gpiote_init)
    nrfx_gpiote_is_init                      0x0002a9fd   Thumb Code    14  nrfx_gpiote.o(i.nrfx_gpiote_is_init)
    nrfx_prs_acquire                         0x0002aa21   Thumb Code    58  nrfx_prs.o(i.nrfx_prs_acquire)
    nrfx_uart_0_irq_handler                  0x0002aa5d   Thumb Code     8  nrfx_uart.o(i.nrfx_uart_0_irq_handler)
    nrfx_uart_init                           0x0002aa6d   Thumb Code   200  nrfx_uart.o(i.nrfx_uart_init)
    nrfx_uart_rx                             0x0002ab41   Thumb Code   230  nrfx_uart.o(i.nrfx_uart_rx)
    nrfx_uart_tx                             0x0002ac2d   Thumb Code   160  nrfx_uart.o(i.nrfx_uart_tx)
    nrfx_uart_tx_in_progress                 0x0002acd1   Thumb Code    26  nrfx_uart.o(i.nrfx_uart_tx_in_progress)
    nrfx_uarte_0_irq_handler                 0x0002acf1   Thumb Code     8  nrfx_uarte.o(i.nrfx_uarte_0_irq_handler)
    nrfx_uarte_init                          0x0002ad01   Thumb Code   100  nrfx_uarte.o(i.nrfx_uarte_init)
    nrfx_uarte_rx                            0x0002ad6d   Thumb Code   256  nrfx_uarte.o(i.nrfx_uarte_rx)
    nrfx_uarte_tx                            0x0002ae71   Thumb Code   138  nrfx_uarte.o(i.nrfx_uarte_tx)
    nrfx_uarte_tx_in_progress                0x0002af01   Thumb Code    22  nrfx_uarte.o(i.nrfx_uarte_tx_in_progress)
    uart_event_handle                        0x0002bb79   Thumb Code   104  main.o(i.uart_event_handle)
    nrf_log_backend_rtt_api                  0x0002c3d8   Data          12  nrf_log_backend_rtt.o(.constdata)
    m_ram_start                              0x0002c470   Data           4  nrf_sdh_ble.o(.constdata)
    __ctype_table                            0x0002c49c   Data         129  ctype_o.o(.constdata)
    Region$$Table$$Base                      0x0002cc94   Number         0  anon$$obj.o(Region$$Table)
    Region$$Table$$Limit                     0x0002ccb4   Number         0  anon$$obj.o(Region$$Table)
    log_const_data$$Base                     0x0002ccb4   Number         0  nrf_ble_gatt.o(log_const_data)
    m_nrf_log_nrf_ble_gatt_logs_data_const   0x0002ccb4   Data           8  nrf_ble_gatt.o(log_const_data)
    m_nrf_log_ble_nus_logs_data_const        0x0002ccbc   Data           8  ble_nus.o(log_const_data)
    m_nrf_log_clock_logs_data_const          0x0002ccc4   Data           8  nrf_drv_clock.o(log_const_data)
    m_nrf_log_CLOCK_logs_data_const          0x0002cccc   Data           8  nrfx_clock.o(log_const_data)
    m_nrf_log_GPIOTE_logs_data_const         0x0002ccd4   Data           8  nrfx_gpiote.o(log_const_data)
    m_nrf_log_PRS_logs_data_const            0x0002ccdc   Data           8  nrfx_prs.o(log_const_data)
    m_nrf_log_UART_logs_data_const           0x0002cce4   Data           8  nrfx_uart.o(log_const_data)
    m_nrf_log_UARTE_logs_data_const          0x0002ccec   Data           8  nrfx_uarte.o(log_const_data)
    m_nrf_log_nrf_fstorage_logs_data_const   0x0002ccf4   Data           8  nrf_fstorage.o(log_const_data)
    m_nrf_log_atfifo_m_fifo_logs_data_const  0x0002ccfc   Data           8  nrf_fstorage_sd.o(log_const_data)
    m_nrf_log_pwr_mgmt_logs_data_const       0x0002cd04   Data           8  nrf_pwr_mgmt.o(log_const_data)
    m_nrf_log_balloc_log_mempool_logs_data_const 0x0002cd0c   Data           8  nrf_log_frontend.o(log_const_data)
    m_nrf_log_app_logs_data_const            0x0002cd14   Data           8  nrf_log_frontend.o(log_const_data)
    m_nrf_log_nrf_sdh_logs_data_const        0x0002cd1c   Data           8  nrf_sdh.o(log_const_data)
    m_nrf_log_nrf_sdh_ble_logs_data_const    0x0002cd24   Data           8  nrf_sdh_ble.o(log_const_data)
    m_nrf_log_nrf_sdh_soc_logs_data_const    0x0002cd2c   Data           8  nrf_sdh_soc.o(log_const_data)
    log_const_data$$Limit                    0x0002cd34   Number         0  nrf_sdh_soc.o(log_const_data)
    log_mempool                              0x0002cd34   Data          24  nrf_log_frontend.o(nrf_balloc)
    sdh_ble_observers0$$Base                 0x0002cd4c   Number         0  ble_conn_state.o(sdh_ble_observers0)
    sdh_ble_observers0$$Limit                0x0002cd54   Number         0  ble_conn_state.o(sdh_ble_observers0)
    sdh_ble_observers1$$Base                 0x0002cd54   Number         0  main.o(sdh_ble_observers1)
    sdh_ble_observers1$$Limit                0x0002cd74   Number         0  ble_conn_params.o(sdh_ble_observers1)
    sdh_ble_observers2$$Base                 0x0002cd74   Number         0  main.o(sdh_ble_observers2)
    sdh_ble_observers2$$Limit                0x0002cd84   Number         0  main.o(sdh_ble_observers2)
    sdh_ble_observers3$$Base                 0x0002cd84   Number         0  main.o(sdh_ble_observers3)
    m_req_obs                                0x0002cd8c   Data           8  nrf_fstorage_sd.o(sdh_req_observers0)
    sdh_ble_observers3$$Limit                0x0002cd8c   Number         0  main.o(sdh_ble_observers3)
    sdh_req_observers0$$Base                 0x0002cd8c   Number         0  nrf_fstorage_sd.o(sdh_req_observers0)
    sdh_req_observers0$$Limit                0x0002cd94   Number         0  nrf_fstorage_sd.o(sdh_req_observers0)
    sdh_soc_observers0$$Base                 0x0002cd94   Number         0  nrf_drv_clock.o(sdh_soc_observers0)
    sdh_soc_observers0$$Limit                0x0002cda4   Number         0  nrf_fstorage_sd.o(sdh_soc_observers0)
    sdh_soc_observers1$$Base                 0x0002cda4   Number         0  main.o(sdh_soc_observers1)
    sdh_soc_observers1$$Limit                0x0002cdac   Number         0  main.o(sdh_soc_observers1)
    sdh_stack_observers0$$Base               0x0002cdac   Number         0  nrf_sdh_ble.o(sdh_stack_observers0)
    sdh_stack_observers0$$Limit              0x0002cdbc   Number         0  nrf_sdh_soc.o(sdh_stack_observers0)
    sdh_state_observers0$$Base               0x0002cdbc   Number         0  nrf_drv_clock.o(sdh_state_observers0)
    sdh_state_observers0$$Limit              0x0002cdcc   Number         0  nrf_fstorage_sd.o(sdh_state_observers0)
    Image$$RW_IRAM1$$Base                    0x20002a98   Number         0  anon$$obj.o ABSOLUTE
    SystemCoreClock                          0x20002a98   Data           4  system_nrf52.o(.data)
    nrf_drv_uart_use_easy_dma                0x20002af0   Data           1  nrf_drv_uart.o(.data)
    __stdout                                 0x20002b84   Data           4  retarget.o(.data)
    log_dynamic_data$$Base                   0x20002bec   Number         0  nrf_ble_gatt.o(log_dynamic_data)
    m_nrf_log_nrf_ble_gatt_logs_data_dynamic 0x20002bec   Data           4  nrf_ble_gatt.o(log_dynamic_data)
    m_nrf_log_ble_nus_logs_data_dynamic      0x20002bf0   Data           4  ble_nus.o(log_dynamic_data)
    m_nrf_log_clock_logs_data_dynamic        0x20002bf4   Data           4  nrf_drv_clock.o(log_dynamic_data)
    m_nrf_log_CLOCK_logs_data_dynamic        0x20002bf8   Data           4  nrfx_clock.o(log_dynamic_data)
    m_nrf_log_GPIOTE_logs_data_dynamic       0x20002bfc   Data           4  nrfx_gpiote.o(log_dynamic_data)
    m_nrf_log_PRS_logs_data_dynamic          0x20002c00   Data           4  nrfx_prs.o(log_dynamic_data)
    m_nrf_log_UART_logs_data_dynamic         0x20002c04   Data           4  nrfx_uart.o(log_dynamic_data)
    m_nrf_log_UARTE_logs_data_dynamic        0x20002c08   Data           4  nrfx_uarte.o(log_dynamic_data)
    m_nrf_log_nrf_fstorage_logs_data_dynamic 0x20002c0c   Data           4  nrf_fstorage.o(log_dynamic_data)
    m_nrf_log_atfifo_m_fifo_logs_data_dynamic 0x20002c10   Data           4  nrf_fstorage_sd.o(log_dynamic_data)
    m_nrf_log_pwr_mgmt_logs_data_dynamic     0x20002c14   Data           4  nrf_pwr_mgmt.o(log_dynamic_data)
    m_nrf_log_balloc_log_mempool_logs_data_dynamic 0x20002c18   Data           4  nrf_log_frontend.o(log_dynamic_data)
    m_nrf_log_app_logs_data_dynamic          0x20002c1c   Data           4  nrf_log_frontend.o(log_dynamic_data)
    m_nrf_log_nrf_sdh_logs_data_dynamic      0x20002c20   Data           4  nrf_sdh.o(log_dynamic_data)
    m_nrf_log_nrf_sdh_ble_logs_data_dynamic  0x20002c24   Data           4  nrf_sdh_ble.o(log_dynamic_data)
    m_nrf_log_nrf_sdh_soc_logs_data_dynamic  0x20002c28   Data           4  nrf_sdh_soc.o(log_dynamic_data)
    nrf_nvic_state                           0x20003338   Data          12  app_util_platform.o(.bss)
    _SEGGER_RTT                              0x20003914   Data         120  segger_rtt.o(.bss)
    __initial_sp                             0x20005ba0   Data           0  arm_startup_nrf52.o(STACK)



==============================================================================

Memory Map of the image

  Image Entry point : 0x00026201

  Load Region LR_IROM1 (Base: 0x00026000, Size: 0x00006f60, Max: 0x0005a000, ABSOLUTE, COMPRESSED[0x00006e24])

    Execution Region ER_IROM1 (Base: 0x00026000, Size: 0x00006dcc, Max: 0x0005a000, ABSOLUTE)

    Base Addr    Size         Type   Attr      Idx    E Section Name        Object

    0x00026000   0x00000200   Data   RO            3    RESET               arm_startup_nrf52.o
    0x00026200   0x00000000   Code   RO         4599  * .ARM.Collect$$$$00000000  mc_w.l(entry.o)
    0x00026200   0x00000004   Code   RO         4906    .ARM.Collect$$$$00000001  mc_w.l(entry2.o)
    0x00026204   0x00000004   Code   RO         4909    .ARM.Collect$$$$00000004  mc_w.l(entry5.o)
    0x00026208   0x00000000   Code   RO         4911    .ARM.Collect$$$$00000008  mc_w.l(entry7b.o)
    0x00026208   0x00000000   Code   RO         4913    .ARM.Collect$$$$0000000A  mc_w.l(entry8b.o)
    0x00026208   0x00000008   Code   RO         4914    .ARM.Collect$$$$0000000B  mc_w.l(entry9a.o)
    0x00026210   0x00000000   Code   RO         4916    .ARM.Collect$$$$0000000D  mc_w.l(entry10a.o)
    0x00026210   0x00000000   Code   RO         4918    .ARM.Collect$$$$0000000F  mc_w.l(entry11a.o)
    0x00026210   0x00000004   Code   RO         4907    .ARM.Collect$$$$00002712  mc_w.l(entry2.o)
    0x00026214   0x000000c8   Code   RO         3002    .emb_text           nrf_atfifo.o
    0x000262dc   0x000000e2   Code   RO         3133    .emb_text           nrf_atomic.o
    0x000263be   0x00000002   PAD
    0x000263c0   0x00000024   Code   RO            4    .text               arm_startup_nrf52.o
    0x000263e4   0x00000062   Code   RO         4602    .text               mc_w.l(uldiv.o)
    0x00026446   0x0000001e   Code   RO         4604    .text               mc_w.l(llshl.o)
    0x00026464   0x00000008   Code   RO         4606    .text               mc_w.l(ctype_o.o)
    0x0002646c   0x00000024   Code   RO         4634    .text               mc_w.l(memcpya.o)
    0x00026490   0x00000024   Code   RO         4636    .text               mc_w.l(memseta.o)
    0x000264b4   0x0000000e   Code   RO         4638    .text               mc_w.l(strlen.o)
    0x000264c2   0x00000012   Code   RO         4642    .text               mc_w.l(strcpy.o)
    0x000264d4   0x00000020   Code   RO         4922    .text               mc_w.l(llushr.o)
    0x000264f4   0x00000024   Code   RO         4935    .text               mc_w.l(init.o)
    0x00026518   0x00000056   Code   RO         4949    .text               mc_w.l(__dczerorl2.o)
    0x0002656e   0x00000002   PAD
    0x00026570   0x00000164   Code   RO         1719    i.GPIOTE_IRQHandler  nrfx_gpiote.o
    0x000266d4   0x00000016   Code   RO         2653    i.NVIC_ClearPendingIRQ  app_timer.o
    0x000266ea   0x00000016   Code   RO         2654    i.NVIC_EnableIRQ    app_timer.o
    0x00026700   0x00000016   Code   RO         2655    i.NVIC_SetPendingIRQ  app_timer.o
    0x00026716   0x00000020   Code   RO         2656    i.NVIC_SetPriority  app_timer.o
    0x00026736   0x00000002   PAD
    0x00026738   0x00000058   Code   RO         1591    i.POWER_CLOCK_IRQHandler  nrfx_clock.o
    0x00026790   0x00000024   Code   RO         2657    i.RTC1_IRQHandler   app_timer.o
    0x000267b4   0x00000004   Code   RO         4156    i.SEGGER_RTT_Init   segger_rtt.o
    0x000267b8   0x0000005c   Code   RO         4170    i.SEGGER_RTT_WriteNoLock  segger_rtt.o
    0x00026814   0x00000004   Code   RO         2658    i.SWI0_EGU0_IRQHandler  app_timer.o
    0x00026818   0x00000004   Code   RO         4399    i.SWI2_EGU2_IRQHandler  nrf_sdh.o
    0x0002681c   0x00000318   Code   RO           13    i.SystemInit        system_nrf52.o
    0x00026b34   0x0000000c   Code   RO         2010    i.UARTE0_UART0_IRQHandler  nrfx_prs.o
    0x00026b40   0x00000068   Code   RO         4174    i._DoInit           segger_rtt.o
    0x00026ba8   0x00000016   Code   RO         4175    i._GetAvailWriteSpace  segger_rtt.o
    0x00026bbe   0x0000005a   Code   RO         4177    i._WriteBlocking    segger_rtt.o
    0x00026c18   0x00000042   Code   RO         4178    i._WriteNoCheck     segger_rtt.o
    0x00026c5a   0x00000002   PAD
    0x00026c5c   0x00000010   Code   RO         4647    i.__0printf$bare    mc_w.l(printfb.o)
    0x00026c6c   0x0000000e   Code   RO         4943    i.__scatterload_copy  mc_w.l(handlers.o)
    0x00026c7a   0x00000002   Code   RO         4944    i.__scatterload_null  mc_w.l(handlers.o)
    0x00026c7c   0x0000000e   Code   RO         4945    i.__scatterload_zeroinit  mc_w.l(handlers.o)
    0x00026c8a   0x00000002   PAD
    0x00026c8c   0x00000024   Code   RO         4400    i.__sd_nvic_app_accessible_irq  nrf_sdh.o
    0x00026cb0   0x00000016   Code   RO         4401    i.__sd_nvic_is_app_accessible_priority  nrf_sdh.o
    0x00026cc6   0x00000022   Code   RO         4654    i._printf_core      mc_w.l(printfb.o)
    0x00026ce8   0x00000036   Code   RO          671    i.advertising_buttons_configure  bsp_btn_ble.o
    0x00026d1e   0x00000006   Code   RO          558    i.alert_timer_handler  bsp.o
    0x00026d24   0x00000024   Code   RO         2390    i.app_button_enable  app_button.o
    0x00026d48   0x00000078   Code   RO         2391    i.app_button_init   app_button.o
    0x00026dc0   0x0000007c   Code   RO         2502    i.app_error_fault_handler  app_error_weak.o
    0x00026e3c   0x00000016   Code   RO         2450    i.app_error_handler_bare  app_error.o
    0x00026e52   0x00000016   Code   RO         2538    i.app_fifo_get      app_fifo.o
    0x00026e68   0x00000020   Code   RO         2539    i.app_fifo_init     app_fifo.o
    0x00026e88   0x0000001a   Code   RO         2541    i.app_fifo_put      app_fifo.o
    0x00026ea2   0x00000002   PAD
    0x00026ea4   0x00000024   Code   RO         2661    i.app_timer_create  app_timer.o
    0x00026ec8   0x00000054   Code   RO         2662    i.app_timer_init    app_timer.o
    0x00026f1c   0x00000088   Code   RO         2665    i.app_timer_start   app_timer.o
    0x00026fa4   0x00000020   Code   RO         2666    i.app_timer_stop    app_timer.o
    0x00026fc4   0x00000034   Code   RO         2824    i.app_uart_get      app_uart_fifo.o
    0x00026ff8   0x000000a4   Code   RO         2825    i.app_uart_init     app_uart_fifo.o
    0x0002709c   0x00000054   Code   RO         2826    i.app_uart_put      app_uart_fifo.o
    0x000270f0   0x00000048   Code   RO         2901    i.app_util_critical_region_enter  app_util_platform.o
    0x00027138   0x00000034   Code   RO         2902    i.app_util_critical_region_exit  app_util_platform.o
    0x0002716c   0x00000088   Code   RO         2057    i.apply_config      nrfx_uart.o
    0x000271f4   0x00000088   Code   RO         2241    i.apply_config      nrfx_uarte.o
    0x0002727c   0x00000048   Code   RO         1130    i.blcm_link_ctx_get  ble_link_ctx_manager.o
    0x000272c4   0x00000182   Code   RO          714    i.ble_advdata_encode  ble_advdata.o
    0x00027446   0x00000020   Code   RO          716    i.ble_advdata_parse  ble_advdata.o
    0x00027466   0x00000038   Code   RO          717    i.ble_advdata_search  ble_advdata.o
    0x0002749e   0x00000006   Code   RO          816    i.ble_advertising_conn_cfg_tag_set  ble_advertising.o
    0x000274a4   0x000000fa   Code   RO          817    i.ble_advertising_init  ble_advertising.o
    0x0002759e   0x0000006a   Code   RO          819    i.ble_advertising_on_ble_evt  ble_advertising.o
    0x00027608   0x00000030   Code   RO          820    i.ble_advertising_on_sys_evt  ble_advertising.o
    0x00027638   0x0000003a   Code   RO          822    i.ble_advertising_restart_without_whitelist  ble_advertising.o
    0x00027672   0x00000236   Code   RO          823    i.ble_advertising_start  ble_advertising.o
    0x000278a8   0x00000068   Code   RO          906    i.ble_conn_params_init  ble_conn_params.o
    0x00027910   0x00000012   Code   RO          977    i.ble_conn_state_conn_idx  ble_conn_state.o
    0x00027922   0x00000002   PAD
    0x00027924   0x00000014   Code   RO          990    i.ble_conn_state_valid  ble_conn_state.o
    0x00027938   0x00000060   Code   RO          720    i.ble_device_addr_encode  ble_advdata.o
    0x00027998   0x000000d0   Code   RO           83    i.ble_evt_handler   main.o
    0x00027a68   0x00000070   Code   RO          672    i.ble_evt_handler   bsp_btn_ble.o
    0x00027ad8   0x000000fc   Code   RO          908    i.ble_evt_handler   ble_conn_params.o
    0x00027bd4   0x00000104   Code   RO          991    i.ble_evt_handler   ble_conn_state.o
    0x00027cd8   0x00000066   Code   RO         1343    i.ble_nus_data_send  ble_nus.o
    0x00027d3e   0x00000002   PAD
    0x00027d40   0x00000058   Code   RO         1344    i.ble_nus_init      ble_nus.o
    0x00027d98   0x00000070   Code   RO         1345    i.ble_nus_on_ble_evt  ble_nus.o
    0x00027e08   0x00000008   Code   RO         1152    i.ble_srv_is_notification_enabled  ble_srv_common.o
    0x00027e10   0x0000000c   Code   RO          432    i.bsp_board_button_idx_to_pin  boards.o
    0x00027e1c   0x00000020   Code   RO          433    i.bsp_board_button_state_get  boards.o
    0x00027e3c   0x00000054   Code   RO          434    i.bsp_board_init    boards.o
    0x00027e90   0x00000024   Code   RO          436    i.bsp_board_led_invert  boards.o
    0x00027eb4   0x00000010   Code   RO          437    i.bsp_board_led_off  boards.o
    0x00027ec4   0x00000010   Code   RO          438    i.bsp_board_led_on  boards.o
    0x00027ed4   0x00000020   Code   RO          439    i.bsp_board_led_state_get  boards.o
    0x00027ef4   0x00000012   Code   RO          440    i.bsp_board_leds_off  boards.o
    0x00027f06   0x00000012   Code   RO          441    i.bsp_board_leds_on  boards.o
    0x00027f18   0x00000024   Code   RO          442    i.bsp_board_pin_to_button_idx  boards.o
    0x00027f3c   0x00000038   Code   RO          673    i.bsp_btn_ble_init  bsp_btn_ble.o
    0x00027f74   0x0000001e   Code   RO          674    i.bsp_btn_ble_sleep_mode_prepare  bsp_btn_ble.o
    0x00027f92   0x00000002   PAD
    0x00027f94   0x00000090   Code   RO          559    i.bsp_button_event_handler  bsp.o
    0x00028024   0x0000000c   Code   RO          560    i.bsp_button_is_pressed  bsp.o
    0x00028030   0x0000004c   Code   RO           84    i.bsp_event_handler  main.o
    0x0002807c   0x00000044   Code   RO          563    i.bsp_event_to_button_action_assign  bsp.o
    0x000280c0   0x00000018   Code   RO          564    i.bsp_indication_set  bsp.o
    0x000280d8   0x00000094   Code   RO          565    i.bsp_init          bsp.o
    0x0002816c   0x000001b8   Code   RO          566    i.bsp_led_indication  bsp.o
    0x00028324   0x00000006   Code   RO          568    i.bsp_wakeup_button_enable  bsp.o
    0x0002832a   0x00000002   PAD
    0x0002832c   0x00000090   Code   RO         3918    i.buf_prealloc      nrf_log_frontend.o
    0x000283bc   0x0000001e   Code   RO         3333    i.buffer_add        nrf_fprintf_format.o
    0x000283da   0x00000002   PAD
    0x000283dc   0x00000014   Code   RO         3919    i.buffer_is_empty   nrf_log_frontend.o
    0x000283f0   0x00000008   Code   RO          569    i.button_timer_handler  bsp.o
    0x000283f8   0x0000001c   Code   RO         1720    i.channel_free      nrfx_gpiote.o
    0x00028414   0x00000048   Code   RO         1721    i.channel_port_alloc  nrfx_gpiote.o
    0x0002845c   0x00000010   Code   RO         1722    i.channel_port_get  nrfx_gpiote.o
    0x0002846c   0x00000028   Code   RO         1404    i.clock_clk_started_notify  nrf_drv_clock.o
    0x00028494   0x0000001c   Code   RO         1405    i.clock_irq_handler  nrf_drv_clock.o
    0x000284b0   0x000000ac   Code   RO         2668    i.compare_reg_update  app_timer.o
    0x0002855c   0x0000003e   Code   RO          992    i.conn_handle_list_get  ble_conn_state.o
    0x0002859a   0x00000088   Code   RO          721    i.conn_int_encode   ble_advdata.o
    0x00028622   0x00000004   Code   RO           85    i.conn_params_error_handler  main.o
    0x00028626   0x00000002   PAD
    0x00028628   0x00000048   Code   RO          909    i.conn_params_negotiation  ble_conn_params.o
    0x00028670   0x000000bc   Code   RO         1208    i.data_length_update  nrf_ble_gatt.o
    0x0002872c   0x00000098   Code   RO         2393    i.detection_delay_timeout_handler  app_button.o
    0x000287c4   0x00000014   Code   RO         3921    i.dropped_sat16_get  nrf_log_frontend.o
    0x000287d8   0x00000040   Code   RO         2669    i.elapsed_ticks_acquire  app_timer.o
    0x00028818   0x00000054   Code   RO         3450    i.event_send        nrf_fstorage_sd.o
    0x0002886c   0x00000014   Code   RO         2544    i.fifo_get          app_fifo.o
    0x00028880   0x00000012   Code   RO         2545    i.fifo_put          app_fifo.o
    0x00028892   0x00000028   Code   RO          825    i.flags_set         ble_advertising.o
    0x000288ba   0x0000000e   Code   RO         3761    i.fputc             retarget.o
    0x000288c8   0x00000054   Code   RO           86    i.gatt_evt_handler  main.o
    0x0002891c   0x00000030   Code   RO           87    i.gatt_init         main.o
    0x0002894c   0x00000084   Code   RO         2394    i.gpiote_event_handler  app_button.o
    0x000289d0   0x00000014   Code   RO          910    i.instance_get      ble_conn_params.o
    0x000289e4   0x000000a6   Code   RO         3334    i.int_print         nrf_fprintf_format.o
    0x00028a8a   0x00000002   PAD
    0x00028a8c   0x00000080   Code   RO         2242    i.interrupts_enable  nrfx_uarte.o
    0x00028b0c   0x0000004c   Code   RO         3922    i.invalid_packets_pushed_str_omit  nrf_log_frontend.o
    0x00028b58   0x00000044   Code   RO          911    i.is_conn_params_ok  ble_conn_params.o
    0x00028b9c   0x00000030   Code   RO          570    i.leds_off          bsp.o
    0x00028bcc   0x00000014   Code   RO          571    i.leds_timer_handler  bsp.o
    0x00028be0   0x00000018   Code   RO         1209    i.link_init         nrf_ble_gatt.o
    0x00028bf8   0x000000f8   Code   RO         2670    i.list_insertions_handler  app_timer.o
    0x00028cf0   0x0000009c   Code   RO         3923    i.log_skip          nrf_log_frontend.o
    0x00028d8c   0x00000240   Code   RO           88    i.main              main.o
    0x00028fcc   0x00000064   Code   RO          722    i.manuf_specific_data_encode  ble_advdata.o
    0x00029030   0x00000076   Code   RO         3560    i.memobj_op         nrf_memobj.o
    0x000290a6   0x00000002   PAD
    0x000290a8   0x00000030   Code   RO         3924    i.module_idx_get    nrf_log_frontend.o
    0x000290d8   0x0000009c   Code   RO          723    i.name_encode       ble_advdata.o
    0x00029174   0x00000016   Code   RO         3008    i.nrf_atfifo_item_free  nrf_atfifo.o
    0x0002918a   0x00000016   Code   RO         3009    i.nrf_atfifo_item_get  nrf_atfifo.o
    0x000291a0   0x00000016   Code   RO         3071    i.nrf_atflags_clear  nrf_atflags.o
    0x000291b6   0x00000016   Code   RO         3076    i.nrf_atflags_get   nrf_atflags.o
    0x000291cc   0x00000014   Code   RO         3078    i.nrf_atflags_set   nrf_atflags.o
    0x000291e0   0x00000006   Code   RO         3135    i.nrf_atomic_flag_clear_fetch  nrf_atomic.o
    0x000291e6   0x00000006   Code   RO         3136    i.nrf_atomic_flag_set  nrf_atomic.o
    0x000291ec   0x0000000c   Code   RO         3138    i.nrf_atomic_u32_add  nrf_atomic.o
    0x000291f8   0x0000000c   Code   RO         3139    i.nrf_atomic_u32_and  nrf_atomic.o
    0x00029204   0x0000000a   Code   RO         3142    i.nrf_atomic_u32_fetch_and  nrf_atomic.o
    0x0002920e   0x0000000a   Code   RO         3144    i.nrf_atomic_u32_fetch_store  nrf_atomic.o
    0x00029218   0x0000000c   Code   RO         3148    i.nrf_atomic_u32_or  nrf_atomic.o
    0x00029224   0x0000000c   Code   RO         3150    i.nrf_atomic_u32_sub  nrf_atomic.o
    0x00029230   0x00000044   Code   RO         3265    i.nrf_balloc_alloc  nrf_balloc.o
    0x00029274   0x00000030   Code   RO         3266    i.nrf_balloc_free   nrf_balloc.o
    0x000292a4   0x00000030   Code   RO         3267    i.nrf_balloc_init   nrf_balloc.o
    0x000292d4   0x00000010   Code   RO         1723    i.nrf_bitmask_bit_is_set  nrfx_gpiote.o
    0x000292e4   0x00000014   Code   RO         1724    i.nrf_bitmask_bit_set  nrfx_gpiote.o
    0x000292f8   0x00000018   Code   RO         1211    i.nrf_ble_gatt_att_mtu_periph_set  nrf_ble_gatt.o
    0x00029310   0x00000022   Code   RO         1215    i.nrf_ble_gatt_init  nrf_ble_gatt.o
    0x00029332   0x00000002   PAD
    0x00029334   0x00000148   Code   RO         1216    i.nrf_ble_gatt_on_ble_evt  nrf_ble_gatt.o
    0x0002947c   0x00000016   Code   RO         1306    i.nrf_ble_qwr_conn_handle_assign  nrf_ble_qwr.o
    0x00029492   0x00000024   Code   RO         1307    i.nrf_ble_qwr_init  nrf_ble_qwr.o
    0x000294b6   0x000000b6   Code   RO         1308    i.nrf_ble_qwr_on_ble_evt  nrf_ble_qwr.o
    0x0002956c   0x0000000e   Code   RO         1592    i.nrf_clock_event_check  nrfx_clock.o
    0x0002957a   0x00000010   Code   RO         1593    i.nrf_clock_event_clear  nrfx_clock.o
    0x0002958a   0x00000002   PAD
    0x0002958c   0x00000038   Code   RO         1412    i.nrf_drv_clock_init  nrf_drv_clock.o
    0x000295c4   0x00000030   Code   RO         1416    i.nrf_drv_clock_lfclk_release  nrf_drv_clock.o
    0x000295f4   0x00000068   Code   RO         1543    i.nrf_drv_uart_init  nrf_drv_uart.o
    0x0002965c   0x00000020   Code   RO         2827    i.nrf_drv_uart_rx   app_uart_fifo.o
    0x0002967c   0x00000020   Code   RO         2828    i.nrf_drv_uart_tx   app_uart_fifo.o
    0x0002969c   0x0000001a   Code   RO         3298    i.nrf_fprintf       nrf_fprintf.o
    0x000296b6   0x00000018   Code   RO         3299    i.nrf_fprintf_buffer_flush  nrf_fprintf.o
    0x000296ce   0x000001da   Code   RO         3335    i.nrf_fprintf_fmt   nrf_fprintf_format.o
    0x000298a8   0x00000050   Code   RO         3373    i.nrf_fstorage_is_busy  nrf_fstorage.o
    0x000298f8   0x00000018   Code   RO         3453    i.nrf_fstorage_sdh_req_handler  nrf_fstorage_sd.o
    0x00029910   0x00000020   Code   RO         3454    i.nrf_fstorage_sdh_state_handler  nrf_fstorage_sd.o
    0x00029930   0x000000a4   Code   RO         3455    i.nrf_fstorage_sys_evt_handler  nrf_fstorage_sd.o
    0x000299d4   0x00000024   Code   RO          444    i.nrf_gpio_cfg      boards.o
    0x000299f8   0x00000024   Code   RO         1725    i.nrf_gpio_cfg      nrfx_gpiote.o
    0x00029a1c   0x00000024   Code   RO         2058    i.nrf_gpio_cfg      nrfx_uart.o
    0x00029a40   0x00000024   Code   RO         2243    i.nrf_gpio_cfg      nrfx_uarte.o
    0x00029a64   0x00000012   Code   RO         2060    i.nrf_gpio_cfg_input  nrfx_uart.o
    0x00029a76   0x00000012   Code   RO         2245    i.nrf_gpio_cfg_input  nrfx_uarte.o
    0x00029a88   0x00000014   Code   RO         2061    i.nrf_gpio_cfg_output  nrfx_uart.o
    0x00029a9c   0x00000014   Code   RO         2246    i.nrf_gpio_cfg_output  nrfx_uarte.o
    0x00029ab0   0x00000022   Code   RO         1727    i.nrf_gpio_cfg_sense_set  nrfx_gpiote.o
    0x00029ad2   0x00000016   Code   RO          445    i.nrf_gpio_pin_write  boards.o
    0x00029ae8   0x00000028   Code   RO         1728    i.nrf_gpio_ports_read  nrfx_gpiote.o
    0x00029b10   0x00000014   Code   RO         1729    i.nrf_gpiote_event_clear  nrfx_gpiote.o
    0x00029b24   0x00000010   Code   RO         1730    i.nrf_gpiote_event_is_set  nrfx_gpiote.o
    0x00029b34   0x00000050   Code   RO         3925    i.nrf_log_backend_add  nrf_log_frontend.o
    0x00029b84   0x00000002   Code   RO         3794    i.nrf_log_backend_rtt_flush  nrf_log_backend_rtt.o
    0x00029b86   0x00000004   Code   RO         3795    i.nrf_log_backend_rtt_init  nrf_log_backend_rtt.o
    0x00029b8a   0x00000002   Code   RO         3796    i.nrf_log_backend_rtt_panic_set  nrf_log_backend_rtt.o
    0x00029b8c   0x00000018   Code   RO         3797    i.nrf_log_backend_rtt_put  nrf_log_backend_rtt.o
    0x00029ba4   0x000000c8   Code   RO         3859    i.nrf_log_backend_serial_put  nrf_log_backend_serial.o
    0x00029c6c   0x00000030   Code   RO         3927    i.nrf_log_color_id_get  nrf_log_frontend.o
    0x00029c9c   0x0000001c   Code   RO         3889    i.nrf_log_default_backends_init  nrf_log_default_backends.o
    0x00029cb8   0x00000220   Code   RO         3928    i.nrf_log_frontend_dequeue  nrf_log_frontend.o
    0x00029ed8   0x00000008   Code   RO         3930    i.nrf_log_frontend_std_0  nrf_log_frontend.o
    0x00029ee0   0x0000000e   Code   RO         3931    i.nrf_log_frontend_std_1  nrf_log_frontend.o
    0x00029eee   0x00000010   Code   RO         3932    i.nrf_log_frontend_std_2  nrf_log_frontend.o
    0x00029efe   0x00000002   PAD
    0x00029f00   0x000000ac   Code   RO         4101    i.nrf_log_hexdump_entry_process  nrf_log_str_formatter.o
    0x00029fac   0x00000058   Code   RO         3937    i.nrf_log_init      nrf_log_frontend.o
    0x0002a004   0x00000014   Code   RO         3938    i.nrf_log_module_cnt_get  nrf_log_frontend.o
    0x0002a018   0x0000001c   Code   RO         3941    i.nrf_log_module_name_get  nrf_log_frontend.o
    0x0002a034   0x00000028   Code   RO         3942    i.nrf_log_panic     nrf_log_frontend.o
    0x0002a05c   0x000000b6   Code   RO         4102    i.nrf_log_std_entry_process  nrf_log_str_formatter.o
    0x0002a112   0x00000060   Code   RO         3561    i.nrf_memobj_alloc  nrf_memobj.o
    0x0002a172   0x00000032   Code   RO         3562    i.nrf_memobj_free   nrf_memobj.o
    0x0002a1a4   0x00000008   Code   RO         3563    i.nrf_memobj_get    nrf_memobj.o
    0x0002a1ac   0x00000004   Code   RO         3564    i.nrf_memobj_pool_init  nrf_memobj.o
    0x0002a1b0   0x0000001e   Code   RO         3565    i.nrf_memobj_put    nrf_memobj.o
    0x0002a1ce   0x0000000c   Code   RO         3566    i.nrf_memobj_read   nrf_memobj.o
    0x0002a1da   0x0000000c   Code   RO         3567    i.nrf_memobj_write  nrf_memobj.o
    0x0002a1e6   0x00000002   PAD
    0x0002a1e8   0x00000028   Code   RO         3635    i.nrf_pwr_mgmt_init  nrf_pwr_mgmt.o
    0x0002a210   0x00000044   Code   RO         3636    i.nrf_pwr_mgmt_run  nrf_pwr_mgmt.o
    0x0002a254   0x00000004   Code   RO           89    i.nrf_qwr_error_handler  main.o
    0x0002a258   0x00000014   Code   RO         4526    i.nrf_sdh_ble_app_ram_start_get  nrf_sdh_ble.o
    0x0002a26c   0x00000154   Code   RO         4527    i.nrf_sdh_ble_default_cfg_set  nrf_sdh_ble.o
    0x0002a3c0   0x0000012c   Code   RO         4528    i.nrf_sdh_ble_enable  nrf_sdh_ble.o
    0x0002a4ec   0x00000060   Code   RO         4529    i.nrf_sdh_ble_evts_poll  nrf_sdh_ble.o
    0x0002a54c   0x00000054   Code   RO         4402    i.nrf_sdh_disable_request  nrf_sdh.o
    0x0002a5a0   0x00000090   Code   RO         4403    i.nrf_sdh_enable_request  nrf_sdh.o
    0x0002a630   0x00000024   Code   RO         4404    i.nrf_sdh_evts_poll  nrf_sdh.o
    0x0002a654   0x0000000c   Code   RO         4405    i.nrf_sdh_is_enabled  nrf_sdh.o
    0x0002a660   0x0000001c   Code   RO         4407    i.nrf_sdh_request_continue  nrf_sdh.o
    0x0002a67c   0x0000003c   Code   RO         4573    i.nrf_sdh_soc_evts_poll  nrf_sdh_soc.o
    0x0002a6b8   0x0000000a   Code   RO         3700    i.nrf_section_iter_init  nrf_section_iter.o
    0x0002a6c2   0x00000024   Code   RO         3701    i.nrf_section_iter_item_set  nrf_section_iter.o
    0x0002a6e6   0x00000020   Code   RO         3702    i.nrf_section_iter_next  nrf_section_iter.o
    0x0002a706   0x00000002   PAD
    0x0002a708   0x00000038   Code   RO         3731    i.nrf_strerror_find  nrf_strerror.o
    0x0002a740   0x00000014   Code   RO         3732    i.nrf_strerror_get  nrf_strerror.o
    0x0002a754   0x0000000a   Code   RO         2062    i.nrf_uart_event_check  nrfx_uart.o
    0x0002a75e   0x0000000c   Code   RO         2063    i.nrf_uart_event_clear  nrfx_uart.o
    0x0002a76a   0x0000000c   Code   RO         2064    i.nrf_uart_int_enable_check  nrfx_uart.o
    0x0002a776   0x0000000a   Code   RO         2247    i.nrf_uarte_event_check  nrfx_uarte.o
    0x0002a780   0x0000000c   Code   RO         2248    i.nrf_uarte_event_clear  nrfx_uarte.o
    0x0002a78c   0x0000002c   Code   RO         1598    i.nrfx_clock_enable  nrfx_clock.o
    0x0002a7b8   0x00000020   Code   RO         1601    i.nrfx_clock_init   nrfx_clock.o
    0x0002a7d8   0x0000001c   Code   RO         1604    i.nrfx_clock_lfclk_stop  nrfx_clock.o
    0x0002a7f4   0x00000010   Code   RO         2671    i.nrfx_coredep_delay_us  app_timer.o
    0x0002a804   0x000000a4   Code   RO         1735    i.nrfx_gpiote_in_event_enable  nrfx_gpiote.o
    0x0002a8a8   0x000000d0   Code   RO         1736    i.nrfx_gpiote_in_init  nrfx_gpiote.o
    0x0002a978   0x00000014   Code   RO         1737    i.nrfx_gpiote_in_is_set  nrfx_gpiote.o
    0x0002a98c   0x00000070   Code   RO         1739    i.nrfx_gpiote_init  nrfx_gpiote.o
    0x0002a9fc   0x00000014   Code   RO         1740    i.nrfx_gpiote_is_init  nrfx_gpiote.o
    0x0002aa10   0x00000010   Code   RO         2249    i.nrfx_is_in_ram    nrfx_uarte.o
    0x0002aa20   0x0000003a   Code   RO         2011    i.nrfx_prs_acquire  nrfx_prs.o
    0x0002aa5a   0x00000002   PAD
    0x0002aa5c   0x00000010   Code   RO         2065    i.nrfx_uart_0_irq_handler  nrfx_uart.o
    0x0002aa6c   0x000000d4   Code   RO         2067    i.nrfx_uart_init    nrfx_uart.o
    0x0002ab40   0x000000ec   Code   RO         2068    i.nrfx_uart_rx      nrfx_uart.o
    0x0002ac2c   0x000000a4   Code   RO         2073    i.nrfx_uart_tx      nrfx_uart.o
    0x0002acd0   0x00000020   Code   RO         2075    i.nrfx_uart_tx_in_progress  nrfx_uart.o
    0x0002acf0   0x00000010   Code   RO         2250    i.nrfx_uarte_0_irq_handler  nrfx_uarte.o
    0x0002ad00   0x0000006c   Code   RO         2252    i.nrfx_uarte_init   nrfx_uarte.o
    0x0002ad6c   0x00000104   Code   RO         2253    i.nrfx_uarte_rx     nrfx_uarte.o
    0x0002ae70   0x00000090   Code   RO         2256    i.nrfx_uarte_tx     nrfx_uarte.o
    0x0002af00   0x0000001c   Code   RO         2258    i.nrfx_uarte_tx_in_progress  nrfx_uarte.o
    0x0002af1c   0x00000090   Code   RO           90    i.nus_data_handler  main.o
    0x0002afac   0x00000024   Code   RO           91    i.on_adv_evt        main.o
    0x0002afd0   0x0000001c   Code   RO           92    i.on_conn_params_evt  main.o
    0x0002afec   0x0000006a   Code   RO         1346    i.on_connect        ble_nus.o
    0x0002b056   0x00000002   PAD
    0x0002b058   0x000000a0   Code   RO         1217    i.on_connected_evt  nrf_ble_gatt.o
    0x0002b0f8   0x000000a4   Code   RO         1218    i.on_exchange_mtu_request_evt  nrf_ble_gatt.o
    0x0002b19c   0x00000084   Code   RO         1347    i.on_write          ble_nus.o
    0x0002b220   0x00000012   Code   RO          826    i.phy_is_valid      ble_advertising.o
    0x0002b232   0x00000002   PAD
    0x0002b234   0x00000018   Code   RO         1756    i.pin_in_use_by_port  nrfx_gpiote.o
    0x0002b24c   0x00000018   Code   RO         1757    i.pin_in_use_by_te  nrfx_gpiote.o
    0x0002b264   0x0000003c   Code   RO         4104    i.postfix_process   nrf_log_str_formatter.o
    0x0002b2a0   0x00000098   Code   RO         4105    i.prefix_process    nrf_log_str_formatter.o
    0x0002b338   0x00000018   Code   RO         2013    i.prs_box_get       nrfx_prs.o
    0x0002b350   0x00000014   Code   RO         3456    i.queue_free        nrf_fstorage_sd.o
    0x0002b364   0x000000a0   Code   RO         3457    i.queue_process     nrf_fstorage_sd.o
    0x0002b404   0x0000003c   Code   RO         2672    i.rtc1_stop         app_timer.o
    0x0002b440   0x00000032   Code   RO         2077    i.rx_byte           nrfx_uart.o
    0x0002b472   0x000000a2   Code   RO         1348    i.rx_char_add       ble_nus.o
    0x0002b514   0x00000016   Code   RO         2078    i.rx_done_event     nrfx_uart.o
    0x0002b52a   0x00000018   Code   RO         2260    i.rx_done_event     nrfx_uarte.o
    0x0002b542   0x00000020   Code   RO         2079    i.rx_enable         nrfx_uart.o
    0x0002b562   0x00000042   Code   RO         4410    i.sd_nvic_SetPriority  nrf_sdh.o
    0x0002b5a4   0x00000050   Code   RO         1419    i.sd_state_evt_handler  nrf_drv_clock.o
    0x0002b5f4   0x00000030   Code   RO         4411    i.sdh_request_observer_notify  nrf_sdh.o
    0x0002b624   0x0000002c   Code   RO         4412    i.sdh_state_observer_notify  nrf_sdh.o
    0x0002b650   0x00000010   Code   RO          912    i.send_error_evt    ble_conn_params.o
    0x0002b660   0x00000050   Code   RO         3798    i.serial_tx         nrf_log_backend_rtt.o
    0x0002b6b0   0x00000088   Code   RO          724    i.service_data_encode  ble_advdata.o
    0x0002b738   0x00000028   Code   RO           93    i.sleep_mode_enter  main.o
    0x0002b760   0x00000018   Code   RO         1420    i.soc_evt_handler   nrf_drv_clock.o
    0x0002b778   0x00000038   Code   RO         4413    i.softdevice_evt_irq_disable  nrf_sdh.o
    0x0002b7b0   0x00000050   Code   RO         4414    i.softdevices_evt_irq_enable  nrf_sdh.o
    0x0002b800   0x0000008c   Code   RO         3944    i.std_n             nrf_log_frontend.o
    0x0002b88c   0x00000080   Code   RO         2673    i.timer_list_handler  app_timer.o
    0x0002b90c   0x0000003c   Code   RO         2674    i.timer_list_insert  app_timer.o
    0x0002b948   0x00000060   Code   RO         2675    i.timer_list_remove  app_timer.o
    0x0002b9a8   0x00000048   Code   RO         2676    i.timer_stop_op_schedule  app_timer.o
    0x0002b9f0   0x00000074   Code   RO         2677    i.timer_timeouts_check  app_timer.o
    0x0002ba64   0x00000020   Code   RO         2080    i.tx_byte           nrfx_uart.o
    0x0002ba84   0x000000da   Code   RO         1349    i.tx_char_add       ble_nus.o
    0x0002bb5e   0x0000001a   Code   RO         2081    i.tx_done_event     nrfx_uart.o
    0x0002bb78   0x00000070   Code   RO           94    i.uart_event_handle  main.o
    0x0002bbe8   0x000000a0   Code   RO         2829    i.uart_event_handler  app_uart_fifo.o
    0x0002bc88   0x00000030   Code   RO         1544    i.uart_evt_handler  nrf_drv_uart.o
    0x0002bcb8   0x00000128   Code   RO         2082    i.uart_irq_handler  nrfx_uart.o
    0x0002bde0   0x00000030   Code   RO         1545    i.uarte_evt_handler  nrf_drv_uart.o
    0x0002be10   0x000000f4   Code   RO         2261    i.uarte_irq_handler  nrfx_uarte.o
    0x0002bf04   0x0000000a   Code   RO          725    i.uint16_encode     ble_advdata.o
    0x0002bf0e   0x00000002   PAD
    0x0002bf10   0x000000b4   Code   RO         3336    i.unsigned_print    nrf_fprintf_format.o
    0x0002bfc4   0x00000068   Code   RO          913    i.update_timeout_handler  ble_conn_params.o
    0x0002c02c   0x00000018   Code   RO          827    i.use_whitelist     ble_advertising.o
    0x0002c044   0x00000024   Code   RO         1309    i.user_mem_reply    nrf_ble_qwr.o
    0x0002c068   0x00000030   Code   RO         2678    i.user_op_alloc     app_timer.o
    0x0002c098   0x00000030   Code   RO          726    i.uuid_list_encode  ble_advdata.o
    0x0002c0c8   0x0000009e   Code   RO          727    i.uuid_list_sized_encode  ble_advdata.o
    0x0002c166   0x0000003a   Code   RO          572    i.wakeup_button_cfg  bsp.o
    0x0002c1a0   0x00000018   Data   RO           96    .constdata          main.o
    0x0002c1b8   0x00000008   Data   RO          446    .constdata          boards.o
    0x0002c1c0   0x0000002c   Data   RO          577    .constdata          bsp.o
    0x0002c1ec   0x00000016   Data   RO         1219    .constdata          nrf_ble_gatt.o
    0x0002c202   0x00000002   PAD
    0x0002c204   0x00000010   Data   RO         1350    .constdata          ble_nus.o
    0x0002c214   0x00000004   Data   RO         1759    .constdata          nrfx_gpiote.o
    0x0002c218   0x00000004   Data   RO         2085    .constdata          nrfx_uart.o
    0x0002c21c   0x00000004   Data   RO         2264    .constdata          nrfx_uarte.o
    0x0002c220   0x00000008   Data   RO         2396    .constdata          app_button.o
    0x0002c228   0x00000008   PAD
    0x0002c230   0x00000006   Data   RO         2680    .constdata          app_timer.o
    0x0002c236   0x00000002   PAD
    0x0002c238   0x00000020   Data   RO         2831    .constdata          app_uart_fifo.o
    0x0002c258   0x00000010   Data   RO         3337    .constdata          nrf_fprintf_format.o
    0x0002c268   0x00000010   Data   RO         3465    .constdata          nrf_fstorage_sd.o
    0x0002c278   0x00000018   Data   RO         3640    .constdata          nrf_pwr_mgmt.o
    0x0002c290   0x0000000c   Data   RO         3641    .constdata          nrf_pwr_mgmt.o
    0x0002c29c   0x0000013c   Data   RO         3733    .constdata          nrf_strerror.o
    0x0002c3d8   0x0000000c   Data   RO         3800    .constdata          nrf_log_backend_rtt.o
    0x0002c3e4   0x0000000c   PAD
    0x0002c3f0   0x00000006   Data   RO         3801    .constdata          nrf_log_backend_rtt.o
    0x0002c3f6   0x00000002   PAD
    0x0002c3f8   0x00000010   Data   RO         4415    .constdata          nrf_sdh.o
    0x0002c408   0x00000028   Data   RO         4416    .constdata          nrf_sdh.o
    0x0002c430   0x00000010   Data   RO         4417    .constdata          nrf_sdh.o
    0x0002c440   0x00000010   Data   RO         4418    .constdata          nrf_sdh.o
    0x0002c450   0x00000020   Data   RO         4530    .constdata          nrf_sdh_ble.o
    0x0002c470   0x00000010   Data   RO         4531    .constdata          nrf_sdh_ble.o
    0x0002c480   0x00000010   Data   RO         4574    .constdata          nrf_sdh_soc.o
    0x0002c490   0x0000000c   Data   RO         4575    .constdata          nrf_sdh_soc.o
    0x0002c49c   0x00000081   Data   RO         4607    .constdata          mc_w.l(ctype_o.o)
    0x0002c51d   0x00000003   PAD
    0x0002c520   0x00000004   Data   RO         4608    .constdata          mc_w.l(ctype_o.o)
    0x0002c524   0x000000a2   Data   RO         1220    .conststring        nrf_ble_gatt.o
    0x0002c5c6   0x00000002   PAD
    0x0002c5c8   0x000003eb   Data   RO         3734    .conststring        nrf_strerror.o
    0x0002c9b3   0x00000001   PAD
    0x0002c9b4   0x00000066   Data   RO         4106    .conststring        nrf_log_str_formatter.o
    0x0002ca1a   0x00000002   PAD
    0x0002ca1c   0x000001cf   Data   RO         4532    .conststring        nrf_sdh_ble.o
    0x0002cbeb   0x00000001   PAD
    0x0002cbec   0x0000000d   Data   RO         1221    .conststrlit        nrf_ble_gatt.o
    0x0002cbf9   0x00000003   PAD
    0x0002cbfc   0x00000008   Data   RO         1351    .conststrlit        ble_nus.o
    0x0002cc04   0x00000006   Data   RO         1426    .conststrlit        nrf_drv_clock.o
    0x0002cc0a   0x00000002   PAD
    0x0002cc0c   0x00000006   Data   RO         1608    .conststrlit        nrfx_clock.o
    0x0002cc12   0x00000002   PAD
    0x0002cc14   0x00000007   Data   RO         1763    .conststrlit        nrfx_gpiote.o
    0x0002cc1b   0x00000001   PAD
    0x0002cc1c   0x00000004   Data   RO         2015    .conststrlit        nrfx_prs.o
    0x0002cc20   0x00000005   Data   RO         2088    .conststrlit        nrfx_uart.o
    0x0002cc25   0x00000003   PAD
    0x0002cc28   0x00000006   Data   RO         2267    .conststrlit        nrfx_uarte.o
    0x0002cc2e   0x00000002   PAD
    0x0002cc30   0x0000000d   Data   RO         3381    .conststrlit        nrf_fstorage.o
    0x0002cc3d   0x00000003   PAD
    0x0002cc40   0x0000000e   Data   RO         3467    .conststrlit        nrf_fstorage_sd.o
    0x0002cc4e   0x00000002   PAD
    0x0002cc50   0x00000009   Data   RO         3642    .conststrlit        nrf_pwr_mgmt.o
    0x0002cc59   0x00000003   PAD
    0x0002cc5c   0x00000018   Data   RO         3947    .conststrlit        nrf_log_frontend.o
    0x0002cc74   0x00000008   Data   RO         4419    .conststrlit        nrf_sdh.o
    0x0002cc7c   0x0000000c   Data   RO         4533    .conststrlit        nrf_sdh_ble.o
    0x0002cc88   0x0000000c   Data   RO         4576    .conststrlit        nrf_sdh_soc.o
    0x0002cc94   0x00000020   Data   RO         4941    Region$$Table       anon$$obj.o
    0x0002ccb4   0x00000008   Data   RO         1222    log_const_data      nrf_ble_gatt.o
    0x0002ccbc   0x00000008   Data   RO         1352    log_const_data      ble_nus.o
    0x0002ccc4   0x00000008   Data   RO         1427    log_const_data      nrf_drv_clock.o
    0x0002cccc   0x00000008   Data   RO         1610    log_const_data      nrfx_clock.o
    0x0002ccd4   0x00000008   Data   RO         1764    log_const_data      nrfx_gpiote.o
    0x0002ccdc   0x00000008   Data   RO         2017    log_const_data      nrfx_prs.o
    0x0002cce4   0x00000008   Data   RO         2089    log_const_data      nrfx_uart.o
    0x0002ccec   0x00000008   Data   RO         2268    log_const_data      nrfx_uarte.o
    0x0002ccf4   0x00000008   Data   RO         3382    log_const_data      nrf_fstorage.o
    0x0002ccfc   0x00000008   Data   RO         3470    log_const_data      nrf_fstorage_sd.o
    0x0002cd04   0x00000008   Data   RO         3644    log_const_data      nrf_pwr_mgmt.o
    0x0002cd0c   0x00000010   Data   RO         3950    log_const_data      nrf_log_frontend.o
    0x0002cd1c   0x00000008   Data   RO         4421    log_const_data      nrf_sdh.o
    0x0002cd24   0x00000008   Data   RO         4535    log_const_data      nrf_sdh_ble.o
    0x0002cd2c   0x00000008   Data   RO         4577    log_const_data      nrf_sdh_soc.o
    0x0002cd34   0x00000018   Data   RO         3952    nrf_balloc          nrf_log_frontend.o
    0x0002cd4c   0x00000008   Data   RO          996    sdh_ble_observers0  ble_conn_state.o
    0x0002cd54   0x00000010   Data   RO          100    sdh_ble_observers1  main.o
    0x0002cd64   0x00000008   Data   RO          676    sdh_ble_observers1  bsp_btn_ble.o
    0x0002cd6c   0x00000008   Data   RO          916    sdh_ble_observers1  ble_conn_params.o
    0x0002cd74   0x00000010   Data   RO          101    sdh_ble_observers2  main.o
    0x0002cd84   0x00000008   Data   RO          102    sdh_ble_observers3  main.o
    0x0002cd8c   0x00000008   Data   RO         3472    sdh_req_observers0  nrf_fstorage_sd.o
    0x0002cd94   0x00000008   Data   RO         1429    sdh_soc_observers0  nrf_drv_clock.o
    0x0002cd9c   0x00000008   Data   RO         3473    sdh_soc_observers0  nrf_fstorage_sd.o
    0x0002cda4   0x00000008   Data   RO          103    sdh_soc_observers1  main.o
    0x0002cdac   0x00000008   Data   RO         4537    sdh_stack_observers0  nrf_sdh_ble.o
    0x0002cdb4   0x00000008   Data   RO         4579    sdh_stack_observers0  nrf_sdh_soc.o
    0x0002cdbc   0x00000008   Data   RO         1430    sdh_state_observers0  nrf_drv_clock.o
    0x0002cdc4   0x00000008   Data   RO         3474    sdh_state_observers0  nrf_fstorage_sd.o


    Execution Region RW_IRAM1 (Base: 0x20002a98, Size: 0x00003108, Max: 0x0000d568, ABSOLUTE, COMPRESSED[0x00000058])

    Base Addr    Size         Type   Attr      Idx    E Section Name        Object

    0x20002a98   0x00000004   Data   RW           14    .data               system_nrf52.o
    0x20002a9c   0x00000008   Data   RW           97    .data               main.o
    0x20002aa4   0x00000028   Data   RW           98    .data               main.o
    0x20002acc   0x00000004   Data   RW           99    .data               main.o
    0x20002ad0   0x00000010   Data   RW          578    .data               bsp.o
    0x20002ae0   0x00000008   Data   RW          675    .data               bsp_btn_ble.o
    0x20002ae8   0x00000008   Data   RW          915    .data               ble_conn_params.o
    0x20002af0   0x0000000c   Data   RW         1546    .data               nrf_drv_uart.o
    0x20002afc   0x00000008   Data   RW         1609    .data               nrfx_clock.o
    0x20002b04   0x00000008   Data   RW         2016    .data               nrfx_prs.o
    0x20002b0c   0x00000004   PAD
    0x20002b10   0x00000020   Data   RW         2397    .data               app_button.o
    0x20002b30   0x00000014   Data   RW         2681    .data               app_timer.o
    0x20002b44   0x0000001c   Data   RW         2832    .data               app_uart_fifo.o
    0x20002b60   0x00000014   Data   RW         3468    .data               nrf_fstorage_sd.o
    0x20002b74   0x00000008   Data   RW         3469    .data               nrf_fstorage_sd.o
    0x20002b7c   0x00000008   Data   RW         3643    .data               nrf_pwr_mgmt.o
    0x20002b84   0x00000004   Data   RW         3762    .data               retarget.o
    0x20002b88   0x00000001   Data   RW         3802    .data               nrf_log_backend_rtt.o
    0x20002b89   0x00000003   PAD
    0x20002b8c   0x0000000c   Data   RW         3890    .data               nrf_log_default_backends.o
    0x20002b98   0x00000008   Data   RW         3948    .data               nrf_log_frontend.o
    0x20002ba0   0x00000008   Data   RW         3949    .data               nrf_log_frontend.o
    0x20002ba8   0x00000040   Data   RW         4107    .data               nrf_log_str_formatter.o
    0x20002be8   0x00000003   Data   RW         4420    .data               nrf_sdh.o
    0x20002beb   0x00000001   Data   RW         4534    .data               nrf_sdh_ble.o
    0x20002bec   0x00000004   Data   RW         1223    log_dynamic_data    nrf_ble_gatt.o
    0x20002bf0   0x00000004   Data   RW         1353    log_dynamic_data    ble_nus.o
    0x20002bf4   0x00000004   Data   RW         1428    log_dynamic_data    nrf_drv_clock.o
    0x20002bf8   0x00000004   Data   RW         1611    log_dynamic_data    nrfx_clock.o
    0x20002bfc   0x00000004   Data   RW         1765    log_dynamic_data    nrfx_gpiote.o
    0x20002c00   0x00000004   Data   RW         2018    log_dynamic_data    nrfx_prs.o
    0x20002c04   0x00000004   Data   RW         2090    log_dynamic_data    nrfx_uart.o
    0x20002c08   0x00000004   Data   RW         2269    log_dynamic_data    nrfx_uarte.o
    0x20002c0c   0x00000004   Data   RW         3383    log_dynamic_data    nrf_fstorage.o
    0x20002c10   0x00000004   Data   RW         3471    log_dynamic_data    nrf_fstorage_sd.o
    0x20002c14   0x00000004   Data   RW         3645    log_dynamic_data    nrf_pwr_mgmt.o
    0x20002c18   0x00000008   Data   RW         3951    log_dynamic_data    nrf_log_frontend.o
    0x20002c20   0x00000004   Data   RW         4422    log_dynamic_data    nrf_sdh.o
    0x20002c24   0x00000004   Data   RW         4536    log_dynamic_data    nrf_sdh_ble.o
    0x20002c28   0x00000004   Data   RW         4578    log_dynamic_data    nrf_sdh_soc.o
    0x20002c2c   0x000003cc   Zero   RW           95    .bss                main.o
    0x20002ff8   0x00000020   Zero   RW          573    .bss                bsp.o
    0x20003018   0x00000020   Zero   RW          574    .bss                bsp.o
    0x20003038   0x0000000c   Zero   RW          575    .bss                bsp.o
    0x20003044   0x00000020   Zero   RW          576    .bss                bsp.o
    0x20003064   0x00000050   Zero   RW          914    .bss                ble_conn_params.o
    0x200030b4   0x00000078   Zero   RW          995    .bss                ble_conn_state.o
    0x2000312c   0x00000014   Zero   RW         1421    .bss                nrf_drv_clock.o
    0x20003140   0x0000005c   Zero   RW         1758    .bss                nrfx_gpiote.o
    0x2000319c   0x0000002c   Zero   RW         2083    .bss                nrfx_uart.o
    0x200031c8   0x00000024   Zero   RW         2262    .bss                nrfx_uarte.o
    0x200031ec   0x00000020   Zero   RW         2395    .bss                app_button.o
    0x2000320c   0x0000010c   Zero   RW         2679    .bss                app_timer.o
    0x20003318   0x00000020   Zero   RW         2830    .bss                app_uart_fifo.o
    0x20003338   0x0000000c   Zero   RW         2907    .bss                app_util_platform.o
    0x20003344   0x000000a0   Zero   RW         3464    .bss                nrf_fstorage_sd.o
    0x200033e4   0x0000000c   Zero   RW         3639    .bss                nrf_pwr_mgmt.o
    0x200033f0   0x00000040   Zero   RW         3799    .bss                nrf_log_backend_rtt.o
    0x20003430   0x000000c0   Zero   RW         3945    .bss                nrf_log_frontend.o
    0x200034f0   0x00000424   Zero   RW         3946    .bss                nrf_log_frontend.o
    0x20003914   0x00000288   Zero   RW         4179    .bss                segger_rtt.o
    0x20003b9c   0x00000004   PAD
    0x20003ba0   0x00002000   Zero   RW            1    STACK               arm_startup_nrf52.o


==============================================================================

Image component sizes


      Code (inc. data)   RO Data    RW Data    ZI Data      Debug   Object Name

       440         36          8         32         32      13190   app_button.o
        22          0          0          0          0       2485   app_error.o
       124         42          0          0          0       3934   app_error_weak.o
       118          0          0          0          0       5110   app_fifo.o
      1506        118          6         20        268      48483   app_timer.o
       524         60         32         28         32      21254   app_uart_fifo.o
       124         14          0          0         12       6510   app_util_platform.o
        36          8        512          0       8192        984   arm_startup_nrf52.o
      1314          0          0          0          0      38352   ble_advdata.o
      1116          6          0          0          0      13312   ble_advertising.o
       636         44          8          8         80       9375   ble_conn_params.o
       360         10          8          0        120       6935   ble_conn_state.o
        72          0          0          0          0       1676   ble_link_ctx_manager.o
       920          4         32          4          0       8992   ble_nus.o
         8          0          0          0          0       1486   ble_srv_common.o
       358         40          8          0          0      18851   boards.o
       982         82         44         16        108      15611   bsp.o
       252         10          8          8          0       4896   bsp_btn_ble.o
      1360        288         72         52        972     162284   main.o
       244          0          0          0          0       5725   nrf_atfifo.o
        64          0          0          0          0       3020   nrf_atflags.o
       306          0          0          0          0       8167   nrf_atomic.o
       164          0          0          0          0       3700   nrf_balloc.o
       922        254        205          4          0      37206   nrf_ble_gatt.o
       276          0          0          0          0       4773   nrf_ble_qwr.o
       276         34         30          4         20      37606   nrf_drv_clock.o
       200         26          0         12          0      17836   nrf_drv_uart.o
        50          0          0          0          0       3589   nrf_fprintf.o
       850          4         16          0          0       5558   nrf_fprintf_format.o
        80         10         21          4          0       2704   nrf_fstorage.o
       484         42         62         32        160       9833   nrf_fstorage_sd.o
       112         18         18          1         64       6481   nrf_log_backend_rtt.o
       200          0          0          0          0      10859   nrf_log_backend_serial.o
        28          6          0         12          0       3250   nrf_log_default_backends.o
      1490        118         64         24       1252      30273   nrf_log_frontend.o
       566        108        102         64          0       5888   nrf_log_str_formatter.o
       330          0          0          0          0       9755   nrf_memobj.o
       108         16         53         12         12      33291   nrf_pwr_mgmt.o
       660         60        104          7          0      43360   nrf_sdh.o
       756        224        539          5          0       6105   nrf_sdh_ble.o
        60          4         56          4          0       2624   nrf_sdh_soc.o
        78          0          0          0          0       2836   nrf_section_iter.o
        76         10       1319          0          0       2803   nrf_strerror.o
       222         28         14         12          0      41272   nrfx_clock.o
      1226         92         19          4         92      58766   nrfx_gpiote.o
        94         16         12         12          0       3921   nrfx_prs.o
      1362         36         17          4         44      31658   nrfx_uart.o
      1200         38         18          4         36      24149   nrfx_uarte.o
        14          0          0          4          0       2922   retarget.o
       378         34          0          0        648       9133   segger_rtt.o
       792         68          0          4          0      63050   system_nrf52.o

    ----------------------------------------------------------------------
     23982       2008       3492        404      12148     915833   Object Totals
         0          0         32          0          0          0   (incl. Generated)
        42          0         53          7          4          0   (incl. Padding)

    ----------------------------------------------------------------------

      Code (inc. data)   RO Data    RW Data    ZI Data      Debug   Library Member Name

        86          0          0          0          0          0   __dczerorl2.o
         8          4        133          0          0         68   ctype_o.o
         0          0          0          0          0          0   entry.o
         0          0          0          0          0          0   entry10a.o
         0          0          0          0          0          0   entry11a.o
         8          4          0          0          0          0   entry2.o
         4          0          0          0          0          0   entry5.o
         0          0          0          0          0          0   entry7b.o
         0          0          0          0          0          0   entry8b.o
         8          4          0          0          0          0   entry9a.o
        30          0          0          0          0          0   handlers.o
        36          8          0          0          0         68   init.o
        30          0          0          0          0         68   llshl.o
        32          0          0          0          0         68   llushr.o
        36          0          0          0          0         68   memcpya.o
        36          0          0          0          0        108   memseta.o
        50          8          0          0          0        152   printfb.o
        18          0          0          0          0         68   strcpy.o
        14          0          0          0          0         68   strlen.o
        98          0          0          0          0         92   uldiv.o

    ----------------------------------------------------------------------
       498         28        136          0          0        828   Library Totals
         4          0          3          0          0          0   (incl. Padding)

    ----------------------------------------------------------------------

      Code (inc. data)   RO Data    RW Data    ZI Data      Debug   Library Name

       494         28        133          0          0        828   mc_w.l

    ----------------------------------------------------------------------
       498         28        136          0          0        828   Library Totals

    ----------------------------------------------------------------------

==============================================================================


      Code (inc. data)   RO Data    RW Data    ZI Data      Debug   

     24480       2036       3628        404      12148     887233   Grand Totals
     24480       2036       3628         88      12148     887233   ELF Image Totals (compressed)
     24480       2036       3628         88          0          0   ROM Totals

==============================================================================

    Total RO  Size (Code + RO Data)                28108 (  27.45kB)
    Total RW  Size (RW Data + ZI Data)             12552 (  12.26kB)
    Total ROM Size (Code + RO Data + RW Data)      28196 (  27.54kB)

==============================================================================

